Component: ARM Compiler 5.06 update 6 (build 750) Tool: armlink [4d35ed]

==============================================================================

Section Cross References

    main.o(i.Task_Main) refers to delay.o(i.delay_ms) for delay_ms
    main.o(i.Task_Start) refers to os_cpu_c.o(i.OS_CPU_SysTickInit) for OS_CPU_SysTickInit
    main.o(i.Task_Start) refers to os_cpu_a.o(.text) for OS_CPU_SR_Save
    main.o(i.Task_Start) refers to os_task.o(i.OSTaskCreate) for OSTaskCreate
    main.o(i.Task_Start) refers to os_task.o(i.OSTaskSuspend) for OSTaskSuspend
    main.o(i.Task_Start) refers to main.o(.bss) for .bss
    main.o(i.Task_Start) refers to main.o(i.Task_Main) for Task_Main
    main.o(i.Task_Start) refers to led.o(i.Task_LED) for Task_LED
    main.o(i.main) refers to system_stm32f4xx.o(i.SystemInit) for SystemInit
    main.o(i.main) refers to hw_60.o(i.hw_init_gpio) for hw_init_gpio
    main.o(i.main) refers to conf_general.o(i.conf_general_get_default_mc_configuration) for conf_general_get_default_mc_configuration
    main.o(i.main) refers to mc_interface.o(i.mc_interface_init) for mc_interface_init
    main.o(i.main) refers to os_core.o(i.OSInit) for OSInit
    main.o(i.main) refers to os_task.o(i.OSTaskCreate) for OSTaskCreate
    main.o(i.main) refers to os_core.o(i.OSStart) for OSStart
    main.o(i.main) refers to main.o(.bss) for .bss
    main.o(i.main) refers to main.o(i.Task_Start) for Task_Start
    delay.o(i.delay) refers to os_time.o(i.OSTimeDly) for OSTimeDly
    delay.o(i.delay_ms) refers to os_time.o(i.OSTimeDly) for OSTimeDly
    led.o(i.Led_Show) refers to delay.o(i.delay_ms) for delay_ms
    led.o(i.Task_LED) refers to delay.o(i.delay_ms) for delay_ms
    encoder.o(i.TIM3_IRQHandler) refers to stm32f4xx_tim.o(i.TIM_GetITStatus) for TIM_GetITStatus
    encoder.o(i.TIM3_IRQHandler) refers to encoder.o(i.encoder_tim_isr) for encoder_tim_isr
    encoder.o(i.TIM3_IRQHandler) refers to stm32f4xx_tim.o(i.TIM_ClearITPendingBit) for TIM_ClearITPendingBit
    encoder.o(i.encoder_index_found) refers to encoder.o(.data) for .data
    encoder.o(i.encoder_init) refers to sys.o(i.GPIO_Set) for GPIO_Set
    encoder.o(i.encoder_init) refers to stm32f4xx_rcc.o(i.RCC_APB1PeriphClockCmd) for RCC_APB1PeriphClockCmd
    encoder.o(i.encoder_init) refers to stm32f4xx_tim.o(i.TIM_TimeBaseInit) for TIM_TimeBaseInit
    encoder.o(i.encoder_init) refers to stm32f4xx_tim.o(i.TIM_ITConfig) for TIM_ITConfig
    encoder.o(i.encoder_init) refers to stm32f4xx_tim.o(i.TIM_Cmd) for TIM_Cmd
    encoder.o(i.encoder_init) refers to sys.o(i.nvicEnableVector) for nvicEnableVector
    encoder.o(i.encoder_init) refers to encoder.o(.data) for .data
    encoder.o(i.encoder_read_deg) refers to encoder.o(.data) for .data
    encoder.o(i.encoder_tim_isr) refers to stm32f4xx_gpio.o(i.GPIO_ResetBits) for GPIO_ResetBits
    encoder.o(i.encoder_tim_isr) refers to stm32f4xx_gpio.o(i.GPIO_SetBits) for GPIO_SetBits
    encoder.o(i.encoder_tim_isr) refers to stm32f4xx_gpio.o(i.GPIO_ReadInputDataBit) for GPIO_ReadInputDataBit
    encoder.o(i.encoder_tim_isr) refers to utils.o(i.utils_middle_of_3_int) for utils_middle_of_3_int
    encoder.o(i.encoder_tim_isr) refers to encoder.o(.data) for .data
    mc_interface.o(i.mc_interface_brake_now) refers to mcpwm_foc.o(i.mcpwm_foc_set_duty) for mcpwm_foc_set_duty
    mc_interface.o(i.mc_interface_brake_now) refers to mc_interface.o(.bss) for .bss
    mc_interface.o(i.mc_interface_fault_stop) refers to mcpwm_foc.o(i.mcpwm_foc_is_dccal_done) for mcpwm_foc_is_dccal_done
    mc_interface.o(i.mc_interface_fault_stop) refers to os_core.o(i.OSSchedLock) for OSSchedLock
    mc_interface.o(i.mc_interface_fault_stop) refers to os_core.o(i.OSSchedUnlock) for OSSchedUnlock
    mc_interface.o(i.mc_interface_fault_stop) refers to mcpwm_foc.o(i.mcpwm_foc_get_tot_current) for mcpwm_foc_get_tot_current
    mc_interface.o(i.mc_interface_fault_stop) refers to mcpwm_foc.o(i.mcpwm_foc_get_tot_current_filtered) for mcpwm_foc_get_tot_current_filtered
    mc_interface.o(i.mc_interface_fault_stop) refers to mcpwm_foc.o(i.mcpwm_foc_get_duty_cycle_now) for mcpwm_foc_get_duty_cycle_now
    mc_interface.o(i.mc_interface_fault_stop) refers to mcpwm_foc.o(i.mcpwm_foc_get_rpm) for mcpwm_foc_get_rpm
    mc_interface.o(i.mc_interface_fault_stop) refers to mcpwm_foc.o(i.mcpwm_foc_get_tachometer_value) for mcpwm_foc_get_tachometer_value
    mc_interface.o(i.mc_interface_fault_stop) refers to f2d.o(.text) for __aeabi_f2d
    mc_interface.o(i.mc_interface_fault_stop) refers to logf.o(i.logf) for logf
    mc_interface.o(i.mc_interface_fault_stop) refers to drv8301.o(i.drv8301_read_faults) for drv8301_read_faults
    mc_interface.o(i.mc_interface_fault_stop) refers to mcpwm_foc.o(i.mcpwm_foc_stop_pwm) for mcpwm_foc_stop_pwm
    mc_interface.o(i.mc_interface_fault_stop) refers to mc_interface.o(.data) for .data
    mc_interface.o(i.mc_interface_fault_stop) refers to mc_interface.o(.bss) for .bss
[...]
    Libraries\\STM32F4xx_StdPeriph_Driver\\src\\stm32f4xx_can.c 0x00000000   Number         0  stm32f4xx_can.o ABSOLUTE
    Libraries\\STM32F4xx_StdPeriph_Driver\\src\\stm32f4xx_dma.c 0x00000000   Number         0  stm32f4xx_dma.o ABSOLUTE
    Libraries\\STM32F4xx_StdPeriph_Driver\\src\\stm32f4xx_exti.c 0x00000000   Number         0  stm32f4xx_exti.o ABSOLUTE
    Libraries\\STM32F4xx_StdPeriph_Driver\\src\\stm32f4xx_flash.c 0x00000000   Number         0  stm32f4xx_flash.o ABSOLUTE
    Libraries\\STM32F4xx_StdPeriph_Driver\\src\\stm32f4xx_gpio.c 0x00000000   Number         0  stm32f4xx_gpio.o ABSOLUTE
    Libraries\\STM32F4xx_StdPeriph_Driver\\src\\stm32f4xx_rcc.c 0x00000000   Number         0  stm32f4xx_rcc.o ABSOLUTE
    Libraries\\STM32F4xx_StdPeriph_Driver\\src\\stm32f4xx_tim.c 0x00000000   Number         0  stm32f4xx_tim.o ABSOLUTE
    Libraries\\STM32F4xx_StdPeriph_Driver\\src\\stm32f4xx_usart.c 0x00000000   Number         0  stm32f4xx_usart.o ABSOLUTE
    Libraries\\STM32F4xx_StdPeriph_Driver\\src\\stm32f4xx_wwdg.c 0x00000000   Number         0  stm32f4xx_wwdg.o ABSOLUTE
    USER\SRC\delay.c                         0x00000000   Number         0  delay.o ABSOLUTE
    USER\SRC\encoder.c                       0x00000000   Number         0  encoder.o ABSOLUTE
    USER\SRC\led.c                           0x00000000   Number         0  led.o ABSOLUTE
    USER\SRC\main.c                          0x00000000   Number         0  main.o ABSOLUTE
    USER\SRC\mc_interface.c                  0x00000000   Number         0  mc_interface.o ABSOLUTE
    USER\SRC\mcpwm_foc.c                     0x00000000   Number         0  mcpwm_foc.o ABSOLUTE
    USER\\SRC\\delay.c                       0x00000000   Number         0  delay.o ABSOLUTE
    USER\\SRC\\encoder.c                     0x00000000   Number         0  encoder.o ABSOLUTE
    USER\\SRC\\led.c                         0x00000000   Number         0  led.o ABSOLUTE
    USER\\SRC\\main.c                        0x00000000   Number         0  main.o ABSOLUTE
    USER\\SRC\\mc_interface.c                0x00000000   Number         0  mc_interface.o ABSOLUTE
    USER\\SRC\\mcpwm_foc.c                   0x00000000   Number         0  mcpwm_foc.o ABSOLUTE
    conf\\conf_general.c                     0x00000000   Number         0  conf_general.o ABSOLUTE
    conf\conf_general.c                      0x00000000   Number         0  conf_general.o ABSOLUTE
    dc.s                                     0x00000000   Number         0  dc.o ABSOLUTE
    handlers.s                               0x00000000   Number         0  handlers.o ABSOLUTE
    hwconf\\drv8301.c                        0x00000000   Number         0  drv8301.o ABSOLUTE
    hwconf\\hw_60.c                          0x00000000   Number         0  hw_60.o ABSOLUTE
    hwconf\drv8301.c                         0x00000000   Number         0  drv8301.o ABSOLUTE
    hwconf\hw_60.c                           0x00000000   Number         0  hw_60.o ABSOLUTE
    init.s                                   0x00000000   Number         0  init.o ABSOLUTE
    uCOSII\CORE\os_core.c                    0x00000000   Number         0  os_core.o ABSOLUTE
    uCOSII\CORE\os_flag.c                    0x00000000   Number         0  os_flag.o ABSOLUTE
    uCOSII\CORE\os_mbox.c                    0x00000000   Number         0  os_mbox.o ABSOLUTE
    uCOSII\CORE\os_mem.c                     0x00000000   Number         0  os_mem.o ABSOLUTE
    uCOSII\CORE\os_mutex.c                   0x00000000   Number         0  os_mutex.o ABSOLUTE
    uCOSII\CORE\os_q.c                       0x00000000   Number         0  os_q.o ABSOLUTE
    uCOSII\CORE\os_sem.c                     0x00000000   Number         0  os_sem.o ABSOLUTE
    uCOSII\CORE\os_task.c                    0x00000000   Number         0  os_task.o ABSOLUTE
    uCOSII\CORE\os_time.c                    0x00000000   Number         0  os_time.o ABSOLUTE
    uCOSII\CORE\os_tmr.c                     0x00000000   Number         0  os_tmr.o ABSOLUTE
    uCOSII\PORT\os_cpu_a.asm                 0x00000000   Number         0  os_cpu_a.o ABSOLUTE
    uCOSII\PORT\os_cpu_c.c                   0x00000000   Number         0  os_cpu_c.o ABSOLUTE
    uCOSII\PORT\os_dbg.c                     0x00000000   Number         0  os_dbg.o ABSOLUTE
    uCOSII\\PORT\\os_cpu_c.c                 0x00000000   Number         0  os_cpu_c.o ABSOLUTE
    RESET                                    0x08000000   Section      392  startup_stm32f4xx.o(RESET)
    .ARM.Collect$$$$00000000                 0x08000188   Section        0  entry.o(.ARM.Collect$$$$00000000)
    .ARM.Collect$$$$00000001                 0x08000188   Section        4  entry2.o(.ARM.Collect$$$$00000001)
    .ARM.Collect$$$$00000004                 0x0800018c   Section        4  entry5.o(.ARM.Collect$$$$00000004)
    .ARM.Collect$$$$00000008                 0x08000190   Section        0  entry7b.o(.ARM.Collect$$$$00000008)
    .ARM.Collect$$$$0000000A                 0x08000190   Section        0  entry8b.o(.ARM.Collect$$$$0000000A)
    .ARM.Collect$$$$0000000B                 0x08000190   Section        8  entry9a.o(.ARM.Collect$$$$0000000B)
    .ARM.Collect$$$$0000000D                 0x08000198   Section        0  entry10a.o(.ARM.Collect$$$$0000000D)
    .ARM.Collect$$$$0000000F                 0x08000198   Section        0  entry11a.o(.ARM.Collect$$$$0000000F)
    .ARM.Collect$$$$00002712                 0x08000198   Section        4  entry2.o(.ARM.Collect$$$$00002712)
    __lit__00000000                          0x08000198   Data           4  entry2.o(.ARM.Collect$$$$00002712)
    .text                                    0x0800019c   Section       36  startup_stm32f4xx.o(.text)
    $v0                                      0x0800019c   Number         0  startup_stm32f4xx.o(.text)
    .text                                    0x080001c0   Section      176  os_cpu_a.o(.text)
    $v0                                      0x080001c0   Number         0  os_cpu_a.o(.text)
    .text                                    0x08000270   Section        0  memseta.o(.text)
    .text                                    0x08000294   Section        0  f2d.o(.text)
    .text                                    0x080002ba   Section        0  frem.o(.text)
    .text                                    0x080002ba   Section        0  iusefp.o(.text)
    .text                                    0x0800030c   Section       36  init.o(.text)
    .text                                    0x08000330   Section        0  fepilogue.o(.text)
    .text                                    0x0800039e   Section        0  __dczerorl.o(.text)
    i.ADC_Cmd                                0x080003d8   Section        0  stm32f4xx_adc.o(i.ADC_Cmd)
    i.ADC_CommonInit                         0x080003ec   Section        0  stm32f4xx_adc.o(i.ADC_CommonInit)
    i.ADC_Init                               0x08000418   Section        0  stm32f4xx_adc.o(i.ADC_Init)
    i.ADC_InjectedChannelConfig              0x08000468   Section        0  stm32f4xx_adc.o(i.ADC_InjectedChannelConfig)
    i.ADC_MultiModeDMARequestAfterLastTransferCmd 0x080004c4   Section        0  stm32f4xx_adc.o(i.ADC_MultiModeDMARequestAfterLastTransferCmd)
    i.ADC_RegularChannelConfig               0x080004e0   Section        0  stm32f4xx_adc.o(i.ADC_RegularChannelConfig)
    i.ADC_TempSensorVrefintCmd               0x08000570   Section        0  stm32f4xx_adc.o(i.ADC_TempSensorVrefintCmd)
    i.DMA2_Stream4_IRQHandler                0x0800058c   Section        0  mcpwm_foc.o(i.DMA2_Stream4_IRQHandler)
    i.DMA_ClearITPendingBit                  0x080005bc   Section        0  stm32f4xx_dma.o(i.DMA_ClearITPendingBit)
    i.DMA_Cmd                                0x080005e8   Section        0  stm32f4xx_dma.o(i.DMA_Cmd)
    i.DMA_GetITStatus                        0x080005fc   Section        0  stm32f4xx_dma.o(i.DMA_GetITStatus)
    i.DMA_ITConfig                           0x0800065c   Section        0  stm32f4xx_dma.o(i.DMA_ITConfig)
    i.DMA_Init                               0x0800068c   Section        0  stm32f4xx_dma.o(i.DMA_Init)
    i.GPIO_AF_Set                            0x08000704   Section        0  sys.o(i.GPIO_AF_Set)
    i.GPIO_ReadInputDataBit                  0x0800072a   Section        0  stm32f4xx_gpio.o(i.GPIO_ReadInputDataBit)
    i.GPIO_ResetBits                         0x08000738   Section        0  stm32f4xx_gpio.o(i.GPIO_ResetBits)
    i.GPIO_Set                               0x0800073c   Section        0  sys.o(i.GPIO_Set)
    i.GPIO_SetBits                           0x080007dc   Section        0  stm32f4xx_gpio.o(i.GPIO_SetBits)
    i.GPIO_WriteBit                          0x080007e0   Section        0  stm32f4xx_gpio.o(i.GPIO_WriteBit)
    i.OSInit                                 0x080007ec   Section        0  os_core.o(i.OSInit)
    i.OSInitHookBegin                        0x08000980   Section        0  os_cpu_c.o(i.OSInitHookBegin)
    i.OSInitHookEnd                          0x08000982   Section        0  os_cpu_c.o(i.OSInitHookEnd)
    i.OSIntEnter                             0x08000984   Section        0  os_core.o(i.OSIntEnter)
    i.OSIntExit                              0x080009a0   Section        0  os_core.o(i.OSIntExit)
    i.OSSchedLock                            0x08000a10   Section        0  os_core.o(i.OSSchedLock)
    i.OSSchedUnlock                          0x08000a3c   Section        0  os_core.o(i.OSSchedUnlock)
    i.OSStart                                0x08000a78   Section        0  os_core.o(i.OSStart)
    i.OSTCBInitHook                          0x08000ab8   Section        0  os_cpu_c.o(i.OSTCBInitHook)
    i.OSTaskCreate                           0x08000abc   Section        0  os_task.o(i.OSTaskCreate)
    i.OSTaskCreateExt                        0x08000b50   Section        0  os_task.o(i.OSTaskCreateExt)
    i.OSTaskCreateHook                       0x08000c08   Section        0  os_cpu_c.o(i.OSTaskCreateHook)
    i.OSTaskIdleHook                         0x08000c0a   Section        0  os_cpu_c.o(i.OSTaskIdleHook)
    i.OSTaskNameSet                          0x08000c0c   Section        0  os_task.o(i.OSTaskNameSet)
    i.OSTaskStatHook                         0x08000c68   Section        0  os_cpu_c.o(i.OSTaskStatHook)
    i.OSTaskStkChk                           0x08000c6c   Section        0  os_task.o(i.OSTaskStkChk)
    i.OSTaskStkInit                          0x08000cf0   Section        0  os_cpu_c.o(i.OSTaskStkInit)
    i.OSTaskSuspend                          0x08000e44   Section        0  os_task.o(i.OSTaskSuspend)
    i.OSTaskSwHook                           0x08000edc   Section        0  os_cpu_c.o(i.OSTaskSwHook)
    i.OSTimeDly                              0x08000ee0   Section        0  os_time.o(i.OSTimeDly)
    i.OSTimeTick                             0x08000f4c   Section        0  os_core.o(i.OSTimeTick)
    i.OSTimeTickHook                         0x08001000   Section        0  os_cpu_c.o(i.OSTimeTickHook)
    i.OS_CPU_SysTickInit                     0x08001004   Section        0  os_cpu_c.o(i.OS_CPU_SysTickInit)
    i.OS_FlagInit                            0x08001044   Section        0  os_flag.o(i.OS_FlagInit)
    i.OS_MemClr                              0x08001094   Section        0  os_core.o(i.OS_MemClr)
    i.OS_MemInit                             0x080010ac   Section        0  os_mem.o(i.OS_MemInit)
    i.OS_QInit                               0x080010f8   Section        0  os_q.o(i.OS_QInit)
    i.OS_Sched                               0x08001138   Section        0  os_core.o(i.OS_Sched)
    i.OS_TCBInit                             0x0800119c   Section        0  os_core.o(i.OS_TCBInit)
    i.OS_TaskIdle                            0x080012d0   Section        0  os_core.o(i.OS_TaskIdle)
    i.OS_TaskStat                            0x080012ec   Section        0  os_core.o(i.OS_TaskStat)
    i.RCC_AHB1PeriphClockCmd                 0x08001394   Section        0  stm32f4xx_rcc.o(i.RCC_AHB1PeriphClockCmd)
    i.RCC_APB1PeriphClockCmd                 0x080013ac   Section        0  stm32f4xx_rcc.o(i.RCC_APB1PeriphClockCmd)
    i.RCC_APB1PeriphResetCmd                 0x080013c4   Section        0  stm32f4xx_rcc.o(i.RCC_APB1PeriphResetCmd)
    i.RCC_APB2PeriphClockCmd                 0x080013dc   Section        0  stm32f4xx_rcc.o(i.RCC_APB2PeriphClockCmd)
    i.RCC_APB2PeriphResetCmd                 0x080013f4   Section        0  stm32f4xx_rcc.o(i.RCC_APB2PeriphResetCmd)
    i.RCC_GetClocksFreq                      0x0800140c   Section        0  stm32f4xx_rcc.o(i.RCC_GetClocksFreq)
    i.SysTick_Handler                        0x080014b0   Section        0  os_cpu_c.o(i.SysTick_Handler)
    i.SystemInit                             0x080014e0   Section        0  system_stm32f4xx.o(i.SystemInit)
    i.TIM3_IRQHandler                        0x080015f4   Section        0  encoder.o(i.TIM3_IRQHandler)
    i.TIM5_IRQHandler                        0x0800161c   Section        0  mcpwm_foc.o(i.TIM5_IRQHandler)
    i.TIM8_CC_IRQHandler                     0x08001788   Section        0  mcpwm_foc.o(i.TIM8_CC_IRQHandler)
    i.TIM_ARRPreloadConfig                   0x080017c0   Section        0  stm32f4xx_tim.o(i.TIM_ARRPreloadConfig)
    i.TIM_BDTRConfig                         0x080017d2   Section        0  stm32f4xx_tim.o(i.TIM_BDTRConfig)
    i.TIM_CCPreloadControl                   0x080017f6   Section        0  stm32f4xx_tim.o(i.TIM_CCPreloadControl)
    i.TIM_CCxCmd                             0x08001808   Section        0  stm32f4xx_tim.o(i.TIM_CCxCmd)
    i.TIM_CCxNCmd                            0x08001822   Section        0  stm32f4xx_tim.o(i.TIM_CCxNCmd)
    i.TIM_ClearITPendingBit                  0x0800183c   Section        0  stm32f4xx_tim.o(i.TIM_ClearITPendingBit)
    i.TIM_Cmd                                0x08001842   Section        0  stm32f4xx_tim.o(i.TIM_Cmd)
    i.TIM_CtrlPWMOutputs                     0x08001854   Section        0  stm32f4xx_tim.o(i.TIM_CtrlPWMOutputs)
    i.TIM_DeInit                             0x0800186a   Section        0  stm32f4xx_tim.o(i.TIM_DeInit)
    i.TIM_GenerateEvent                      0x08001a1e   Section        0  stm32f4xx_tim.o(i.TIM_GenerateEvent)
    i.TIM_GetITStatus                        0x08001a22   Section        0  stm32f4xx_tim.o(i.TIM_GetITStatus)
    i.TIM_ITConfig                           0x08001a38   Section        0  stm32f4xx_tim.o(i.TIM_ITConfig)
    i.TIM_OC1Init                            0x08001a48   Section        0  stm32f4xx_tim.o(i.TIM_OC1Init)
    i.TIM_OC1PreloadConfig                   0x08001ab0   Section        0  stm32f4xx_tim.o(i.TIM_OC1PreloadConfig)
    i.TIM_OC2Init                            0x08001abc   Section        0  stm32f4xx_tim.o(i.TIM_OC2Init)
    i.TIM_OC2PreloadConfig                   0x08001b42   Section        0  stm32f4xx_tim.o(i.TIM_OC2PreloadConfig)
    i.TIM_OC3Init                            0x08001b56   Section        0  stm32f4xx_tim.o(i.TIM_OC3Init)
    i.TIM_OC3PreloadConfig                   0x08001bda   Section        0  stm32f4xx_tim.o(i.TIM_OC3PreloadConfig)
    i.TIM_OC4Init                            0x08001be6   Section        0  stm32f4xx_tim.o(i.TIM_OC4Init)
    i.TIM_OC4PreloadConfig                   0x08001c4e   Section        0  stm32f4xx_tim.o(i.TIM_OC4PreloadConfig)
    i.TIM_SelectInputTrigger                 0x08001c62   Section        0  stm32f4xx_tim.o(i.TIM_SelectInputTrigger)
    i.TIM_SelectMasterSlaveMode              0x08001c6e   Section        0  stm32f4xx_tim.o(i.TIM_SelectMasterSlaveMode)
    i.TIM_SelectOCxM                         0x08001c7e   Section        0  stm32f4xx_tim.o(i.TIM_SelectOCxM)
    i.TIM_SelectOutputTrigger                0x08001ce4   Section        0  stm32f4xx_tim.o(i.TIM_SelectOutputTrigger)
    i.TIM_SelectSlaveMode                    0x08001cf4   Section        0  stm32f4xx_tim.o(i.TIM_SelectSlaveMode)
    i.TIM_TimeBaseInit                       0x08001d04   Section        0  stm32f4xx_tim.o(i.TIM_TimeBaseInit)
    i.Task_LED                               0x08001d84   Section        0  led.o(i.Task_LED)
    i.Task_Main                              0x08001de0   Section        0  main.o(i.Task_Main)
    Task_Main                                0x08001de1   Thumb Code     8  main.o(i.Task_Main)
    i.Task_Start                             0x08001de8   Section        0  main.o(i.Task_Start)
    Task_Start                               0x08001de9   Thumb Code    52  main.o(i.Task_Start)
    i.__hardfp_floorf                        0x08001e2c   Section        0  floorf.o(i.__hardfp_floorf)
    i.__hardfp_fmodf                         0x08001e9c   Section        0  fmodf.o(i.__hardfp_fmodf)
    i.__hardfp_logf                          0x08001f4c   Section        0  logf.o(i.__hardfp_logf)
    i.__mathlib_flt_divzero                  0x080020b8   Section        0  funder.o(i.__mathlib_flt_divzero)
    i.__mathlib_flt_infnan                   0x080020cc   Section        0  funder.o(i.__mathlib_flt_infnan)
    i.__mathlib_flt_invalid                  0x080020d4   Section        0  funder.o(i.__mathlib_flt_invalid)
    i.__scatterload_copy                     0x080020e4   Section       14  handlers.o(i.__scatterload_copy)
    i.__scatterload_null                     0x080020f2   Section        2  handlers.o(i.__scatterload_null)
    i.__scatterload_zeroinit                 0x080020f4   Section       14  handlers.o(i.__scatterload_zeroinit)
    i.__set_errno                            0x08002104   Section        0  errno.o(i.__set_errno)
    i.conf_general_get_default_mc_configuration 0x08002110   Section        0  conf_general.o(i.conf_general_get_default_mc_configuration)
    i.control_current                        0x080023b8   Section        0  mcpwm_foc.o(i.control_current)
    control_current                          0x080023b9   Thumb Code  1546  mcpwm_foc.o(i.control_current)
    i.correct_encoder                        0x080029c4   Section        0  mcpwm_foc.o(i.correct_encoder)
    correct_encoder                          0x080029c5   Thumb Code    84  mcpwm_foc.o(i.correct_encoder)
    i.delay_ms                               0x08002a24   Section        0  delay.o(i.delay_ms)
    i.drv8301_init                           0x08002a40   Section        0  drv8301.o(i.drv8301_init)
    i.drv8301_read_faults                    0x08002ad8   Section        0  drv8301.o(i.drv8301_read_faults)
    i.drv8301_read_reg                       0x08002af4   Section        0  drv8301.o(i.drv8301_read_reg)
    i.drv8301_set_oc_adj                     0x08002b4c   Section        0  drv8301.o(i.drv8301_set_oc_adj)
    i.drv8301_set_oc_mode                    0x08002b6c   Section        0  drv8301.o(i.drv8301_set_oc_mode)
    i.drv8301_write_reg                      0x08002b90   Section        0  drv8301.o(i.drv8301_write_reg)
    i.encoder_index_found                    0x08002bc8   Section        0  encoder.o(i.encoder_index_found)
    i.encoder_init                           0x08002bd4   Section        0  encoder.o(i.encoder_init)
    i.encoder_read_deg                       0x08002c68   Section        0  encoder.o(i.encoder_read_deg)
    i.encoder_tim_isr                        0x08002c74   Section        0  encoder.o(i.encoder_tim_isr)
    i.hw_init_gpio                           0x08002d54   Section        0  hw_60.o(i.hw_init_gpio)
    i.hw_setup_adc_channels                  0x08002f34   Section        0  hw_60.o(i.hw_setup_adc_channels)
    i.logf                                   0x0800306c   Section        0  logf.o(i.logf)
    i.main                                   0x0800307c   Section        0  main.o(i.main)
    i.mc_interface_fault_stop                0x080030b8   Section        0  mc_interface.o(i.mc_interface_fault_stop)
    i.mc_interface_init                      0x08003298   Section        0  mc_interface.o(i.mc_interface_init)
    i.mc_interface_mc_timer_isr              0x08003584   Section        0  mc_interface.o(i.mc_interface_mc_timer_isr)
    i.mc_interface_temp_motor_filtered       0x0800371c   Section        0  mc_interface.o(i.mc_interface_temp_motor_filtered)
    i.mcpwm_foc_get_abs_motor_current        0x08003728   Section        0  mcpwm_foc.o(i.mcpwm_foc_get_abs_motor_current)
    i.mcpwm_foc_get_abs_motor_current_filtered 0x08003734   Section        0  mcpwm_foc.o(i.mcpwm_foc_get_abs_motor_current_filtered)
    i.mcpwm_foc_get_duty_cycle_now           0x08003740   Section        0  mcpwm_foc.o(i.mcpwm_foc_get_duty_cycle_now)
    i.mcpwm_foc_get_id                       0x0800374c   Section        0  mcpwm_foc.o(i.mcpwm_foc_get_id)
    i.mcpwm_foc_get_iq                       0x08003758   Section        0  mcpwm_foc.o(i.mcpwm_foc_get_iq)
    i.mcpwm_foc_get_rpm                      0x08003764   Section        0  mcpwm_foc.o(i.mcpwm_foc_get_rpm)
    i.mcpwm_foc_get_state                    0x0800377c   Section        0  mcpwm_foc.o(i.mcpwm_foc_get_state)
    i.mcpwm_foc_get_tachometer_value         0x08003788   Section        0  mcpwm_foc.o(i.mcpwm_foc_get_tachometer_value)
    i.mcpwm_foc_get_tot_current              0x080037a0   Section        0  mcpwm_foc.o(i.mcpwm_foc_get_tot_current)
    i.mcpwm_foc_get_tot_current_filtered     0x080037cc   Section        0  mcpwm_foc.o(i.mcpwm_foc_get_tot_current_filtered)
    i.mcpwm_foc_get_tot_current_in           0x080037f8   Section        0  mcpwm_foc.o(i.mcpwm_foc_get_tot_current_in)
    i.mcpwm_foc_init                         0x08003804   Section        0  mcpwm_foc.o(i.mcpwm_foc_init)
    i.mcpwm_foc_is_dccal_done                0x08003c54   Section        0  mcpwm_foc.o(i.mcpwm_foc_is_dccal_done)
    i.mcpwm_foc_stop_pwm                     0x08003c60   Section        0  mcpwm_foc.o(i.mcpwm_foc_stop_pwm)
    i.mcpwm_foc_tim_sample_int_handler       0x08003ca0   Section        0  mcpwm_foc.o(i.mcpwm_foc_tim_sample_int_handler)
    i.nvicEnableVector                       0x080046b8   Section        0  sys.o(i.nvicEnableVector)
    i.observer_update                        0x080046dc   Section        0  mcpwm_foc.o(i.observer_update)
    i.spi_exchange                           0x080048cc   Section        0  drv8301.o(i.spi_exchange)
    spi_exchange                             0x080048cd   Thumb Code   210  drv8301.o(i.spi_exchange)
    i.stop_pwm_hw                            0x080049a4   Section        0  mcpwm_foc.o(i.stop_pwm_hw)
    stop_pwm_hw                              0x080049a5   Thumb Code   110  mcpwm_foc.o(i.stop_pwm_hw)
    i.utils_angle_difference                 0x08004a1c   Section        0  utils.o(i.utils_angle_difference)
    i.utils_angle_difference_rad             0x08004a60   Section        0  utils.o(i.utils_angle_difference_rad)
    i.utils_fast_atan2                       0x08004aa4   Section        0  utils.o(i.utils_fast_atan2)
    i.utils_fast_sincos_better               0x08004b28   Section        0  utils.o(i.utils_fast_sincos_better)
    i.utils_map                              0x08004c4c   Section        0  utils.o(i.utils_map)
    i.utils_max_abs                          0x08004c66   Section        0  utils.o(i.utils_max_abs)
    i.utils_middle_of_3_int                  0x08004c7e   Section        0  utils.o(i.utils_middle_of_3_int)
    i.utils_norm_angle                       0x08004ca8   Section        0  utils.o(i.utils_norm_angle)
    i.utils_norm_angle_rad                   0x08004ce0   Section        0  utils.o(i.utils_norm_angle_rad)
    i.utils_saturate_vector_2d               0x08004d2c   Section        0  utils.o(i.utils_saturate_vector_2d)
    i.utils_truncate_number                  0x08004d88   Section        0  utils.o(i.utils_truncate_number)
    i.utils_truncate_number_abs              0x08004db4   Section        0  utils.o(i.utils_truncate_number_abs)
    i.utils_truncate_number_int              0x08004ddc   Section        0  utils.o(i.utils_truncate_number_int)
    .constdata                               0x08004df8   Section      256  os_core.o(.constdata)
    .constdata                               0x08004ef8   Section       64  logf.o(.constdata)
    logahi                                   0x08004ef8   Data          32  logf.o(.constdata)
    logalo                                   0x08004f18   Data          32  logf.o(.constdata)
    .data                                    0x20000000   Section        8  encoder.o(.data)
    index_found                              0x20000000   Data           1  encoder.o(.data)
    last_enc_angle                           0x20000004   Data           4  encoder.o(.data)
    .data                                    0x20000008   Section      104  mc_interface.o(.data)
    m_lock_enabled                           0x20000008   Data           1  mc_interface.o(.data)
    m_lock_override_once                     0x20000009   Data           1  mc_interface.o(.data)
    wrong_voltage_iterations                 0x2000000c   Data           4  mc_interface.o(.data)
    m_fault_now                              0x20000010   Data           4  mc_interface.o(.data)
    fault_vec_write                          0x20000014   Data           4  mc_interface.o(.data)
    m_ignore_iterations                      0x20000018   Data           4  mc_interface.o(.data)
    m_cycles_running                         0x2000001c   Data           4  mc_interface.o(.data)
    m_motor_current_sum                      0x20000020   Data           4  mc_interface.o(.data)
    m_input_current_sum                      0x20000024   Data           4  mc_interface.o(.data)
    m_motor_current_iterations               0x20000028   Data           4  mc_interface.o(.data)
    m_input_current_iterations               0x2000002c   Data           4  mc_interface.o(.data)
    m_motor_id_sum                           0x20000030   Data           4  mc_interface.o(.data)
    m_motor_iq_sum                           0x20000034   Data           4  mc_interface.o(.data)
    m_motor_id_iterations                    0x20000038   Data           4  mc_interface.o(.data)
    m_motor_iq_iterations                    0x2000003c   Data           4  mc_interface.o(.data)
    m_amp_seconds                            0x20000040   Data           4  mc_interface.o(.data)
    m_amp_seconds_charged                    0x20000044   Data           4  mc_interface.o(.data)
    m_watt_seconds                           0x20000048   Data           4  mc_interface.o(.data)
    m_watt_seconds_charged                   0x2000004c   Data           4  mc_interface.o(.data)
    m_position_set                           0x20000050   Data           4  mc_interface.o(.data)
    m_temp_fet                               0x20000054   Data           4  mc_interface.o(.data)
    m_temp_motor                             0x20000058   Data           4  mc_interface.o(.data)
    m_sample_len                             0x2000005c   Data           4  mc_interface.o(.data)
    m_sample_int                             0x20000060   Data           4  mc_interface.o(.data)
    m_sample_now                             0x20000064   Data           4  mc_interface.o(.data)
    m_sample_trigger                         0x20000068   Data           4  mc_interface.o(.data)
    m_last_adc_duration_sample               0x2000006c   Data           4  mc_interface.o(.data)
    .data                                    0x20000070   Section      176  mcpwm_foc.o(.data)
    using_encoder                            0x20000070   Data           1  mcpwm_foc.o(.data)
    m_init_done                              0x20000071   Data           1  mcpwm_foc.o(.data)
    m_dccal_done                             0x20000072   Data           1  mcpwm_foc.o(.data)
    m_phase_override                         0x20000073   Data           1  mcpwm_foc.o(.data)
    m_output_on                              0x20000074   Data           1  mcpwm_foc.o(.data)
    m_phase_observer_override                0x20000075   Data           1  mcpwm_foc.o(.data)
    phase_before                             0x20000078   Data           4  mcpwm_foc.o(.data)
    step_last                                0x2000007c   Data           4  mcpwm_foc.o(.data)
    duty_filtered                            0x20000080   Data           4  mcpwm_foc.o(.data)
    duty_i_term                              0x20000084   Data           4  mcpwm_foc.o(.data)
    angle_last                               0x20000088   Data           4  mcpwm_foc.o(.data)
    i_term                                   0x2000008c   Data           4  mcpwm_foc.o(.data)
    prev_error                               0x20000090   Data           4  mcpwm_foc.o(.data)
    d_filter                                 0x20000094   Data           4  mcpwm_foc.o(.data)
    i_term                                   0x20000098   Data           4  mcpwm_foc.o(.data)
    prev_error                               0x2000009c   Data           4  mcpwm_foc.o(.data)
    dt_int                                   0x200000a0   Data           4  mcpwm_foc.o(.data)
    d_filter                                 0x200000a4   Data           4  mcpwm_foc.o(.data)
    m_conf                                   0x200000a8   Data           4  mcpwm_foc.o(.data)
    m_state                                  0x200000ac   Data           4  mcpwm_foc.o(.data)
    m_control_mode                           0x200000b0   Data           4  mcpwm_foc.o(.data)
    curr0_sum                                0x200000b4   Data           4  mcpwm_foc.o(.data)
    curr1_sum                                0x200000b8   Data           4  mcpwm_foc.o(.data)
    curr2_sum                                0x200000bc   Data           4  mcpwm_foc.o(.data)
    m_curr_samples                           0x200000c0   Data           4  mcpwm_foc.o(.data)
    curr0_offset                             0x200000c4   Data           4  mcpwm_foc.o(.data)
    curr1_offset                             0x200000c8   Data           4  mcpwm_foc.o(.data)
    curr2_offset                             0x200000cc   Data           4  mcpwm_foc.o(.data)
    m_phase_now_override                     0x200000d0   Data           4  mcpwm_foc.o(.data)
    m_duty_cycle_set                         0x200000d4   Data           4  mcpwm_foc.o(.data)
    m_id_set                                 0x200000d8   Data           4  mcpwm_foc.o(.data)
    m_iq_set                                 0x200000dc   Data           4  mcpwm_foc.o(.data)
    m_openloop_speed                         0x200000e0   Data           4  mcpwm_foc.o(.data)
    m_pos_pid_set                            0x200000e4   Data           4  mcpwm_foc.o(.data)
    m_speed_pid_set_rpm                      0x200000e8   Data           4  mcpwm_foc.o(.data)
    m_phase_now_observer                     0x200000ec   Data           4  mcpwm_foc.o(.data)
    m_phase_now_observer_override            0x200000f0   Data           4  mcpwm_foc.o(.data)
    m_phase_now_encoder                      0x200000f4   Data           4  mcpwm_foc.o(.data)
    m_phase_now_encoder_no_index             0x200000f8   Data           4  mcpwm_foc.o(.data)
    m_observer_x1                            0x200000fc   Data           4  mcpwm_foc.o(.data)
    m_observer_x2                            0x20000100   Data           4  mcpwm_foc.o(.data)
    m_pll_phase                              0x20000104   Data           4  mcpwm_foc.o(.data)
    m_pll_speed                              0x20000108   Data           4  mcpwm_foc.o(.data)
    m_tachometer                             0x2000010c   Data           4  mcpwm_foc.o(.data)
    m_tachometer_abs                         0x20000110   Data           4  mcpwm_foc.o(.data)
    last_inj_adc_isr_duration                0x20000114   Data           4  mcpwm_foc.o(.data)
    m_pos_pid_now                            0x20000118   Data           4  mcpwm_foc.o(.data)
    m_gamma_now                              0x2000011c   Data           4  mcpwm_foc.o(.data)
    .data                                    0x20000120   Section       16  stm32f4xx_rcc.o(.data)
    APBAHBPrescTable                         0x20000120   Data          16  stm32f4xx_rcc.o(.data)
    .data                                    0x20000130   Section       60  os_core.o(.data)
    .data                                    0x2000016c   Section        4  os_core.o(.data)
    .data                                    0x20000170   Section        4  os_core.o(.data)
    .data                                    0x20000174   Section        4  os_core.o(.data)
    .data                                    0x20000178   Section        4  os_cpu_c.o(.data)
    .data                                    0x2000017c   Section        4  errno.o(.data)
    _errno                                   0x2000017c   Data           4  errno.o(.data)
    .bss                                     0x20000180   Section     7168  main.o(.bss)
    .bss                                     0x20001d80   Section     1728  mc_interface.o(.bss)
    m_conf                                   0x20001da0   Data         296  mc_interface.o(.bss)
    fault_vec                                0x20001ec8   Data        1400  mc_interface.o(.bss)
    .bss                                     0x20002440   Section       12  mc_interface.o(.bss)
    .bss                                     0x2000244c   Section       96  mcpwm_foc.o(.bss)
    m_motor_state                            0x2000244c   Data          96  mcpwm_foc.o(.bss)
    .bss                                     0x200024ac   Section     6788  os_core.o(.bss)
    .bss                                     0x20003f30   Section       80  os_core.o(.bss)
    .bss                                     0x20003f80   Section      120  os_core.o(.bss)
    .bss                                     0x20003ff8   Section       96  os_core.o(.bss)
    STACK                                    0x20004058   Section     1024  startup_stm32f4xx.o(STACK)

    Global Symbols

    Symbol Name                              Value     Ov Type        Size  Object(Section)

    BuildAttributes$$THM_ISAv4$E$P$D$K$B$S$7EM$VFPi3$EXTD16$VFPS$VFMA$PE$A:L22UL41UL21$X:L11$S22US41US21$IEEE1$IW$USESV6$~STKCKD$USESV7$ENUMINT$~SHL$OTIME$ROPI$IEEEX$EBA8$MICROLIB$REQ8$PRES8$EABIv2 0x00000000   Number         0  anon$$obj.o ABSOLUTE
    __ARM_use_no_argv                        0x00000000   Number         0  main.o ABSOLUTE
    __cpp_initialize__aeabi_                  - Undefined Weak Reference
    __cxa_finalize                            - Undefined Weak Reference
    _clock_init                               - Undefined Weak Reference
    _microlib_exit                            - Undefined Weak Reference
    __Vectors_Size                           0x00000188   Number         0  startup_stm32f4xx.o ABSOLUTE
    __Vectors                                0x08000000   Data           4  startup_stm32f4xx.o(RESET)
    __Vectors_End                            0x08000188   Data           0  startup_stm32f4xx.o(RESET)
    __main                                   0x08000189   Thumb Code     0  entry.o(.ARM.Collect$$$$00000000)
    _main_stk                                0x08000189   Thumb Code     0  entry2.o(.ARM.Collect$$$$00000001)
    _main_scatterload                        0x0800018d   Thumb Code     0  entry5.o(.ARM.Collect$$$$00000004)
    __main_after_scatterload                 0x08000191   Thumb Code     0  entry5.o(.ARM.Collect$$$$00000004)
    _main_clock                              0x08000191   Thumb Code     0  entry7b.o(.ARM.Collect$$$$00000008)
    _main_cpp_init                           0x08000191   Thumb Code     0  entry8b.o(.ARM.Collect$$$$0000000A)
    _main_init                               0x08000191   Thumb Code     0  entry9a.o(.ARM.Collect$$$$0000000B)
    __rt_final_cpp                           0x08000199   Thumb Code     0  entry10a.o(.ARM.Collect$$$$0000000D)
    __rt_final_exit                          0x08000199   Thumb Code     0  entry11a.o(.ARM.Collect$$$$0000000F)
    Reset_Handler                            0x0800019d   Thumb Code     8  startup_stm32f4xx.o(.text)
    NMI_Handler                              0x080001a5   Thumb Code     2  startup_stm32f4xx.o(.text)
    HardFault_Handler                        0x080001a7   Thumb Code     2  startup_stm32f4xx.o(.text)
    MemManage_Handler                        0x080001a9   Thumb Code     2  startup_stm32f4xx.o(.text)
    BusFault_Handler                         0x080001ab   Thumb Code     2  startup_stm32f4xx.o(.text)
    UsageFault_Handler                       0x080001ad   Thumb Code     2  startup_stm32f4xx.o(.text)
    SVC_Handler                              0x080001af   Thumb Code     2  startup_stm32f4xx.o(.text)
    DebugMon_Handler                         0x080001b1   Thumb Code     2  startup_stm32f4xx.o(.text)
    ADC_IRQHandler                           0x080001b7   Thumb Code     0  startup_stm32f4xx.o(.text)
    CAN1_RX0_IRQHandler                      0x080001b7   Thumb Code     0  startup_stm32f4xx.o(.text)
    CAN1_RX1_IRQHandler                      0x080001b7   Thumb Code     0  startup_stm32f4xx.o(.text)
    CAN1_SCE_IRQHandler                      0x080001b7   Thumb Code     0  startup_stm32f4xx.o(.text)
    CAN1_TX_IRQHandler                       0x080001b7   Thumb Code     0  startup_stm32f4xx.o(.text)
    CAN2_RX0_IRQHandler                      0x080001b7   Thumb Code     0  startup_stm32f4xx.o(.text)
    CAN2_RX1_IRQHandler                      0x080001b7   Thumb Code     0  startup_stm32f4xx.o(.text)
    CAN2_SCE_IRQHandler                      0x080001b7   Thumb Code     0  startup_stm32f4xx.o(.text)
    CAN2_TX_IRQHandler                       0x080001b7   Thumb Code     0  startup_stm32f4xx.o(.text)
    CRYP_IRQHandler                          0x080001b7   Thumb Code     0  startup_stm32f4xx.o(.text)
    DCMI_IRQHandler                          0x080001b7   Thumb Code     0  startup_stm32f4xx.o(.text)
    DMA1_Stream0_IRQHandler                  0x080001b7   Thumb Code     0  startup_stm32f4xx.o(.text)
    DMA1_Stream1_IRQHandler                  0x080001b7   Thumb Code     0  startup_stm32f4xx.o(.text)
    DMA1_Stream2_IRQHandler                  0x080001b7   Thumb Code     0  startup_stm32f4xx.o(.text)
    DMA1_Stream3_IRQHandler                  0x080001b7   Thumb Code     0  startup_stm32f4xx.o(.text)
    DMA1_Stream4_IRQHandler                  0x080001b7   Thumb Code     0  startup_stm32f4xx.o(.text)
    DMA1_Stream5_IRQHandler                  0x080001b7   Thumb Code     0  startup_stm32f4xx.o(.text)
    DMA1_Stream6_IRQHandler                  0x080001b7   Thumb Code     0  startup_stm32f4xx.o(.text)
    DMA1_Stream7_IRQHandler                  0x080001b7   Thumb Code     0  startup_stm32f4xx.o(.text)
    DMA2_Stream0_IRQHandler                  0x080001b7   Thumb Code     0  startup_stm32f4xx.o(.text)
    DMA2_Stream1_IRQHandler                  0x080001b7   Thumb Code     0  startup_stm32f4xx.o(.text)
    DMA2_Stream2_IRQHandler                  0x080001b7   Thumb Code     0  startup_stm32f4xx.o(.text)
    DMA2_Stream3_IRQHandler                  0x080001b7   Thumb Code     0  startup_stm32f4xx.o(.text)
    DMA2_Stream5_IRQHandler                  0x080001b7   Thumb Code     0  startup_stm32f4xx.o(.text)
    DMA2_Stream6_IRQHandler                  0x080001b7   Thumb Code     0  startup_stm32f4xx.o(.text)
    DMA2_Stream7_IRQHandler                  0x080001b7   Thumb Code     0  startup_stm32f4xx.o(.text)
    ETH_IRQHandler                           0x080001b7   Thumb Code     0  startup_stm32f4xx.o(.text)
    ETH_WKUP_IRQHandler                      0x080001b7   Thumb Code     0  startup_stm32f4xx.o(.text)
    EXTI0_IRQHandler                         0x080001b7   Thumb Code     0  startup_stm32f4xx.o(.text)
    EXTI15_10_IRQHandler                     0x080001b7   Thumb Code     0  startup_stm32f4xx.o(.text)
    EXTI1_IRQHandler                         0x080001b7   Thumb Code     0  startup_stm32f4xx.o(.text)
    EXTI2_IRQHandler                         0x080001b7   Thumb Code     0  startup_stm32f4xx.o(.text)
    EXTI3_IRQHandler                         0x080001b7   Thumb Code     0  startup_stm32f4xx.o(.text)
    EXTI4_IRQHandler                         0x080001b7   Thumb Code     0  startup_stm32f4xx.o(.text)
    EXTI9_5_IRQHandler                       0x080001b7   Thumb Code     0  startup_stm32f4xx.o(.text)
    FLASH_IRQHandler                         0x080001b7   Thumb Code     0  startup_stm32f4xx.o(.text)
    FPU_IRQHandler                           0x080001b7   Thumb Code     0  startup_stm32f4xx.o(.text)
    FSMC_IRQHandler                          0x080001b7   Thumb Code     0  startup_stm32f4xx.o(.text)
    HASH_RNG_IRQHandler                      0x080001b7   Thumb Code     0  startup_stm32f4xx.o(.text)
    I2C1_ER_IRQHandler                       0x080001b7   Thumb Code     0  startup_stm32f4xx.o(.text)
    I2C1_EV_IRQHandler                       0x080001b7   Thumb Code     0  startup_stm32f4xx.o(.text)
    I2C2_ER_IRQHandler                       0x080001b7   Thumb Code     0  startup_stm32f4xx.o(.text)
    I2C2_EV_IRQHandler                       0x080001b7   Thumb Code     0  startup_stm32f4xx.o(.text)
    I2C3_ER_IRQHandler                       0x080001b7   Thumb Code     0  startup_stm32f4xx.o(.text)
    I2C3_EV_IRQHandler                       0x080001b7   Thumb Code     0  startup_stm32f4xx.o(.text)
    OTG_FS_IRQHandler                        0x080001b7   Thumb Code     0  startup_stm32f4xx.o(.text)
    OTG_FS_WKUP_IRQHandler                   0x080001b7   Thumb Code     0  startup_stm32f4xx.o(.text)
    OTG_HS_EP1_IN_IRQHandler                 0x080001b7   Thumb Code     0  startup_stm32f4xx.o(.text)
    OTG_HS_EP1_OUT_IRQHandler                0x080001b7   Thumb Code     0  startup_stm32f4xx.o(.text)
    OTG_HS_IRQHandler                        0x080001b7   Thumb Code     0  startup_stm32f4xx.o(.text)
    OTG_HS_WKUP_IRQHandler                   0x080001b7   Thumb Code     0  startup_stm32f4xx.o(.text)
    PVD_IRQHandler                           0x080001b7   Thumb Code     0  startup_stm32f4xx.o(.text)
    RCC_IRQHandler                           0x080001b7   Thumb Code     0  startup_stm32f4xx.o(.text)
    RTC_Alarm_IRQHandler                     0x080001b7   Thumb Code     0  startup_stm32f4xx.o(.text)
    RTC_WKUP_IRQHandler                      0x080001b7   Thumb Code     0  startup_stm32f4xx.o(.text)
    SDIO_IRQHandler                          0x080001b7   Thumb Code     0  startup_stm32f4xx.o(.text)
    SPI1_IRQHandler                          0x080001b7   Thumb Code     0  startup_stm32f4xx.o(.text)
    SPI2_IRQHandler                          0x080001b7   Thumb Code     0  startup_stm32f4xx.o(.text)
    SPI3_IRQHandler                          0x080001b7   Thumb Code     0  startup_stm32f4xx.o(.text)
    TAMP_STAMP_IRQHandler                    0x080001b7   Thumb Code     0  startup_stm32f4xx.o(.text)
    TIM1_BRK_TIM9_IRQHandler                 0x080001b7   Thumb Code     0  startup_stm32f4xx.o(.text)
    TIM1_CC_IRQHandler                       0x080001b7   Thumb Code     0  startup_stm32f4xx.o(.text)
    TIM1_TRG_COM_TIM11_IRQHandler            0x080001b7   Thumb Code     0  startup_stm32f4xx.o(.text)
    TIM1_UP_TIM10_IRQHandler                 0x080001b7   Thumb Code     0  startup_stm32f4xx.o(.text)
    TIM2_IRQHandler                          0x080001b7   Thumb Code     0  startup_stm32f4xx.o(.text)
    TIM4_IRQHandler                          0x080001b7   Thumb Code     0  startup_stm32f4xx.o(.text)
    TIM6_DAC_IRQHandler                      0x080001b7   Thumb Code     0  startup_stm32f4xx.o(.text)
    TIM7_IRQHandler                          0x080001b7   Thumb Code     0  startup_stm32f4xx.o(.text)
    TIM8_BRK_TIM12_IRQHandler                0x080001b7   Thumb Code     0  startup_stm32f4xx.o(.text)
    TIM8_TRG_COM_TIM14_IRQHandler            0x080001b7   Thumb Code     0  startup_stm32f4xx.o(.text)
    TIM8_UP_TIM13_IRQHandler                 0x080001b7   Thumb Code     0  startup_stm32f4xx.o(.text)
    UART4_IRQHandler                         0x080001b7   Thumb Code     0  startup_stm32f4xx.o(.text)
    UART5_IRQHandler                         0x080001b7   Thumb Code     0  startup_stm32f4xx.o(.text)
    USART1_IRQHandler                        0x080001b7   Thumb Code     0  startup_stm32f4xx.o(.text)
    USART2_IRQHandler                        0x080001b7   Thumb Code     0  startup_stm32f4xx.o(.text)
    USART3_IRQHandler                        0x080001b7   Thumb Code     0  startup_stm32f4xx.o(.text)
    USART6_IRQHandler                        0x080001b7   Thumb Code     0  startup_stm32f4xx.o(.text)
    WWDG_IRQHandler                          0x080001b7   Thumb Code     0  startup_stm32f4xx.o(.text)
    OS_CPU_SR_Save                           0x080001c1   Thumb Code     0  os_cpu_a.o(.text)
    OS_CPU_SR_Restore                        0x080001c9   Thumb Code     0  os_cpu_a.o(.text)
    OSStartHighRdy                           0x080001cf   Thumb Code     0  os_cpu_a.o(.text)
    OSCtxSw                                  0x080001ef   Thumb Code     0  os_cpu_a.o(.text)
    OSIntCtxSw                               0x080001f9   Thumb Code     0  os_cpu_a.o(.text)
    PendSV_Handler                           0x08000203   Thumb Code     0  os_cpu_a.o(.text)
    __aeabi_memset                           0x08000271   Thumb Code    14  memseta.o(.text)
    __aeabi_memset4                          0x08000271   Thumb Code     0  memseta.o(.text)
    __aeabi_memset8                          0x08000271   Thumb Code     0  memseta.o(.text)
    __aeabi_memclr                           0x0800027f   Thumb Code     4  memseta.o(.text)
    __aeabi_memclr4                          0x0800027f   Thumb Code     0  memseta.o(.text)
    __aeabi_memclr8                          0x0800027f   Thumb Code     0  memseta.o(.text)
    _memset$wrapper                          0x08000283   Thumb Code    18  memseta.o(.text)
    __aeabi_f2d                              0x08000295   Thumb Code    38  f2d.o(.text)
    __I$use$fp                               0x080002bb   Thumb Code     0  iusefp.o(.text)
    _frem                                    0x080002bb   Thumb Code    82  frem.o(.text)
    __scatterload                            0x0800030d   Thumb Code    28  init.o(.text)
    __scatterload_rt2                        0x0800030d   Thumb Code     0  init.o(.text)
    _float_round                             0x08000331   Thumb Code    18  fepilogue.o(.text)
    _float_epilogue                          0x08000343   Thumb Code    92  fepilogue.o(.text)
    __decompress                             0x0800039f   Thumb Code     0  __dczerorl.o(.text)
    __decompress0                            0x0800039f   Thumb Code    58  __dczerorl.o(.text)
    ADC_Cmd                                  0x080003d9   Thumb Code    18  stm32f4xx_adc.o(i.ADC_Cmd)
    ADC_CommonInit                           0x080003ed   Thumb Code    36  stm32f4xx_adc.o(i.ADC_CommonInit)
    ADC_Init                                 0x08000419   Thumb Code    76  stm32f4xx_adc.o(i.ADC_Init)
    ADC_InjectedChannelConfig                0x08000469   Thumb Code    92  stm32f4xx_adc.o(i.ADC_InjectedChannelConfig)
    ADC_MultiModeDMARequestAfterLastTransferCmd 0x080004c5   Thumb Code    24  stm32f4xx_adc.o(i.ADC_MultiModeDMARequestAfterLastTransferCmd)
    ADC_RegularChannelConfig                 0x080004e1   Thumb Code   144  stm32f4xx_adc.o(i.ADC_RegularChannelConfig)
    ADC_TempSensorVrefintCmd                 0x08000571   Thumb Code    24  stm32f4xx_adc.o(i.ADC_TempSensorVrefintCmd)
    DMA2_Stream4_IRQHandler                  0x0800058d   Thumb Code    40  mcpwm_foc.o(i.DMA2_Stream4_IRQHandler)
    DMA_ClearITPendingBit                    0x080005bd   Thumb Code    28  stm32f4xx_dma.o(i.DMA_ClearITPendingBit)
    DMA_Cmd                                  0x080005e9   Thumb Code    18  stm32f4xx_dma.o(i.DMA_Cmd)
    DMA_GetITStatus                          0x080005fd   Thumb Code    74  stm32f4xx_dma.o(i.DMA_GetITStatus)
    DMA_ITConfig                             0x0800065d   Thumb Code    48  stm32f4xx_dma.o(i.DMA_ITConfig)
    DMA_Init                                 0x0800068d   Thumb Code   116  stm32f4xx_dma.o(i.DMA_Init)
    GPIO_AF_Set                              0x08000705   Thumb Code    38  sys.o(i.GPIO_AF_Set)
    GPIO_ReadInputDataBit                    0x0800072b   Thumb Code    14  stm32f4xx_gpio.o(i.GPIO_ReadInputDataBit)
    GPIO_ResetBits                           0x08000739   Thumb Code     4  stm32f4xx_gpio.o(i.GPIO_ResetBits)
    GPIO_Set                                 0x0800073d   Thumb Code   160  sys.o(i.GPIO_Set)
    GPIO_SetBits                             0x080007dd   Thumb Code     4  stm32f4xx_gpio.o(i.GPIO_SetBits)
    GPIO_WriteBit                            0x080007e1   Thumb Code    10  stm32f4xx_gpio.o(i.GPIO_WriteBit)
    OSInit                                   0x080007ed   Thumb Code   336  os_core.o(i.OSInit)
    OSInitHookBegin                          0x08000981   Thumb Code     2  os_cpu_c.o(i.OSInitHookBegin)
    OSInitHookEnd                            0x08000983   Thumb Code     2  os_cpu_c.o(i.OSInitHookEnd)
    OSIntEnter                               0x08000985   Thumb Code    22  os_core.o(i.OSIntEnter)
    OSIntExit                                0x080009a1   Thumb Code    96  os_core.o(i.OSIntExit)
    OSSchedLock                              0x08000a11   Thumb Code    38  os_core.o(i.OSSchedLock)
    OSSchedUnlock                            0x08000a3d   Thumb Code    54  os_core.o(i.OSSchedUnlock)
    OSStart                                  0x08000a79   Thumb Code    46  os_core.o(i.OSStart)
    OSTCBInitHook                            0x08000ab9   Thumb Code     2  os_cpu_c.o(i.OSTCBInitHook)
    OSTaskCreate                             0x08000abd   Thumb Code   136  os_task.o(i.OSTaskCreate)
    OSTaskCreateExt                          0x08000b51   Thumb Code   172  os_task.o(i.OSTaskCreateExt)
    OSTaskCreateHook                         0x08000c09   Thumb Code     2  os_cpu_c.o(i.OSTaskCreateHook)
    OSTaskIdleHook                           0x08000c0b   Thumb Code     2  os_cpu_c.o(i.OSTaskIdleHook)
    OSTaskNameSet                            0x08000c0d   Thumb Code    80  os_task.o(i.OSTaskNameSet)
    OSTaskStatHook                           0x08000c69   Thumb Code     2  os_cpu_c.o(i.OSTaskStatHook)
    OSTaskStkChk                             0x08000c6d   Thumb Code   122  os_task.o(i.OSTaskStkChk)
    OSTaskStkInit                            0x08000cf1   Thumb Code   338  os_cpu_c.o(i.OSTaskStkInit)
    OSTaskSuspend                            0x08000e45   Thumb Code   134  os_task.o(i.OSTaskSuspend)
    OSTaskSwHook                             0x08000edd   Thumb Code     2  os_cpu_c.o(i.OSTaskSwHook)
    OSTimeDly                                0x08000ee1   Thumb Code    88  os_time.o(i.OSTimeDly)
    OSTimeTick                               0x08000f4d   Thumb Code   172  os_core.o(i.OSTimeTick)
    OSTimeTickHook                           0x08001001   Thumb Code     2  os_cpu_c.o(i.OSTimeTickHook)
    OS_CPU_SysTickInit                       0x08001005   Thumb Code    58  os_cpu_c.o(i.OS_CPU_SysTickInit)
    OS_FlagInit                              0x08001045   Thumb Code    66  os_flag.o(i.OS_FlagInit)
    OS_MemClr                                0x08001095   Thumb Code    22  os_core.o(i.OS_MemClr)
    OS_MemInit                               0x080010ad   Thumb Code    62  os_mem.o(i.OS_MemInit)
    OS_QInit                                 0x080010f9   Thumb Code    56  os_q.o(i.OS_QInit)
    OS_Sched                                 0x08001139   Thumb Code    82  os_core.o(i.OS_Sched)
    OS_TCBInit                               0x0800119d   Thumb Code   290  os_core.o(i.OS_TCBInit)
    OS_TaskIdle                              0x080012d1   Thumb Code    22  os_core.o(i.OS_TaskIdle)
    OS_TaskStat                              0x080012ed   Thumb Code   156  os_core.o(i.OS_TaskStat)
    RCC_AHB1PeriphClockCmd                   0x08001395   Thumb Code    18  stm32f4xx_rcc.o(i.RCC_AHB1PeriphClockCmd)
    RCC_APB1PeriphClockCmd                   0x080013ad   Thumb Code    18  stm32f4xx_rcc.o(i.RCC_APB1PeriphClockCmd)
    RCC_APB1PeriphResetCmd                   0x080013c5   Thumb Code    18  stm32f4xx_rcc.o(i.RCC_APB1PeriphResetCmd)
    RCC_APB2PeriphClockCmd                   0x080013dd   Thumb Code    18  stm32f4xx_rcc.o(i.RCC_APB2PeriphClockCmd)
    RCC_APB2PeriphResetCmd                   0x080013f5   Thumb Code    18  stm32f4xx_rcc.o(i.RCC_APB2PeriphResetCmd)
    RCC_GetClocksFreq                        0x0800140d   Thumb Code   144  stm32f4xx_rcc.o(i.RCC_GetClocksFreq)
    SysTick_Handler                          0x080014b1   Thumb Code    38  os_cpu_c.o(i.SysTick_Handler)
    SystemInit                               0x080014e1   Thumb Code   238  system_stm32f4xx.o(i.SystemInit)
    TIM3_IRQHandler                          0x080015f5   Thumb Code    34  encoder.o(i.TIM3_IRQHandler)
    TIM5_IRQHandler                          0x0800161d   Thumb Code   328  mcpwm_foc.o(i.TIM5_IRQHandler)
    TIM8_CC_IRQHandler                       0x08001789   Thumb Code    44  mcpwm_foc.o(i.TIM8_CC_IRQHandler)
    TIM_ARRPreloadConfig                     0x080017c1   Thumb Code    18  stm32f4xx_tim.o(i.TIM_ARRPreloadConfig)
    TIM_BDTRConfig                           0x080017d3   Thumb Code    36  stm32f4xx_tim.o(i.TIM_BDTRConfig)
    TIM_CCPreloadControl                     0x080017f7   Thumb Code    18  stm32f4xx_tim.o(i.TIM_CCPreloadControl)
    TIM_CCxCmd                               0x08001809   Thumb Code    26  stm32f4xx_tim.o(i.TIM_CCxCmd)
    TIM_CCxNCmd                              0x08001823   Thumb Code    26  stm32f4xx_tim.o(i.TIM_CCxNCmd)
    TIM_ClearITPendingBit                    0x0800183d   Thumb Code     6  stm32f4xx_tim.o(i.TIM_ClearITPendingBit)
    TIM_Cmd                                  0x08001843   Thumb Code    18  stm32f4xx_tim.o(i.TIM_Cmd)
    TIM_CtrlPWMOutputs                       0x08001855   Thumb Code    22  stm32f4xx_tim.o(i.TIM_CtrlPWMOutputs)
    TIM_DeInit                               0x0800186b   Thumb Code   436  stm32f4xx_tim.o(i.TIM_DeInit)
    TIM_GenerateEvent                        0x08001a1f   Thumb Code     4  stm32f4xx_tim.o(i.TIM_GenerateEvent)
    TIM_GetITStatus                          0x08001a23   Thumb Code    22  stm32f4xx_tim.o(i.TIM_GetITStatus)
    TIM_ITConfig                             0x08001a39   Thumb Code    16  stm32f4xx_tim.o(i.TIM_ITConfig)
    TIM_OC1Init                              0x08001a49   Thumb Code   104  stm32f4xx_tim.o(i.TIM_OC1Init)
    TIM_OC1PreloadConfig                     0x08001ab1   Thumb Code    12  stm32f4xx_tim.o(i.TIM_OC1PreloadConfig)
    TIM_OC2Init                              0x08001abd   Thumb Code   134  stm32f4xx_tim.o(i.TIM_OC2Init)
    TIM_OC2PreloadConfig                     0x08001b43   Thumb Code    20  stm32f4xx_tim.o(i.TIM_OC2PreloadConfig)
    TIM_OC3Init                              0x08001b57   Thumb Code   132  stm32f4xx_tim.o(i.TIM_OC3Init)
    TIM_OC3PreloadConfig                     0x08001bdb   Thumb Code    12  stm32f4xx_tim.o(i.TIM_OC3PreloadConfig)
    TIM_OC4Init                              0x08001be7   Thumb Code   104  stm32f4xx_tim.o(i.TIM_OC4Init)
    TIM_OC4PreloadConfig                     0x08001c4f   Thumb Code    20  stm32f4xx_tim.o(i.TIM_OC4PreloadConfig)
    TIM_SelectInputTrigger                   0x08001c63   Thumb Code    12  stm32f4xx_tim.o(i.TIM_SelectInputTrigger)
    TIM_SelectMasterSlaveMode                0x08001c6f   Thumb Code    16  stm32f4xx_tim.o(i.TIM_SelectMasterSlaveMode)
    TIM_SelectOCxM                           0x08001c7f   Thumb Code   102  stm32f4xx_tim.o(i.TIM_SelectOCxM)
    TIM_SelectOutputTrigger                  0x08001ce5   Thumb Code    16  stm32f4xx_tim.o(i.TIM_SelectOutputTrigger)
    TIM_SelectSlaveMode                      0x08001cf5   Thumb Code    16  stm32f4xx_tim.o(i.TIM_SelectSlaveMode)
    TIM_TimeBaseInit                         0x08001d05   Thumb Code   120  stm32f4xx_tim.o(i.TIM_TimeBaseInit)
    Task_LED                                 0x08001d85   Thumb Code    86  led.o(i.Task_LED)
    __hardfp_floorf                          0x08001e2d   Thumb Code    98  floorf.o(i.__hardfp_floorf)
    __hardfp_fmodf                           0x08001e9d   Thumb Code   176  fmodf.o(i.__hardfp_fmodf)
    __hardfp_logf                            0x08001f4d   Thumb Code   320  logf.o(i.__hardfp_logf)
    __mathlib_logf                           0x08001f4d   Thumb Code     0  logf.o(i.__hardfp_logf)
    __mathlib_flt_divzero                    0x080020b9   Thumb Code    14  funder.o(i.__mathlib_flt_divzero)
    __mathlib_flt_infnan                     0x080020cd   Thumb Code     6  funder.o(i.__mathlib_flt_infnan)
    __mathlib_flt_invalid                    0x080020d5   Thumb Code    10  funder.o(i.__mathlib_flt_invalid)
    __scatterload_copy                       0x080020e5   Thumb Code    14  handlers.o(i.__scatterload_copy)
    __scatterload_null                       0x080020f3   Thumb Code     2  handlers.o(i.__scatterload_null)
    __scatterload_zeroinit                   0x080020f5   Thumb Code    14  handlers.o(i.__scatterload_zeroinit)
    __set_errno                              0x08002105   Thumb Code     6  errno.o(i.__set_errno)
    conf_general_get_default_mc_configuration 0x08002111   Thumb Code   520  conf_general.o(i.conf_general_get_default_mc_configuration)
    delay_ms                                 0x08002a25   Thumb Code    28  delay.o(i.delay_ms)
    drv8301_init                             0x08002a41   Thumb Code   146  drv8301.o(i.drv8301_init)
    drv8301_read_faults                      0x08002ad9   Thumb Code    26  drv8301.o(i.drv8301_read_faults)
    drv8301_read_reg                         0x08002af5   Thumb Code    82  drv8301.o(i.drv8301_read_reg)
    drv8301_set_oc_adj                       0x08002b4d   Thumb Code    32  drv8301.o(i.drv8301_set_oc_adj)
    drv8301_set_oc_mode                      0x08002b6d   Thumb Code    34  drv8301.o(i.drv8301_set_oc_mode)
    drv8301_write_reg                        0x08002b91   Thumb Code    50  drv8301.o(i.drv8301_write_reg)
    encoder_index_found                      0x08002bc9   Thumb Code     6  encoder.o(i.encoder_index_found)
    encoder_init                             0x08002bd5   Thumb Code   134  encoder.o(i.encoder_init)
    encoder_read_deg                         0x08002c69   Thumb Code     8  encoder.o(i.encoder_read_deg)
    encoder_tim_isr                          0x08002c75   Thumb Code   206  encoder.o(i.encoder_tim_isr)
    hw_init_gpio                             0x08002d55   Thumb Code   466  hw_60.o(i.hw_init_gpio)
    hw_setup_adc_channels                    0x08002f35   Thumb Code   300  hw_60.o(i.hw_setup_adc_channels)
    logf                                     0x0800306d   Thumb Code    16  logf.o(i.logf)
    main                                     0x0800307d   Thumb Code    50  main.o(i.main)
    mc_interface_fault_stop                  0x080030b9   Thumb Code   422  mc_interface.o(i.mc_interface_fault_stop)
    mc_interface_init                        0x08003299   Thumb Code   734  mc_interface.o(i.mc_interface_init)
    mc_interface_mc_timer_isr                0x08003585   Thumb Code   384  mc_interface.o(i.mc_interface_mc_timer_isr)
    mc_interface_temp_motor_filtered         0x0800371d   Thumb Code     8  mc_interface.o(i.mc_interface_temp_motor_filtered)
    mcpwm_foc_get_abs_motor_current          0x08003729   Thumb Code     8  mcpwm_foc.o(i.mcpwm_foc_get_abs_motor_current)
    mcpwm_foc_get_abs_motor_current_filtered 0x08003735   Thumb Code     8  mcpwm_foc.o(i.mcpwm_foc_get_abs_motor_current_filtered)
    mcpwm_foc_get_duty_cycle_now             0x08003741   Thumb Code     8  mcpwm_foc.o(i.mcpwm_foc_get_duty_cycle_now)
    mcpwm_foc_get_id                         0x0800374d   Thumb Code     8  mcpwm_foc.o(i.mcpwm_foc_get_id)
    mcpwm_foc_get_iq                         0x08003759   Thumb Code     8  mcpwm_foc.o(i.mcpwm_foc_get_iq)
    mcpwm_foc_get_rpm                        0x08003765   Thumb Code    16  mcpwm_foc.o(i.mcpwm_foc_get_rpm)
    mcpwm_foc_get_state                      0x0800377d   Thumb Code     6  mcpwm_foc.o(i.mcpwm_foc_get_state)
    mcpwm_foc_get_tachometer_value           0x08003789   Thumb Code    18  mcpwm_foc.o(i.mcpwm_foc_get_tachometer_value)
    mcpwm_foc_get_tot_current                0x080037a1   Thumb Code    40  mcpwm_foc.o(i.mcpwm_foc_get_tot_current)
    mcpwm_foc_get_tot_current_filtered       0x080037cd   Thumb Code    40  mcpwm_foc.o(i.mcpwm_foc_get_tot_current_filtered)
    mcpwm_foc_get_tot_current_in             0x080037f9   Thumb Code     8  mcpwm_foc.o(i.mcpwm_foc_get_tot_current_in)
    mcpwm_foc_init                           0x08003805   Thumb Code  1104  mcpwm_foc.o(i.mcpwm_foc_init)
    mcpwm_foc_is_dccal_done                  0x08003c55   Thumb Code     6  mcpwm_foc.o(i.mcpwm_foc_is_dccal_done)
    mcpwm_foc_stop_pwm                       0x08003c61   Thumb Code    54  mcpwm_foc.o(i.mcpwm_foc_stop_pwm)
    mcpwm_foc_tim_sample_int_handler         0x08003ca1   Thumb Code  2566  mcpwm_foc.o(i.mcpwm_foc_tim_sample_int_handler)
    nvicEnableVector                         0x080046b9   Thumb Code    36  sys.o(i.nvicEnableVector)
    observer_update                          0x080046dd   Thumb Code   466  mcpwm_foc.o(i.observer_update)
    utils_angle_difference                   0x08004a1d   Thumb Code    56  utils.o(i.utils_angle_difference)
    utils_angle_difference_rad               0x08004a61   Thumb Code    56  utils.o(i.utils_angle_difference_rad)
    utils_fast_atan2                         0x08004aa5   Thumb Code   112  utils.o(i.utils_fast_atan2)
    utils_fast_sincos_better                 0x08004b29   Thumb Code   262  utils.o(i.utils_fast_sincos_better)
    utils_map                                0x08004c4d   Thumb Code    26  utils.o(i.utils_map)
    utils_max_abs                            0x08004c67   Thumb Code    24  utils.o(i.utils_max_abs)
    utils_middle_of_3_int                    0x08004c7f   Thumb Code    42  utils.o(i.utils_middle_of_3_int)
    utils_norm_angle                         0x08004ca9   Thumb Code    52  utils.o(i.utils_norm_angle)
    utils_norm_angle_rad                     0x08004ce1   Thumb Code    64  utils.o(i.utils_norm_angle_rad)
    utils_saturate_vector_2d                 0x08004d2d   Thumb Code    82  utils.o(i.utils_saturate_vector_2d)
    utils_truncate_number                    0x08004d89   Thumb Code    44  utils.o(i.utils_truncate_number)
    utils_truncate_number_abs                0x08004db5   Thumb Code    40  utils.o(i.utils_truncate_number_abs)
    utils_truncate_number_int                0x08004ddd   Thumb Code    28  utils.o(i.utils_truncate_number_int)
    OSUnMapTbl                               0x08004df8   Data         256  os_core.o(.constdata)
    Region$$Table$$Base                      0x08004f38   Number         0  anon$$obj.o(Region$$Table)
    Region$$Table$$Limit                     0x08004f58   Number         0  anon$$obj.o(Region$$Table)
    OSCPUUsage                               0x20000130   Data           1  os_core.o(.data)
    OSStatRdy                                0x20000131   Data           1  os_core.o(.data)
    OSIntNesting                             0x20000132   Data           1  os_core.o(.data)
    OSLockNesting                            0x20000133   Data           1  os_core.o(.data)
    OSPrioCur                                0x20000134   Data           1  os_core.o(.data)
    OSPrioHighRdy                            0x20000135   Data           1  os_core.o(.data)
    OSRdyGrp                                 0x20000136   Data           1  os_core.o(.data)
    OSRunning                                0x20000137   Data           1  os_core.o(.data)
    OSTaskCtr                                0x20000138   Data           1  os_core.o(.data)
    OSTickStepState                          0x20000139   Data           1  os_core.o(.data)
    OSCtxSwCtr                               0x2000013c   Data           4  os_core.o(.data)
    OSEventFreeList                          0x20000140   Data           4  os_core.o(.data)
    OSIdleCtrMax                             0x20000144   Data           4  os_core.o(.data)
    OSIdleCtrRun                             0x20000148   Data           4  os_core.o(.data)
    OSIdleCtr                                0x2000014c   Data           4  os_core.o(.data)
    OSTCBCur                                 0x20000150   Data           4  os_core.o(.data)
    OSTCBFreeList                            0x20000154   Data           4  os_core.o(.data)
    OSTCBHighRdy                             0x20000158   Data           4  os_core.o(.data)
    OSTCBList                                0x2000015c   Data           4  os_core.o(.data)
    OSTime                                   0x20000160   Data           4  os_core.o(.data)
    OSRdyTbl                                 0x20000164   Data           8  os_core.o(.data)
    OSFlagFreeList                           0x2000016c   Data           4  os_core.o(.data)
    OSMemFreeList                            0x20000170   Data           4  os_core.o(.data)
    OSQFreeList                              0x20000174   Data           4  os_core.o(.data)
    tick_ms                                  0x20000178   Data           4  os_cpu_c.o(.data)
    START_TASK_STK                           0x20000180   Data        1024  main.o(.bss)
    MAIN_TASK_STK                            0x20000580   Data        4096  main.o(.bss)
    LED_TASK_STK                             0x20001580   Data        2048  main.o(.bss)
    ADC_Value                                0x20001d80   Data          30  mc_interface.o(.bss)
    ADC_curr_norm_value                      0x20002440   Data          12  mc_interface.o(.bss)
    OSEventTbl                               0x200024ac   Data         300  os_core.o(.bss)
    OSTaskStatStk                            0x200025d8   Data         512  os_core.o(.bss)
    OSTaskIdleStk                            0x200027d8   Data         512  os_core.o(.bss)
    OSTCBPrioTbl                             0x200029d8   Data         256  os_core.o(.bss)
    OSTCBTbl                                 0x20002ad8   Data        5208  os_core.o(.bss)
    OSFlagTbl                                0x20003f30   Data          80  os_core.o(.bss)
    OSMemTbl                                 0x20003f80   Data         120  os_core.o(.bss)
    OSQTbl                                   0x20003ff8   Data          96  os_core.o(.bss)
    __initial_sp                             0x20004458   Data           0  startup_stm32f4xx.o(STACK)



==============================================================================

Memory Map of the image

  Image Entry point : 0x08000189

  Load Region LR_IROM1 (Base: 0x08000000, Size: 0x000050d8, Max: 0x00100000, ABSOLUTE, COMPRESSED[0x00004f6c])

    Execution Region ER_IROM1 (Exec base: 0x08000000, Load base: 0x08000000, Size: 0x00004f58, Max: 0x00100000, ABSOLUTE)

    Exec Addr    Load Addr    Size         Type   Attr      Idx    E Section Name        Object

    0x08000000   0x08000000   0x00000188   Data   RO         3109    RESET               startup_stm32f4xx.o
    0x08000188   0x08000188   0x00000000   Code   RO         4106  * .ARM.Collect$$$$00000000  mc_w.l(entry.o)
    0x08000188   0x08000188   0x00000004   Code   RO         4131    .ARM.Collect$$$$00000001  mc_w.l(entry2.o)
    0x0800018c   0x0800018c   0x00000004   Code   RO         4134    .ARM.Collect$$$$00000004  mc_w.l(entry5.o)
    0x08000190   0x08000190   0x00000000   Code   RO         4136    .ARM.Collect$$$$00000008  mc_w.l(entry7b.o)
    0x08000190   0x08000190   0x00000000   Code   RO         4138    .ARM.Collect$$$$0000000A  mc_w.l(entry8b.o)
    0x08000190   0x08000190   0x00000008   Code   RO         4139    .ARM.Collect$$$$0000000B  mc_w.l(entry9a.o)
    0x08000198   0x08000198   0x00000000   Code   RO         4141    .ARM.Collect$$$$0000000D  mc_w.l(entry10a.o)
    0x08000198   0x08000198   0x00000000   Code   RO         4143    .ARM.Collect$$$$0000000F  mc_w.l(entry11a.o)
    0x08000198   0x08000198   0x00000004   Code   RO         4132    .ARM.Collect$$$$00002712  mc_w.l(entry2.o)
    0x0800019c   0x0800019c   0x00000024   Code   RO         3110    .text               startup_stm32f4xx.o
    0x080001c0   0x080001c0   0x000000b0   Code   RO         3758    .text               os_cpu_a.o
    0x08000270   0x08000270   0x00000024   Code   RO         4109    .text               mc_w.l(memseta.o)
    0x08000294   0x08000294   0x00000026   Code   RO         4113    .text               mf_w.l(f2d.o)
    0x080002ba   0x080002ba   0x00000000   Code   RO         4152    .text               mc_w.l(iusefp.o)
    0x080002ba   0x080002ba   0x00000052   Code   RO         4155    .text               mf_w.l(frem.o)
    0x0800030c   0x0800030c   0x00000024   Code   RO         4159    .text               mc_w.l(init.o)
    0x08000330   0x08000330   0x0000006e   Code   RO         4161    .text               mf_w.l(fepilogue.o)
    0x0800039e   0x0800039e   0x0000003a   Code   RO         4171    .text               mc_w.l(__dczerorl.o)
    0x080003d8   0x080003d8   0x00000012   Code   RO         2551    i.ADC_Cmd           stm32f4xx_adc.o
    0x080003ea   0x080003ea   0x00000002   PAD
    0x080003ec   0x080003ec   0x0000002c   Code   RO         2552    i.ADC_CommonInit    stm32f4xx_adc.o
    0x08000418   0x08000418   0x00000050   Code   RO         2571    i.ADC_Init          stm32f4xx_adc.o
    0x08000468   0x08000468   0x0000005c   Code   RO         2572    i.ADC_InjectedChannelConfig  stm32f4xx_adc.o
    0x080004c4   0x080004c4   0x0000001c   Code   RO         2575    i.ADC_MultiModeDMARequestAfterLastTransferCmd  stm32f4xx_adc.o
    0x080004e0   0x080004e0   0x00000090   Code   RO         2576    i.ADC_RegularChannelConfig  stm32f4xx_adc.o
    0x08000570   0x08000570   0x0000001c   Code   RO         2581    i.ADC_TempSensorVrefintCmd  stm32f4xx_adc.o
    0x0800058c   0x0800058c   0x00000030   Code   RO          436    i.DMA2_Stream4_IRQHandler  mcpwm_foc.o
    0x080005bc   0x080005bc   0x0000002c   Code   RO         1224    i.DMA_ClearITPendingBit  stm32f4xx_dma.o
    0x080005e8   0x080005e8   0x00000012   Code   RO         1225    i.DMA_Cmd           stm32f4xx_dma.o
    0x080005fa   0x080005fa   0x00000002   PAD
    0x080005fc   0x080005fc   0x00000060   Code   RO         1235    i.DMA_GetITStatus   stm32f4xx_dma.o
    0x0800065c   0x0800065c   0x00000030   Code   RO         1236    i.DMA_ITConfig      stm32f4xx_dma.o
    0x0800068c   0x0800068c   0x00000078   Code   RO         1237    i.DMA_Init          stm32f4xx_dma.o
    0x08000704   0x08000704   0x00000026   Code   RO          745    i.GPIO_AF_Set       sys.o
    0x0800072a   0x0800072a   0x0000000e   Code   RO         1426    i.GPIO_ReadInputDataBit  stm32f4xx_gpio.o
    0x08000738   0x08000738   0x00000004   Code   RO         1429    i.GPIO_ResetBits    stm32f4xx_gpio.o
    0x0800073c   0x0800073c   0x000000a0   Code   RO          746    i.GPIO_Set          sys.o
    0x080007dc   0x080007dc   0x00000004   Code   RO         1430    i.GPIO_SetBits      stm32f4xx_gpio.o
    0x080007e0   0x080007e0   0x0000000a   Code   RO         1434    i.GPIO_WriteBit     stm32f4xx_gpio.o
    0x080007ea   0x080007ea   0x00000002   PAD
    0x080007ec   0x080007ec   0x00000194   Code   RO         3114    i.OSInit            os_core.o
    0x08000980   0x08000980   0x00000002   Code   RO         3764    i.OSInitHookBegin   os_cpu_c.o
    0x08000982   0x08000982   0x00000002   Code   RO         3765    i.OSInitHookEnd     os_cpu_c.o
    0x08000984   0x08000984   0x0000001c   Code   RO         3115    i.OSIntEnter        os_core.o
    0x080009a0   0x080009a0   0x00000070   Code   RO         3116    i.OSIntExit         os_core.o
    0x08000a10   0x08000a10   0x0000002c   Code   RO         3117    i.OSSchedLock       os_core.o
    0x08000a3c   0x08000a3c   0x0000003c   Code   RO         3118    i.OSSchedUnlock     os_core.o
    0x08000a78   0x08000a78   0x00000040   Code   RO         3119    i.OSStart           os_core.o
    0x08000ab8   0x08000ab8   0x00000002   Code   RO         3766    i.OSTCBInitHook     os_cpu_c.o
    0x08000aba   0x08000aba   0x00000002   PAD
    0x08000abc   0x08000abc   0x00000094   Code   RO         3621    i.OSTaskCreate      os_task.o
    0x08000b50   0x08000b50   0x000000b8   Code   RO         3622    i.OSTaskCreateExt   os_task.o
    0x08000c08   0x08000c08   0x00000002   Code   RO         3767    i.OSTaskCreateHook  os_cpu_c.o
    0x08000c0a   0x08000c0a   0x00000002   Code   RO         3769    i.OSTaskIdleHook    os_cpu_c.o
    0x08000c0c   0x08000c0c   0x0000005c   Code   RO         3626    i.OSTaskNameSet     os_task.o
    0x08000c68   0x08000c68   0x00000002   Code   RO         3771    i.OSTaskStatHook    os_cpu_c.o
    0x08000c6a   0x08000c6a   0x00000002   PAD
    0x08000c6c   0x08000c6c   0x00000084   Code   RO         3631    i.OSTaskStkChk      os_task.o
    0x08000cf0   0x08000cf0   0x00000152   Code   RO         3772    i.OSTaskStkInit     os_cpu_c.o
    0x08000e42   0x08000e42   0x00000002   PAD
    0x08000e44   0x08000e44   0x00000098   Code   RO         3632    i.OSTaskSuspend     os_task.o
    0x08000edc   0x08000edc   0x00000002   Code   RO         3773    i.OSTaskSwHook      os_cpu_c.o
    0x08000ede   0x08000ede   0x00000002   PAD
    0x08000ee0   0x08000ee0   0x0000006c   Code   RO         3716    i.OSTimeDly         os_time.o
    0x08000f4c   0x08000f4c   0x000000b4   Code   RO         3121    i.OSTimeTick        os_core.o
    0x08001000   0x08001000   0x00000002   Code   RO         3774    i.OSTimeTickHook    os_cpu_c.o
    0x08001002   0x08001002   0x00000002   PAD
    0x08001004   0x08001004   0x00000040   Code   RO         3775    i.OS_CPU_SysTickInit  os_cpu_c.o
    0x08001044   0x08001044   0x00000050   Code   RO         3273    i.OS_FlagInit       os_flag.o
    0x08001094   0x08001094   0x00000016   Code   RO         3128    i.OS_MemClr         os_core.o
    0x080010aa   0x080010aa   0x00000002   PAD
    0x080010ac   0x080010ac   0x0000004c   Code   RO         3405    i.OS_MemInit        os_mem.o
    0x080010f8   0x080010f8   0x00000040   Code   RO         3504    i.OS_QInit          os_q.o
    0x08001138   0x08001138   0x00000064   Code   RO         3130    i.OS_Sched          os_core.o
    0x0800119c   0x0800119c   0x00000134   Code   RO         3132    i.OS_TCBInit        os_core.o
    0x080012d0   0x080012d0   0x0000001c   Code   RO         3133    i.OS_TaskIdle       os_core.o
    0x080012ec   0x080012ec   0x000000a8   Code   RO         3134    i.OS_TaskStat       os_core.o
    0x08001394   0x08001394   0x00000018   Code   RO         1523    i.RCC_AHB1PeriphClockCmd  stm32f4xx_rcc.o
    0x080013ac   0x080013ac   0x00000018   Code   RO         1532    i.RCC_APB1PeriphClockCmd  stm32f4xx_rcc.o
    0x080013c4   0x080013c4   0x00000018   Code   RO         1534    i.RCC_APB1PeriphResetCmd  stm32f4xx_rcc.o
    0x080013dc   0x080013dc   0x00000018   Code   RO         1535    i.RCC_APB2PeriphClockCmd  stm32f4xx_rcc.o
    0x080013f4   0x080013f4   0x00000018   Code   RO         1537    i.RCC_APB2PeriphResetCmd  stm32f4xx_rcc.o
    0x0800140c   0x0800140c   0x000000a4   Code   RO         1544    i.RCC_GetClocksFreq  stm32f4xx_rcc.o
    0x080014b0   0x080014b0   0x00000030   Code   RO         3776    i.SysTick_Handler   os_cpu_c.o
    0x080014e0   0x080014e0   0x00000114   Code   RO         3056    i.SystemInit        system_stm32f4xx.o
    0x080015f4   0x080015f4   0x00000028   Code   RO          245    i.TIM3_IRQHandler   encoder.o
    0x0800161c   0x0800161c   0x0000016c   Code   RO          437    i.TIM5_IRQHandler   mcpwm_foc.o
    0x08001788   0x08001788   0x00000038   Code   RO          438    i.TIM8_CC_IRQHandler  mcpwm_foc.o
    0x080017c0   0x080017c0   0x00000012   Code   RO         1808    i.TIM_ARRPreloadConfig  stm32f4xx_tim.o
    0x080017d2   0x080017d2   0x00000024   Code   RO         1809    i.TIM_BDTRConfig    stm32f4xx_tim.o
    0x080017f6   0x080017f6   0x00000012   Code   RO         1811    i.TIM_CCPreloadControl  stm32f4xx_tim.o
    0x08001808   0x08001808   0x0000001a   Code   RO         1812    i.TIM_CCxCmd        stm32f4xx_tim.o
    0x08001822   0x08001822   0x0000001a   Code   RO         1813    i.TIM_CCxNCmd       stm32f4xx_tim.o
    0x0800183c   0x0800183c   0x00000006   Code   RO         1815    i.TIM_ClearITPendingBit  stm32f4xx_tim.o
    0x08001842   0x08001842   0x00000012   Code   RO         1820    i.TIM_Cmd           stm32f4xx_tim.o
    0x08001854   0x08001854   0x00000016   Code   RO         1822    i.TIM_CtrlPWMOutputs  stm32f4xx_tim.o
    0x0800186a   0x0800186a   0x000001b4   Code   RO         1825    i.TIM_DeInit        stm32f4xx_tim.o
    0x08001a1e   0x08001a1e   0x00000004   Code   RO         1834    i.TIM_GenerateEvent  stm32f4xx_tim.o
    0x08001a22   0x08001a22   0x00000016   Code   RO         1841    i.TIM_GetITStatus   stm32f4xx_tim.o
    0x08001a38   0x08001a38   0x00000010   Code   RO         1845    i.TIM_ITConfig      stm32f4xx_tim.o
    0x08001a48   0x08001a48   0x00000068   Code   RO         1849    i.TIM_OC1Init       stm32f4xx_tim.o
    0x08001ab0   0x08001ab0   0x0000000c   Code   RO         1852    i.TIM_OC1PreloadConfig  stm32f4xx_tim.o
    0x08001abc   0x08001abc   0x00000086   Code   RO         1854    i.TIM_OC2Init       stm32f4xx_tim.o
    0x08001b42   0x08001b42   0x00000014   Code   RO         1857    i.TIM_OC2PreloadConfig  stm32f4xx_tim.o
    0x08001b56   0x08001b56   0x00000084   Code   RO         1859    i.TIM_OC3Init       stm32f4xx_tim.o
    0x08001bda   0x08001bda   0x0000000c   Code   RO         1862    i.TIM_OC3PreloadConfig  stm32f4xx_tim.o
    0x08001be6   0x08001be6   0x00000068   Code   RO         1864    i.TIM_OC4Init       stm32f4xx_tim.o
    0x08001c4e   0x08001c4e   0x00000014   Code   RO         1866    i.TIM_OC4PreloadConfig  stm32f4xx_tim.o
    0x08001c62   0x08001c62   0x0000000c   Code   RO         1874    i.TIM_SelectInputTrigger  stm32f4xx_tim.o
    0x08001c6e   0x08001c6e   0x00000010   Code   RO         1875    i.TIM_SelectMasterSlaveMode  stm32f4xx_tim.o
    0x08001c7e   0x08001c7e   0x00000066   Code   RO         1876    i.TIM_SelectOCxM    stm32f4xx_tim.o
    0x08001ce4   0x08001ce4   0x00000010   Code   RO         1878    i.TIM_SelectOutputTrigger  stm32f4xx_tim.o
    0x08001cf4   0x08001cf4   0x00000010   Code   RO         1879    i.TIM_SelectSlaveMode  stm32f4xx_tim.o
    0x08001d04   0x08001d04   0x00000080   Code   RO         1892    i.TIM_TimeBaseInit  stm32f4xx_tim.o
    0x08001d84   0x08001d84   0x0000005c   Code   RO          216    i.Task_LED          led.o
    0x08001de0   0x08001de0   0x00000008   Code   RO            4    i.Task_Main         main.o
    0x08001de8   0x08001de8   0x00000044   Code   RO            5    i.Task_Start        main.o
    0x08001e2c   0x08001e2c   0x00000070   Code   RO         4050    i.__hardfp_floorf   m_wm.l(floorf.o)
    0x08001e9c   0x08001e9c   0x000000b0   Code   RO         4056    i.__hardfp_fmodf    m_wm.l(fmodf.o)
    0x08001f4c   0x08001f4c   0x0000016c   Code   RO         4068    i.__hardfp_logf     m_wm.l(logf.o)
    0x080020b8   0x080020b8   0x00000014   Code   RO         4117    i.__mathlib_flt_divzero  m_wm.l(funder.o)
    0x080020cc   0x080020cc   0x00000006   Code   RO         4118    i.__mathlib_flt_infnan  m_wm.l(funder.o)
    0x080020d2   0x080020d2   0x00000002   PAD
    0x080020d4   0x080020d4   0x00000010   Code   RO         4120    i.__mathlib_flt_invalid  m_wm.l(funder.o)
    0x080020e4   0x080020e4   0x0000000e   Code   RO         4165    i.__scatterload_copy  mc_w.l(handlers.o)
    0x080020f2   0x080020f2   0x00000002   Code   RO         4166    i.__scatterload_null  mc_w.l(handlers.o)
    0x080020f4   0x080020f4   0x0000000e   Code   RO         4167    i.__scatterload_zeroinit  mc_w.l(handlers.o)
    0x08002102   0x08002102   0x00000002   PAD
    0x08002104   0x08002104   0x0000000c   Code   RO         4147    i.__set_errno       mc_w.l(errno.o)
    0x08002110   0x08002110   0x000002a8   Code   RO         3983    i.conf_general_get_default_mc_configuration  conf_general.o
    0x080023b8   0x080023b8   0x0000060a   Code   RO          439    i.control_current   mcpwm_foc.o
    0x080029c2   0x080029c2   0x00000002   PAD
    0x080029c4   0x080029c4   0x00000060   Code   RO          440    i.correct_encoder   mcpwm_foc.o
    0x08002a24   0x08002a24   0x0000001c   Code   RO          174    i.delay_ms          delay.o
    0x08002a40   0x08002a40   0x00000098   Code   RO         3919    i.drv8301_init      drv8301.o
    0x08002ad8   0x08002ad8   0x0000001a   Code   RO         3920    i.drv8301_read_faults  drv8301.o
    0x08002af2   0x08002af2   0x00000002   PAD
    0x08002af4   0x08002af4   0x00000058   Code   RO         3921    i.drv8301_read_reg  drv8301.o
    0x08002b4c   0x08002b4c   0x00000020   Code   RO         3923    i.drv8301_set_oc_adj  drv8301.o
    0x08002b6c   0x08002b6c   0x00000022   Code   RO         3924    i.drv8301_set_oc_mode  drv8301.o
    0x08002b8e   0x08002b8e   0x00000002   PAD
    0x08002b90   0x08002b90   0x00000038   Code   RO         3925    i.drv8301_write_reg  drv8301.o
    0x08002bc8   0x08002bc8   0x0000000c   Code   RO          246    i.encoder_index_found  encoder.o
    0x08002bd4   0x08002bd4   0x00000094   Code   RO          247    i.encoder_init      encoder.o
    0x08002c68   0x08002c68   0x0000000c   Code   RO          248    i.encoder_read_deg  encoder.o
    0x08002c74   0x08002c74   0x000000e0   Code   RO          249    i.encoder_tim_isr   encoder.o
    0x08002d54   0x08002d54   0x000001e0   Code   RO         3883    i.hw_init_gpio      hw_60.o
    0x08002f34   0x08002f34   0x00000138   Code   RO         3884    i.hw_setup_adc_channels  hw_60.o
    0x0800306c   0x0800306c   0x00000010   Code   RO         4070    i.logf              m_wm.l(logf.o)
    0x0800307c   0x0800307c   0x0000003c   Code   RO            6    i.main              main.o
    0x080030b8   0x080030b8   0x000001e0   Code   RO          305    i.mc_interface_fault_stop  mc_interface.o
    0x08003298   0x08003298   0x000002ec   Code   RO          311    i.mc_interface_init  mc_interface.o
    0x08003584   0x08003584   0x00000198   Code   RO          312    i.mc_interface_mc_timer_isr  mc_interface.o
    0x0800371c   0x0800371c   0x0000000c   Code   RO          319    i.mc_interface_temp_motor_filtered  mc_interface.o
    0x08003728   0x08003728   0x0000000c   Code   RO          442    i.mcpwm_foc_get_abs_motor_current  mcpwm_foc.o
    0x08003734   0x08003734   0x0000000c   Code   RO          443    i.mcpwm_foc_get_abs_motor_current_filtered  mcpwm_foc.o
    0x08003740   0x08003740   0x0000000c   Code   RO          444    i.mcpwm_foc_get_duty_cycle_now  mcpwm_foc.o
    0x0800374c   0x0800374c   0x0000000c   Code   RO          446    i.mcpwm_foc_get_id  mcpwm_foc.o
    0x08003758   0x08003758   0x0000000c   Code   RO          447    i.mcpwm_foc_get_iq  mcpwm_foc.o
    0x08003764   0x08003764   0x00000018   Code   RO          453    i.mcpwm_foc_get_rpm  mcpwm_foc.o
    0x0800377c   0x0800377c   0x0000000c   Code   RO          454    i.mcpwm_foc_get_state  mcpwm_foc.o
    0x08003788   0x08003788   0x00000018   Code   RO          456    i.mcpwm_foc_get_tachometer_value  mcpwm_foc.o
    0x080037a0   0x080037a0   0x0000002c   Code   RO          457    i.mcpwm_foc_get_tot_current  mcpwm_foc.o
    0x080037cc   0x080037cc   0x0000002c   Code   RO          460    i.mcpwm_foc_get_tot_current_filtered  mcpwm_foc.o
    0x080037f8   0x080037f8   0x0000000c   Code   RO          461    i.mcpwm_foc_get_tot_current_in  mcpwm_foc.o
    0x08003804   0x08003804   0x00000450   Code   RO          464    i.mcpwm_foc_init    mcpwm_foc.o
    0x08003c54   0x08003c54   0x0000000c   Code   RO          466    i.mcpwm_foc_is_dccal_done  mcpwm_foc.o
    0x08003c60   0x08003c60   0x00000040   Code   RO          473    i.mcpwm_foc_stop_pwm  mcpwm_foc.o
    0x08003ca0   0x08003ca0   0x00000a18   Code   RO          474    i.mcpwm_foc_tim_sample_int_handler  mcpwm_foc.o
    0x080046b8   0x080046b8   0x00000024   Code   RO          754    i.nvicEnableVector  sys.o
    0x080046dc   0x080046dc   0x000001f0   Code   RO          475    i.observer_update   mcpwm_foc.o
    0x080048cc   0x080048cc   0x000000d8   Code   RO         3926    i.spi_exchange      drv8301.o
    0x080049a4   0x080049a4   0x00000078   Code   RO          476    i.stop_pwm_hw       mcpwm_foc.o
    0x08004a1c   0x08004a1c   0x00000044   Code   RO          827    i.utils_angle_difference  utils.o
    0x08004a60   0x08004a60   0x00000044   Code   RO          828    i.utils_angle_difference_rad  utils.o
    0x08004aa4   0x08004aa4   0x00000084   Code   RO          834    i.utils_fast_atan2  utils.o
    0x08004b28   0x08004b28   0x00000124   Code   RO          837    i.utils_fast_sincos_better  utils.o
    0x08004c4c   0x08004c4c   0x0000001a   Code   RO          838    i.utils_map         utils.o
    0x08004c66   0x08004c66   0x00000018   Code   RO          840    i.utils_max_abs     utils.o
    0x08004c7e   0x08004c7e   0x0000002a   Code   RO          842    i.utils_middle_of_3_int  utils.o
    0x08004ca8   0x08004ca8   0x00000038   Code   RO          844    i.utils_norm_angle  utils.o
    0x08004ce0   0x08004ce0   0x0000004c   Code   RO          845    i.utils_norm_angle_rad  utils.o
    0x08004d2c   0x08004d2c   0x0000005c   Code   RO          846    i.utils_saturate_vector_2d  utils.o
    0x08004d88   0x08004d88   0x0000002c   Code   RO          850    i.utils_truncate_number  utils.o
    0x08004db4   0x08004db4   0x00000028   Code   RO          851    i.utils_truncate_number_abs  utils.o
    0x08004ddc   0x08004ddc   0x0000001c   Code   RO          853    i.utils_truncate_number_int  utils.o
    0x08004df8   0x08004df8   0x00000100   Data   RO         3140    .constdata          os_core.o
    0x08004ef8   0x08004ef8   0x00000040   Data   RO         4071    .constdata          m_wm.l(logf.o)
    0x08004f38   0x08004f38   0x00000020   Data   RO         4163    Region$$Table       anon$$obj.o


    Execution Region RW_IRAM1 (Exec base: 0x20000000, Load base: 0x08004f58, Size: 0x00004458, Max: 0x00020000, ABSOLUTE, COMPRESSED[0x00000014])

    Exec Addr    Load Addr    Size         Type   Attr      Idx    E Section Name        Object

    0x20000000   COMPRESSED   0x00000008   Data   RW          250    .data               encoder.o
    0x20000008   COMPRESSED   0x00000068   Data   RW          332    .data               mc_interface.o
    0x20000070   COMPRESSED   0x000000b0   Data   RW          478    .data               mcpwm_foc.o
    0x20000120   COMPRESSED   0x00000010   Data   RW         1567    .data               stm32f4xx_rcc.o
    0x20000130   COMPRESSED   0x0000003c   Data   RW         3141    .data               os_core.o
    0x2000016c   COMPRESSED   0x00000004   Data   RW         3142    .data               os_core.o
    0x20000170   COMPRESSED   0x00000004   Data   RW         3143    .data               os_core.o
    0x20000174   COMPRESSED   0x00000004   Data   RW         3144    .data               os_core.o
    0x20000178   COMPRESSED   0x00000004   Data   RW         3777    .data               os_cpu_c.o
    0x2000017c   COMPRESSED   0x00000004   Data   RW         4148    .data               mc_w.l(errno.o)
    0x20000180        -       0x00001c00   Zero   RW            7    .bss                main.o
    0x20001d80        -       0x000006c0   Zero   RW          320    .bss                mc_interface.o
    0x20002440        -       0x0000000c   Zero   RW          321    .bss                mc_interface.o
    0x2000244c        -       0x00000060   Zero   RW          477    .bss                mcpwm_foc.o
    0x200024ac        -       0x00001a84   Zero   RW         3136    .bss                os_core.o
    0x20003f30        -       0x00000050   Zero   RW         3137    .bss                os_core.o
    0x20003f80        -       0x00000078   Zero   RW         3138    .bss                os_core.o
    0x20003ff8        -       0x00000060   Zero   RW         3139    .bss                os_core.o
    0x20004058        -       0x00000400   Zero   RW         3107    STACK               startup_stm32f4xx.o


==============================================================================

Image component sizes


      Code (inc. data)   RO Data    RW Data    ZI Data      Debug   Object Name

       680        160          0          0          0       1348   conf_general.o
        28          0          0          0          0        475   delay.o
       604         24          0          0          0       5662   drv8301.o
       436         48          0          8          0       5324   encoder.o
       792         26          0          0          0       1259   hw_60.o
        92          6          0          0          0        934   led.o
       136         26          0          0       7168     292498   main.o
      1648        100          0        104       1740       6213   mc_interface.o
      6710        468          0        176         96      29756   mcpwm_foc.o
      1518        182        256         72       7084      17661   os_core.o
       176         32          0          0          0        304   os_cpu_a.o
       466         16          0          4          0      44866   os_cpu_c.o
        80         14          0          0          0        610   os_flag.o
        76         14          0          0          0        553   os_mem.o
        64          8          0          0          0        631   os_q.o
       708         64          0          0          0       5552   os_task.o
       108         20          0          0          0       1084   os_time.o
        36          8        392          0       1024        832   startup_stm32f4xx.o
       434         20          0          0          0       6418   stm32f4xx_adc.o
       326         42          0          0          0       4850   stm32f4xx_dma.o
        32          0          0          0          0       3040   stm32f4xx_gpio.o
       284         50          0         16          0       6289   stm32f4xx_rcc.o
      1476          8          0          0          0      19966   stm32f4xx_tim.o
       234          0          0          0          0       2573   sys.o
       276         38          0          0          0       1281   system_stm32f4xx.o
       988        100          0          0          0       9877   utils.o

    ----------------------------------------------------------------------
     18432       1474        680        380      17112     469856   Object Totals
         0          0         32          0          0          0   (incl. Generated)
        24          0          0          0          0          0   (incl. Padding)

    ----------------------------------------------------------------------

      Code (inc. data)   RO Data    RW Data    ZI Data      Debug   Library Member Name

       112         14          0          0          0        116   floorf.o
       176          0          0          0          0        168   fmodf.o
        42         12          0          0          0        348   funder.o
       380         44         64          0          0        264   logf.o
        58          0          0          0          0          0   __dczerorl.o
         0          0          0          0          0          0   entry.o
         0          0          0          0          0          0   entry10a.o
         0          0          0          0          0          0   entry11a.o
         8          4          0          0          0          0   entry2.o
         4          0          0          0          0          0   entry5.o
         0          0          0          0          0          0   entry7b.o
         0          0          0          0          0          0   entry8b.o
         8          4          0          0          0          0   entry9a.o
        12          6          0          4          0         68   errno.o
        30          0          0          0          0          0   handlers.o
        36          8          0          0          0         68   init.o
         0          0          0          0          0          0   iusefp.o
        36          0          0          0          0        108   memseta.o
        38          0          0          0          0         68   f2d.o
       110          0          0          0          0        168   fepilogue.o
        82          0          0          0          0         96   frem.o

    ----------------------------------------------------------------------
      1136         92         64          4          0       1472   Library Totals
         4          0          0          0          0          0   (incl. Padding)

    ----------------------------------------------------------------------

      Code (inc. data)   RO Data    RW Data    ZI Data      Debug   Library Name

       710         70         64          0          0        896   m_wm.l
       192         22          0          4          0        244   mc_w.l
       230          0          0          0          0        332   mf_w.l

    ----------------------------------------------------------------------
      1136         92         64          4          0       1472   Library Totals

    ----------------------------------------------------------------------

==============================================================================


      Code (inc. data)   RO Data    RW Data    ZI Data      Debug   

     19568       1566        744        384      17112     458008   Grand Totals
     19568       1566        744         20      17112     458008   ELF Image Totals (compressed)
     19568       1566        744         20          0          0   ROM Totals

==============================================================================

    Total RO  Size (Code + RO Data)                20312 (  19.84kB)
    Total RW  Size (RW Data + ZI Data)             17496 (  17.09kB)
    Total ROM Size (Code + RO Data + RW Data)      20332 (  19.86kB)

==============================================================================

