Component: ARM Compiler 5.06 update 6 (build 750) Tool: armlink [4d35ed]

==============================================================================

Section Cross References

    main.o(i.Task_Main) refers to delay.o(i.delay_ms) for delay_ms
    main.o(i.Task_Start) refers to os_cpu_c.o(i.OS_CPU_SysTickInit) for OS_CPU_SysTickInit
    main.o(i.Task_Start) refers to os_cpu_a.o(.text) for OS_CPU_SR_Save
    main.o(i.Task_Start) refers to os_task.o(i.OSTaskCreate) for OSTaskCreate
    main.o(i.Task_Start) refers to os_task.o(i.OSTaskSuspend) for OSTaskSuspend
    main.o(i.Task_Start) refers to main.o(.bss) for .bss
    main.o(i.Task_Start) refers to main.o(i.Task_Main) for Task_Main
    main.o(i.Task_Start) refers to led.o(i.Task_LED) for Task_LED
    main.o(i.main) refers to system_stm32f4xx.o(i.SystemInit) for SystemInit
    main.o(i.main) refers to hw_60.o(i.hw_init_gpio) for hw_init_gpio
    main.o(i.main) refers to conf_general.o(i.conf_general_get_default_mc_configuration) for conf_general_get_default_mc_configuration
    main.o(i.main) refers to mc_interface.o(i.mc_interface_init) for mc_interface_init
    main.o(i.main) refers to common_can.o(i.comm_can_init) for comm_can_init
    main.o(i.main) refers to os_core.o(i.OSInit) for OSInit
    main.o(i.main) refers to os_task.o(i.OSTaskCreate) for OSTaskCreate
    main.o(i.main) refers to os_core.o(i.OSStart) for OSStart
    main.o(i.main) refers to main.o(.bss) for .bss
    main.o(i.main) refers to main.o(i.Task_Start) for Task_Start
    delay.o(i.delay) refers to os_time.o(i.OSTimeDly) for OSTimeDly
    delay.o(i.delay_ms) refers to os_time.o(i.OSTimeDly) for OSTimeDly
    led.o(i.Led_Show) refers to delay.o(i.delay_ms) for delay_ms
    led.o(i.Task_LED) refers to delay.o(i.delay_ms) for delay_ms
    encoder.o(i.TIM3_IRQHandler) refers to stm32f4xx_tim.o(i.TIM_GetITStatus) for TIM_GetITStatus
    encoder.o(i.TIM3_IRQHandler) refers to encoder.o(i.encoder_tim_isr) for encoder_tim_isr
    encoder.o(i.TIM3_IRQHandler) refers to stm32f4xx_tim.o(i.TIM_ClearITPendingBit) for TIM_ClearITPendingBit
    encoder.o(i.encoder_index_found) refers to encoder.o(.data) for .data
    encoder.o(i.encoder_init) refers to sys.o(i.GPIO_Set) for GPIO_Set
    encoder.o(i.encoder_init) refers to stm32f4xx_rcc.o(i.RCC_APB1PeriphClockCmd) for RCC_APB1PeriphClockCmd
    encoder.o(i.encoder_init) refers to stm32f4xx_tim.o(i.TIM_TimeBaseInit) for TIM_TimeBaseInit
    encoder.o(i.encoder_init) refers to stm32f4xx_tim.o(i.TIM_ITConfig) for TIM_ITConfig
    encoder.o(i.encoder_init) refers to stm32f4xx_tim.o(i.TIM_Cmd) for TIM_Cmd
    encoder.o(i.encoder_init) refers to sys.o(i.nvicEnableVector) for nvicEnableVector
    encoder.o(i.encoder_init) refers to encoder.o(.data) for .data
    encoder.o(i.encoder_read_deg) refers to encoder.o(.data) for .data
    encoder.o(i.encoder_tim_isr) refers to stm32f4xx_gpio.o(i.GPIO_ResetBits) for GPIO_ResetBits
    encoder.o(i.encoder_tim_isr) refers to stm32f4xx_gpio.o(i.GPIO_SetBits) for GPIO_SetBits
    encoder.o(i.encoder_tim_isr) refers to stm32f4xx_gpio.o(i.GPIO_ReadInputDataBit) for GPIO_ReadInputDataBit
    encoder.o(i.encoder_tim_isr) refers to utils.o(i.utils_middle_of_3_int) for utils_middle_of_3_int
    encoder.o(i.encoder_tim_isr) refers to encoder.o(.data) for .data
    mc_interface.o(i.mc_interface_current_feedforward) refers to utils.o(i.utils_truncate_number) for utils_truncate_number
    mc_interface.o(i.mc_interface_current_feedforward) refers to mc_interface.o(.bss) for .bss
    mc_interface.o(i.mc_interface_current_feedforward) refers to mc_interface.o(.data) for .data
    mc_interface.o(i.mc_interface_fault_stop) refers to os_core.o(i.OSSchedLock) for OSSchedLock
    mc_interface.o(i.mc_interface_fault_stop) refers to os_core.o(i.OSSchedUnlock) for OSSchedUnlock
    mc_interface.o(i.mc_interface_fault_stop) refers to mcpwm_foc.o(i.mcpwm_foc_get_tot_current) for mcpwm_foc_get_tot_current
    mc_interface.o(i.mc_interface_fault_stop) refers to mcpwm_foc.o(i.mcpwm_foc_get_tot_current_filtered) for mcpwm_foc_get_tot_current_filtered
    mc_interface.o(i.mc_interface_fault_stop) refers to mcpwm_foc.o(i.mcpwm_foc_get_duty_cycle_now) for mcpwm_foc_get_duty_cycle_now
    mc_interface.o(i.mc_interface_fault_stop) refers to mcpwm_foc.o(i.mcpwm_foc_get_rpm_now) for mcpwm_foc_get_rpm_now
    mc_interface.o(i.mc_interface_fault_stop) refers to f2d.o(.text) for __aeabi_f2d
    mc_interface.o(i.mc_interface_fault_stop) refers to logf.o(i.logf) for logf
    mc_interface.o(i.mc_interface_fault_stop) refers to drv8301.o(i.drv8301_read_faults) for drv8301_read_faults
    mc_interface.o(i.mc_interface_fault_stop) refers to mcpwm_foc.o(i.mcpwm_foc_stop_pwm) for mcpwm_foc_stop_pwm
    mc_interface.o(i.mc_interface_fault_stop) refers to mc_interface.o(.data) for .data
    mc_interface.o(i.mc_interface_fault_stop) refers to mc_interface.o(.bss) for .bss
[...]
    i.ADC_TempSensorVrefintCmd               0x08000594   Section        0  stm32f4xx_adc.o(i.ADC_TempSensorVrefintCmd)
    i.CAN1_RX0_IRQHandler                    0x080005b0   Section        0  common_can.o(i.CAN1_RX0_IRQHandler)
    i.CAN_ClearITPendingBit                  0x080005f0   Section        0  stm32f4xx_can.o(i.CAN_ClearITPendingBit)
    i.CAN_FilterInit                         0x0800068c   Section        0  stm32f4xx_can.o(i.CAN_FilterInit)
    i.CAN_GetITStatus                        0x08000778   Section        0  stm32f4xx_can.o(i.CAN_GetITStatus)
    i.CAN_ITConfig                           0x08000884   Section        0  stm32f4xx_can.o(i.CAN_ITConfig)
    i.CAN_Init                               0x08000894   Section        0  stm32f4xx_can.o(i.CAN_Init)
    i.CAN_Receive                            0x08000986   Section        0  stm32f4xx_can.o(i.CAN_Receive)
    i.CAN_Transmit                           0x08000a3a   Section        0  stm32f4xx_can.o(i.CAN_Transmit)
    i.DMA2_Stream4_IRQHandler                0x08000afc   Section        0  mcpwm_foc.o(i.DMA2_Stream4_IRQHandler)
    i.DMA_ClearITPendingBit                  0x08000b2c   Section        0  stm32f4xx_dma.o(i.DMA_ClearITPendingBit)
    i.DMA_Cmd                                0x08000b58   Section        0  stm32f4xx_dma.o(i.DMA_Cmd)
    i.DMA_GetITStatus                        0x08000b6c   Section        0  stm32f4xx_dma.o(i.DMA_GetITStatus)
    i.DMA_ITConfig                           0x08000bcc   Section        0  stm32f4xx_dma.o(i.DMA_ITConfig)
    i.DMA_Init                               0x08000bfc   Section        0  stm32f4xx_dma.o(i.DMA_Init)
    i.GPIO_AF_Set                            0x08000c74   Section        0  sys.o(i.GPIO_AF_Set)
    i.GPIO_ReadInputDataBit                  0x08000c9a   Section        0  stm32f4xx_gpio.o(i.GPIO_ReadInputDataBit)
    i.GPIO_ResetBits                         0x08000ca8   Section        0  stm32f4xx_gpio.o(i.GPIO_ResetBits)
    i.GPIO_Set                               0x08000cac   Section        0  sys.o(i.GPIO_Set)
    i.GPIO_SetBits                           0x08000d4c   Section        0  stm32f4xx_gpio.o(i.GPIO_SetBits)
    i.GPIO_WriteBit                          0x08000d50   Section        0  stm32f4xx_gpio.o(i.GPIO_WriteBit)
    i.OSInit                                 0x08000d5c   Section        0  os_core.o(i.OSInit)
    i.OSInitHookBegin                        0x08000ef0   Section        0  os_cpu_c.o(i.OSInitHookBegin)
    i.OSInitHookEnd                          0x08000ef2   Section        0  os_cpu_c.o(i.OSInitHookEnd)
    i.OSIntEnter                             0x08000ef4   Section        0  os_core.o(i.OSIntEnter)
    i.OSIntExit                              0x08000f10   Section        0  os_core.o(i.OSIntExit)
    i.OSSchedLock                            0x08000f80   Section        0  os_core.o(i.OSSchedLock)
    i.OSSchedUnlock                          0x08000fac   Section        0  os_core.o(i.OSSchedUnlock)
    i.OSStart                                0x08000fe8   Section        0  os_core.o(i.OSStart)
    i.OSTCBInitHook                          0x08001028   Section        0  os_cpu_c.o(i.OSTCBInitHook)
    i.OSTaskCreate                           0x0800102c   Section        0  os_task.o(i.OSTaskCreate)
    i.OSTaskCreateExt                        0x080010c0   Section        0  os_task.o(i.OSTaskCreateExt)
    i.OSTaskCreateHook                       0x08001178   Section        0  os_cpu_c.o(i.OSTaskCreateHook)
    i.OSTaskIdleHook                         0x0800117a   Section        0  os_cpu_c.o(i.OSTaskIdleHook)
    i.OSTaskNameSet                          0x0800117c   Section        0  os_task.o(i.OSTaskNameSet)
    i.OSTaskStatHook                         0x080011d8   Section        0  os_cpu_c.o(i.OSTaskStatHook)
    i.OSTaskStkChk                           0x080011dc   Section        0  os_task.o(i.OSTaskStkChk)
    i.OSTaskStkInit                          0x08001260   Section        0  os_cpu_c.o(i.OSTaskStkInit)
    i.OSTaskSuspend                          0x080013b4   Section        0  os_task.o(i.OSTaskSuspend)
    i.OSTaskSwHook                           0x0800144c   Section        0  os_cpu_c.o(i.OSTaskSwHook)
    i.OSTimeDly                              0x08001450   Section        0  os_time.o(i.OSTimeDly)
    i.OSTimeTick                             0x080014bc   Section        0  os_core.o(i.OSTimeTick)
    i.OSTimeTickHook                         0x08001570   Section        0  os_cpu_c.o(i.OSTimeTickHook)
    i.OS_CPU_SysTickInit                     0x08001574   Section        0  os_cpu_c.o(i.OS_CPU_SysTickInit)
    i.OS_FlagInit                            0x080015b4   Section        0  os_flag.o(i.OS_FlagInit)
    i.OS_MemClr                              0x08001604   Section        0  os_core.o(i.OS_MemClr)
    i.OS_MemInit                             0x0800161c   Section        0  os_mem.o(i.OS_MemInit)
    i.OS_QInit                               0x08001668   Section        0  os_q.o(i.OS_QInit)
    i.OS_Sched                               0x080016a8   Section        0  os_core.o(i.OS_Sched)
    i.OS_TCBInit                             0x0800170c   Section        0  os_core.o(i.OS_TCBInit)
    i.OS_TaskIdle                            0x08001840   Section        0  os_core.o(i.OS_TaskIdle)
    i.OS_TaskStat                            0x0800185c   Section        0  os_core.o(i.OS_TaskStat)
    i.RCC_AHB1PeriphClockCmd                 0x08001904   Section        0  stm32f4xx_rcc.o(i.RCC_AHB1PeriphClockCmd)
    i.RCC_APB1PeriphClockCmd                 0x0800191c   Section        0  stm32f4xx_rcc.o(i.RCC_APB1PeriphClockCmd)
    i.RCC_APB1PeriphResetCmd                 0x08001934   Section        0  stm32f4xx_rcc.o(i.RCC_APB1PeriphResetCmd)
    i.RCC_APB2PeriphClockCmd                 0x0800194c   Section        0  stm32f4xx_rcc.o(i.RCC_APB2PeriphClockCmd)
    i.RCC_APB2PeriphResetCmd                 0x08001964   Section        0  stm32f4xx_rcc.o(i.RCC_APB2PeriphResetCmd)
    i.RCC_GetClocksFreq                      0x0800197c   Section        0  stm32f4xx_rcc.o(i.RCC_GetClocksFreq)
    i.SysTick_Handler                        0x08001a20   Section        0  os_cpu_c.o(i.SysTick_Handler)
    i.SystemInit                             0x08001a50   Section        0  system_stm32f4xx.o(i.SystemInit)
    i.TIM3_IRQHandler                        0x08001b64   Section        0  encoder.o(i.TIM3_IRQHandler)
    i.TIM5_IRQHandler                        0x08001b8c   Section        0  mcpwm_foc.o(i.TIM5_IRQHandler)
    i.TIM7_IRQHandler                        0x08001d04   Section        0  common_can.o(i.TIM7_IRQHandler)
    i.TIM8_CC_IRQHandler                     0x08001d4c   Section        0  mcpwm_foc.o(i.TIM8_CC_IRQHandler)
    i.TIM_ARRPreloadConfig                   0x08001d84   Section        0  stm32f4xx_tim.o(i.TIM_ARRPreloadConfig)
    i.TIM_BDTRConfig                         0x08001d96   Section        0  stm32f4xx_tim.o(i.TIM_BDTRConfig)
    i.TIM_CCPreloadControl                   0x08001dba   Section        0  stm32f4xx_tim.o(i.TIM_CCPreloadControl)
    i.TIM_CCxCmd                             0x08001dcc   Section        0  stm32f4xx_tim.o(i.TIM_CCxCmd)
    i.TIM_CCxNCmd                            0x08001de6   Section        0  stm32f4xx_tim.o(i.TIM_CCxNCmd)
    i.TIM_ClearITPendingBit                  0x08001e00   Section        0  stm32f4xx_tim.o(i.TIM_ClearITPendingBit)
    i.TIM_Cmd                                0x08001e06   Section        0  stm32f4xx_tim.o(i.TIM_Cmd)
    i.TIM_CtrlPWMOutputs                     0x08001e18   Section        0  stm32f4xx_tim.o(i.TIM_CtrlPWMOutputs)
    i.TIM_DeInit                             0x08001e2e   Section        0  stm32f4xx_tim.o(i.TIM_DeInit)
    i.TIM_GenerateEvent                      0x08001fe2   Section        0  stm32f4xx_tim.o(i.TIM_GenerateEvent)
    i.TIM_GetITStatus                        0x08001fe6   Section        0  stm32f4xx_tim.o(i.TIM_GetITStatus)
    i.TIM_ITConfig                           0x08001ffc   Section        0  stm32f4xx_tim.o(i.TIM_ITConfig)
    i.TIM_OC1Init                            0x0800200c   Section        0  stm32f4xx_tim.o(i.TIM_OC1Init)
    i.TIM_OC1PreloadConfig                   0x08002074   Section        0  stm32f4xx_tim.o(i.TIM_OC1PreloadConfig)
    i.TIM_OC2Init                            0x08002080   Section        0  stm32f4xx_tim.o(i.TIM_OC2Init)
    i.TIM_OC2PreloadConfig                   0x08002106   Section        0  stm32f4xx_tim.o(i.TIM_OC2PreloadConfig)
    i.TIM_OC3Init                            0x0800211a   Section        0  stm32f4xx_tim.o(i.TIM_OC3Init)
    i.TIM_OC3PreloadConfig                   0x0800219e   Section        0  stm32f4xx_tim.o(i.TIM_OC3PreloadConfig)
    i.TIM_OC4Init                            0x080021aa   Section        0  stm32f4xx_tim.o(i.TIM_OC4Init)
    i.TIM_OC4PreloadConfig                   0x08002212   Section        0  stm32f4xx_tim.o(i.TIM_OC4PreloadConfig)
    i.TIM_SelectInputTrigger                 0x08002226   Section        0  stm32f4xx_tim.o(i.TIM_SelectInputTrigger)
    i.TIM_SelectMasterSlaveMode              0x08002232   Section        0  stm32f4xx_tim.o(i.TIM_SelectMasterSlaveMode)
    i.TIM_SelectOCxM                         0x08002242   Section        0  stm32f4xx_tim.o(i.TIM_SelectOCxM)
    i.TIM_SelectOutputTrigger                0x080022a8   Section        0  stm32f4xx_tim.o(i.TIM_SelectOutputTrigger)
    i.TIM_SelectSlaveMode                    0x080022b8   Section        0  stm32f4xx_tim.o(i.TIM_SelectSlaveMode)
    i.TIM_TimeBaseInit                       0x080022c8   Section        0  stm32f4xx_tim.o(i.TIM_TimeBaseInit)
    i.Task_LED                               0x08002348   Section        0  led.o(i.Task_LED)
    i.Task_Main                              0x080023a4   Section        0  main.o(i.Task_Main)
    Task_Main                                0x080023a5   Thumb Code     8  main.o(i.Task_Main)
    i.Task_Start                             0x080023ac   Section        0  main.o(i.Task_Start)
    Task_Start                               0x080023ad   Thumb Code    52  main.o(i.Task_Start)
    i.__hardfp_fmodf                         0x080023f0   Section        0  fmodf.o(i.__hardfp_fmodf)
    i.__hardfp_logf                          0x080024a0   Section        0  logf.o(i.__hardfp_logf)
    i.__mathlib_flt_divzero                  0x0800260c   Section        0  funder.o(i.__mathlib_flt_divzero)
    i.__mathlib_flt_infnan                   0x08002620   Section        0  funder.o(i.__mathlib_flt_infnan)
    i.__mathlib_flt_invalid                  0x08002628   Section        0  funder.o(i.__mathlib_flt_invalid)
    i.__scatterload_copy                     0x08002638   Section       14  handlers.o(i.__scatterload_copy)
    i.__scatterload_null                     0x08002646   Section        2  handlers.o(i.__scatterload_null)
    i.__scatterload_zeroinit                 0x08002648   Section       14  handlers.o(i.__scatterload_zeroinit)
    i.__set_errno                            0x08002658   Section        0  errno.o(i.__set_errno)
    i.buffer_append_int16                    0x08002664   Section        0  buffer.o(i.buffer_append_int16)
    i.canProcess                             0x08002684   Section        0  common_can.o(i.canProcess)
    i.canReceive                             0x080026b4   Section        0  common_can.o(i.canReceive)
    i.canSendstatus                          0x08002710   Section        0  common_can.o(i.canSendstatus)
    i.comm_can_init                          0x080027b0   Section        0  common_can.o(i.comm_can_init)
    i.conf_general_get_default_mc_configuration 0x080028a0   Section        0  conf_general.o(i.conf_general_get_default_mc_configuration)
    i.control_current                        0x08002b54   Section        0  mcpwm_foc.o(i.control_current)
    control_current                          0x08002b55   Thumb Code  1546  mcpwm_foc.o(i.control_current)
    i.correct_encoder                        0x08003160   Section        0  mcpwm_foc.o(i.correct_encoder)
    correct_encoder                          0x08003161   Thumb Code    84  mcpwm_foc.o(i.correct_encoder)
    i.delay_ms                               0x080031c0   Section        0  delay.o(i.delay_ms)
    i.drv8301_init                           0x080031dc   Section        0  drv8301.o(i.drv8301_init)
    i.drv8301_read_faults                    0x08003274   Section        0  drv8301.o(i.drv8301_read_faults)
    i.drv8301_read_reg                       0x08003290   Section        0  drv8301.o(i.drv8301_read_reg)
    i.drv8301_set_oc_adj                     0x080032e8   Section        0  drv8301.o(i.drv8301_set_oc_adj)
    i.drv8301_set_oc_mode                    0x08003308   Section        0  drv8301.o(i.drv8301_set_oc_mode)
    i.drv8301_write_reg                      0x0800332c   Section        0  drv8301.o(i.drv8301_write_reg)
    i.encoder_index_found                    0x08003364   Section        0  encoder.o(i.encoder_index_found)
    i.encoder_init                           0x08003370   Section        0  encoder.o(i.encoder_init)
    i.encoder_read_deg                       0x08003404   Section        0  encoder.o(i.encoder_read_deg)
    i.encoder_tim_isr                        0x08003410   Section        0  encoder.o(i.encoder_tim_isr)
    i.hw_init_gpio                           0x080034f0   Section        0  hw_60.o(i.hw_init_gpio)
    i.hw_setup_adc_channels                  0x08003614   Section        0  hw_60.o(i.hw_setup_adc_channels)
    i.logf                                   0x0800374c   Section        0  logf.o(i.logf)
    i.main                                   0x0800375c   Section        0  main.o(i.main)
    i.mc_interface_current_feedforward       0x0800379c   Section        0  mc_interface.o(i.mc_interface_current_feedforward)
    i.mc_interface_fault_stop                0x080037d8   Section        0  mc_interface.o(i.mc_interface_fault_stop)
    i.mc_interface_get_pid_pos_now           0x080039a4   Section        0  mc_interface.o(i.mc_interface_get_pid_pos_now)
    i.mc_interface_get_rpm_now               0x080039a8   Section        0  mc_interface.o(i.mc_interface_get_rpm_now)
    i.mc_interface_get_tot_current           0x080039d8   Section        0  mc_interface.o(i.mc_interface_get_tot_current)
    i.mc_interface_init                      0x080039dc   Section        0  mc_interface.o(i.mc_interface_init)
    i.mc_interface_mc_timer_isr              0x08003cd0   Section        0  mc_interface.o(i.mc_interface_mc_timer_isr)
    i.mc_interface_temp_motor_filtered       0x08003e68   Section        0  mc_interface.o(i.mc_interface_temp_motor_filtered)
    i.mcpwm_foc_get_abs_motor_current        0x08003e74   Section        0  mcpwm_foc.o(i.mcpwm_foc_get_abs_motor_current)
    i.mcpwm_foc_get_abs_motor_current_filtered 0x08003e80   Section        0  mcpwm_foc.o(i.mcpwm_foc_get_abs_motor_current_filtered)
    i.mcpwm_foc_get_duty_cycle_now           0x08003e8c   Section        0  mcpwm_foc.o(i.mcpwm_foc_get_duty_cycle_now)
    i.mcpwm_foc_get_id                       0x08003e98   Section        0  mcpwm_foc.o(i.mcpwm_foc_get_id)
    i.mcpwm_foc_get_iq                       0x08003ea4   Section        0  mcpwm_foc.o(i.mcpwm_foc_get_iq)
    i.mcpwm_foc_get_pid_pos_now              0x08003eb0   Section        0  mcpwm_foc.o(i.mcpwm_foc_get_pid_pos_now)
    i.mcpwm_foc_get_rpm_now                  0x08003ebc   Section        0  mcpwm_foc.o(i.mcpwm_foc_get_rpm_now)
    i.mcpwm_foc_get_state                    0x08003ed4   Section        0  mcpwm_foc.o(i.mcpwm_foc_get_state)
    i.mcpwm_foc_get_tot_current              0x08003ee0   Section        0  mcpwm_foc.o(i.mcpwm_foc_get_tot_current)
    i.mcpwm_foc_get_tot_current_filtered     0x08003f0c   Section        0  mcpwm_foc.o(i.mcpwm_foc_get_tot_current_filtered)
    i.mcpwm_foc_get_tot_current_in           0x08003f38   Section        0  mcpwm_foc.o(i.mcpwm_foc_get_tot_current_in)
    i.mcpwm_foc_init                         0x08003f44   Section        0  mcpwm_foc.o(i.mcpwm_foc_init)
    i.mcpwm_foc_set_current                  0x080043cc   Section        0  mcpwm_foc.o(i.mcpwm_foc_set_current)
    i.mcpwm_foc_stop_pwm                     0x08004428   Section        0  mcpwm_foc.o(i.mcpwm_foc_stop_pwm)
    i.mcpwm_foc_tim_sample_int_handler       0x08004440   Section        0  mcpwm_foc.o(i.mcpwm_foc_tim_sample_int_handler)
    i.nvicEnableVector                       0x08004dfc   Section        0  sys.o(i.nvicEnableVector)
    i.observer_update                        0x08004e20   Section        0  mcpwm_foc.o(i.observer_update)
    i.run_pid_control_speed                  0x08005010   Section        0  mcpwm_foc.o(i.run_pid_control_speed)
    run_pid_control_speed                    0x08005011   Thumb Code   250  mcpwm_foc.o(i.run_pid_control_speed)
    i.spi_exchange                           0x08005120   Section        0  drv8301.o(i.spi_exchange)
    spi_exchange                             0x08005121   Thumb Code   210  drv8301.o(i.spi_exchange)
    i.stop_pwm_hw                            0x080051f8   Section        0  mcpwm_foc.o(i.stop_pwm_hw)
    stop_pwm_hw                              0x080051f9   Thumb Code   110  mcpwm_foc.o(i.stop_pwm_hw)
    i.utils_angle_difference                 0x08005270   Section        0  utils.o(i.utils_angle_difference)
    i.utils_angle_difference_rad             0x080052b4   Section        0  utils.o(i.utils_angle_difference_rad)
    i.utils_fast_atan2                       0x080052f8   Section        0  utils.o(i.utils_fast_atan2)
    i.utils_fast_sincos_better               0x0800537c   Section        0  utils.o(i.utils_fast_sincos_better)
    i.utils_map                              0x080054a0   Section        0  utils.o(i.utils_map)
    i.utils_max_abs                          0x080054ba   Section        0  utils.o(i.utils_max_abs)
    i.utils_middle_of_3_int                  0x080054d2   Section        0  utils.o(i.utils_middle_of_3_int)
    i.utils_norm_angle                       0x080054fc   Section        0  utils.o(i.utils_norm_angle)
    i.utils_norm_angle_rad                   0x08005534   Section        0  utils.o(i.utils_norm_angle_rad)
    i.utils_saturate_vector_2d               0x08005580   Section        0  utils.o(i.utils_saturate_vector_2d)
    i.utils_truncate_number                  0x080055dc   Section        0  utils.o(i.utils_truncate_number)
    i.utils_truncate_number_abs              0x08005608   Section        0  utils.o(i.utils_truncate_number_abs)
    .constdata                               0x08005630   Section      256  os_core.o(.constdata)
    .constdata                               0x08005730   Section       64  logf.o(.constdata)
    logahi                                   0x08005730   Data          32  logf.o(.constdata)
    logalo                                   0x08005750   Data          32  logf.o(.constdata)
    .data                                    0x20000000   Section        8  encoder.o(.data)
    index_found                              0x20000000   Data           1  encoder.o(.data)
    last_enc_angle                           0x20000004   Data           4  encoder.o(.data)
    .data                                    0x20000008   Section      108  mc_interface.o(.data)
    m_lock_override_once                     0x20000008   Data           1  mc_interface.o(.data)
    wrong_voltage_iterations                 0x2000000c   Data           4  mc_interface.o(.data)
    m_fault_now                              0x20000010   Data           4  mc_interface.o(.data)
    fault_vec_write                          0x20000014   Data           4  mc_interface.o(.data)
    m_ignore_iterations                      0x20000018   Data           4  mc_interface.o(.data)
    m_cycles_running                         0x2000001c   Data           4  mc_interface.o(.data)
    m_motor_current_sum                      0x20000020   Data           4  mc_interface.o(.data)
    m_input_current_sum                      0x20000024   Data           4  mc_interface.o(.data)
    m_motor_current_iterations               0x20000028   Data           4  mc_interface.o(.data)
    m_input_current_iterations               0x2000002c   Data           4  mc_interface.o(.data)
    m_motor_id_sum                           0x20000030   Data           4  mc_interface.o(.data)
    m_motor_iq_sum                           0x20000034   Data           4  mc_interface.o(.data)
    m_motor_id_iterations                    0x20000038   Data           4  mc_interface.o(.data)
    m_motor_iq_iterations                    0x2000003c   Data           4  mc_interface.o(.data)
    m_amp_seconds                            0x20000040   Data           4  mc_interface.o(.data)
    m_amp_seconds_charged                    0x20000044   Data           4  mc_interface.o(.data)
    m_watt_seconds                           0x20000048   Data           4  mc_interface.o(.data)
    m_watt_seconds_charged                   0x2000004c   Data           4  mc_interface.o(.data)
    m_position_set                           0x20000050   Data           4  mc_interface.o(.data)
    m_temp_fet                               0x20000054   Data           4  mc_interface.o(.data)
    m_temp_motor                             0x20000058   Data           4  mc_interface.o(.data)
    m_iq_feedforward                         0x2000005c   Data           4  mc_interface.o(.data)
    m_sample_len                             0x20000060   Data           4  mc_interface.o(.data)
    m_sample_int                             0x20000064   Data           4  mc_interface.o(.data)
    m_sample_now                             0x20000068   Data           4  mc_interface.o(.data)
    m_sample_trigger                         0x2000006c   Data           4  mc_interface.o(.data)
    m_last_adc_duration_sample               0x20000070   Data           4  mc_interface.o(.data)
    .data                                    0x20000074   Section      192  mcpwm_foc.o(.data)
    using_encoder                            0x20000074   Data           1  mcpwm_foc.o(.data)
    m_begin                                  0x20000075   Data           1  mcpwm_foc.o(.data)
    m_init_done                              0x20000076   Data           1  mcpwm_foc.o(.data)
    m_phase_override                         0x20000077   Data           1  mcpwm_foc.o(.data)
    m_output_on                              0x20000078   Data           1  mcpwm_foc.o(.data)
    m_phase_observer_override                0x20000079   Data           1  mcpwm_foc.o(.data)
    phase_before                             0x2000007c   Data           4  mcpwm_foc.o(.data)
    angle_last                               0x20000080   Data           4  mcpwm_foc.o(.data)
    duty_filtered                            0x20000084   Data           4  mcpwm_foc.o(.data)
    duty_i_term                              0x20000088   Data           4  mcpwm_foc.o(.data)
    i_term                                   0x2000008c   Data           4  mcpwm_foc.o(.data)
    prev_error                               0x20000090   Data           4  mcpwm_foc.o(.data)
    d_filter                                 0x20000094   Data           4  mcpwm_foc.o(.data)
    i_term                                   0x20000098   Data           4  mcpwm_foc.o(.data)
    prev_error                               0x2000009c   Data           4  mcpwm_foc.o(.data)
    dt_int                                   0x200000a0   Data           4  mcpwm_foc.o(.data)
    d_filter                                 0x200000a4   Data           4  mcpwm_foc.o(.data)
    i_term                                   0x200000a8   Data           4  mcpwm_foc.o(.data)
    prev_error                               0x200000ac   Data           4  mcpwm_foc.o(.data)
    dt_int                                   0x200000b0   Data           4  mcpwm_foc.o(.data)
    d_filter                                 0x200000b4   Data           4  mcpwm_foc.o(.data)
    m_conf                                   0x200000b8   Data           4  mcpwm_foc.o(.data)
    m_state                                  0x200000bc   Data           4  mcpwm_foc.o(.data)
    m_control_mode                           0x200000c0   Data           4  mcpwm_foc.o(.data)
    curr0_sum                                0x200000c4   Data           4  mcpwm_foc.o(.data)
    curr1_sum                                0x200000c8   Data           4  mcpwm_foc.o(.data)
    curr2_sum                                0x200000cc   Data           4  mcpwm_foc.o(.data)
    m_curr_samples                           0x200000d0   Data           4  mcpwm_foc.o(.data)
    curr0_offset                             0x200000d4   Data           4  mcpwm_foc.o(.data)
    curr1_offset                             0x200000d8   Data           4  mcpwm_foc.o(.data)
    curr2_offset                             0x200000dc   Data           4  mcpwm_foc.o(.data)
    m_phase_now_override                     0x200000e0   Data           4  mcpwm_foc.o(.data)
    m_duty_cycle_set                         0x200000e4   Data           4  mcpwm_foc.o(.data)
    m_id_set                                 0x200000e8   Data           4  mcpwm_foc.o(.data)
    m_iq_set                                 0x200000ec   Data           4  mcpwm_foc.o(.data)
    m_openloop_speed                         0x200000f0   Data           4  mcpwm_foc.o(.data)
    m_pos_pid_set                            0x200000f4   Data           4  mcpwm_foc.o(.data)
    m_pos_set                                0x200000f8   Data           4  mcpwm_foc.o(.data)
    m_speed_pid_set_rpm                      0x200000fc   Data           4  mcpwm_foc.o(.data)
    m_phase_now_observer                     0x20000100   Data           4  mcpwm_foc.o(.data)
    m_phase_now_observer_override            0x20000104   Data           4  mcpwm_foc.o(.data)
    m_phase_now_encoder                      0x20000108   Data           4  mcpwm_foc.o(.data)
    m_phase_now_encoder_no_index             0x2000010c   Data           4  mcpwm_foc.o(.data)
    m_observer_x1                            0x20000110   Data           4  mcpwm_foc.o(.data)
    m_observer_x2                            0x20000114   Data           4  mcpwm_foc.o(.data)
    m_pll_phase                              0x20000118   Data           4  mcpwm_foc.o(.data)
    m_pll_speed                              0x2000011c   Data           4  mcpwm_foc.o(.data)
    last_inj_adc_isr_duration                0x20000120   Data           4  mcpwm_foc.o(.data)
    m_pos_pid_now                            0x20000124   Data           4  mcpwm_foc.o(.data)
    m_gamma_now                              0x20000128   Data           4  mcpwm_foc.o(.data)
    m_pos_now                                0x2000012c   Data           4  mcpwm_foc.o(.data)
    m_pos_max_limit                          0x20000130   Data           4  mcpwm_foc.o(.data)
    .data                                    0x20000134   Section        2  common_can.o(.data)
    rx_frames_front                          0x20000134   Data           1  common_can.o(.data)
    rx_frames_rear                           0x20000135   Data           1  common_can.o(.data)
    .data                                    0x20000136   Section       16  stm32f4xx_rcc.o(.data)
    APBAHBPrescTable                         0x20000136   Data          16  stm32f4xx_rcc.o(.data)
    .data                                    0x20000148   Section       60  os_core.o(.data)
    .data                                    0x20000184   Section        4  os_core.o(.data)
    .data                                    0x20000188   Section        4  os_core.o(.data)
    .data                                    0x2000018c   Section        4  os_core.o(.data)
    .data                                    0x20000190   Section        4  os_cpu_c.o(.data)
    .data                                    0x20000194   Section        4  errno.o(.data)
    _errno                                   0x20000194   Data           4  errno.o(.data)
    .bss                                     0x20000198   Section     7168  main.o(.bss)
    .bss                                     0x20001d98   Section     1632  mc_interface.o(.bss)
    m_conf                                   0x20001db8   Data         300  mc_interface.o(.bss)
    fault_vec                                0x20001ee4   Data        1300  mc_interface.o(.bss)
    .bss                                     0x200023f8   Section       12  mc_interface.o(.bss)
    .bss                                     0x20002404   Section       96  mcpwm_foc.o(.bss)
    m_motor_state                            0x20002404   Data          96  mcpwm_foc.o(.bss)
    .bss                                     0x20002464   Section     1040  common_can.o(.bss)
    rx_msg                                   0x20002464   Data          20  common_can.o(.bss)
    tx_msg                                   0x20002478   Data          20  common_can.o(.bss)
    rx_frames                                0x2000248c   Data        1000  common_can.o(.bss)
    .bss                                     0x20002874   Section     6788  os_core.o(.bss)
    .bss                                     0x200042f8   Section       80  os_core.o(.bss)
    .bss                                     0x20004348   Section      120  os_core.o(.bss)
    .bss                                     0x200043c0   Section       96  os_core.o(.bss)
    STACK                                    0x20004420   Section     1024  startup_stm32f4xx.o(STACK)

    Global Symbols

    Symbol Name                              Value     Ov Type        Size  Object(Section)

    BuildAttributes$$THM_ISAv4$E$P$D$K$B$S$7EM$VFPi3$EXTD16$VFPS$VFMA$PE$A:L22UL41UL21$X:L11$S22US41US21$IEEE1$IW$USESV6$~STKCKD$USESV7$ENUMINT$~SHL$OTIME$ROPI$IEEEX$EBA8$MICROLIB$REQ8$PRES8$EABIv2 0x00000000   Number         0  anon$$obj.o ABSOLUTE
    __ARM_use_no_argv                        0x00000000   Number         0  main.o ABSOLUTE
    __cpp_initialize__aeabi_                  - Undefined Weak Reference
    __cxa_finalize                            - Undefined Weak Reference
    _clock_init                               - Undefined Weak Reference
    _microlib_exit                            - Undefined Weak Reference
    __Vectors_Size                           0x00000188   Number         0  startup_stm32f4xx.o ABSOLUTE
    __Vectors                                0x08000000   Data           4  startup_stm32f4xx.o(RESET)
    __Vectors_End                            0x08000188   Data           0  startup_stm32f4xx.o(RESET)
    __main                                   0x08000189   Thumb Code     0  entry.o(.ARM.Collect$$$$00000000)
    _main_stk                                0x08000189   Thumb Code     0  entry2.o(.ARM.Collect$$$$00000001)
    _main_scatterload                        0x0800018d   Thumb Code     0  entry5.o(.ARM.Collect$$$$00000004)
    __main_after_scatterload                 0x08000191   Thumb Code     0  entry5.o(.ARM.Collect$$$$00000004)
    _main_clock                              0x08000191   Thumb Code     0  entry7b.o(.ARM.Collect$$$$00000008)
    _main_cpp_init                           0x08000191   Thumb Code     0  entry8b.o(.ARM.Collect$$$$0000000A)
    _main_init                               0x08000191   Thumb Code     0  entry9a.o(.ARM.Collect$$$$0000000B)
    __rt_final_cpp                           0x08000199   Thumb Code     0  entry10a.o(.ARM.Collect$$$$0000000D)
    __rt_final_exit                          0x08000199   Thumb Code     0  entry11a.o(.ARM.Collect$$$$0000000F)
    Reset_Handler                            0x0800019d   Thumb Code     8  startup_stm32f4xx.o(.text)
    NMI_Handler                              0x080001a5   Thumb Code     2  startup_stm32f4xx.o(.text)
    HardFault_Handler                        0x080001a7   Thumb Code     2  startup_stm32f4xx.o(.text)
    MemManage_Handler                        0x080001a9   Thumb Code     2  startup_stm32f4xx.o(.text)
    BusFault_Handler                         0x080001ab   Thumb Code     2  startup_stm32f4xx.o(.text)
    UsageFault_Handler                       0x080001ad   Thumb Code     2  startup_stm32f4xx.o(.text)
    SVC_Handler                              0x080001af   Thumb Code     2  startup_stm32f4xx.o(.text)
    DebugMon_Handler                         0x080001b1   Thumb Code     2  startup_stm32f4xx.o(.text)
    ADC_IRQHandler                           0x080001b7   Thumb Code     0  startup_stm32f4xx.o(.text)
    CAN1_RX1_IRQHandler                      0x080001b7   Thumb Code     0  startup_stm32f4xx.o(.text)
    CAN1_SCE_IRQHandler                      0x080001b7   Thumb Code     0  startup_stm32f4xx.o(.text)
    CAN1_TX_IRQHandler                       0x080001b7   Thumb Code     0  startup_stm32f4xx.o(.text)
    CAN2_RX0_IRQHandler                      0x080001b7   Thumb Code     0  startup_stm32f4xx.o(.text)
    CAN2_RX1_IRQHandler                      0x080001b7   Thumb Code     0  startup_stm32f4xx.o(.text)
    CAN2_SCE_IRQHandler                      0x080001b7   Thumb Code     0  startup_stm32f4xx.o(.text)
    CAN2_TX_IRQHandler                       0x080001b7   Thumb Code     0  startup_stm32f4xx.o(.text)
    CRYP_IRQHandler                          0x080001b7   Thumb Code     0  startup_stm32f4xx.o(.text)
    DCMI_IRQHandler                          0x080001b7   Thumb Code     0  startup_stm32f4xx.o(.text)
    DMA1_Stream0_IRQHandler                  0x080001b7   Thumb Code     0  startup_stm32f4xx.o(.text)
    DMA1_Stream1_IRQHandler                  0x080001b7   Thumb Code     0  startup_stm32f4xx.o(.text)
    DMA1_Stream2_IRQHandler                  0x080001b7   Thumb Code     0  startup_stm32f4xx.o(.text)
    DMA1_Stream3_IRQHandler                  0x080001b7   Thumb Code     0  startup_stm32f4xx.o(.text)
    DMA1_Stream4_IRQHandler                  0x080001b7   Thumb Code     0  startup_stm32f4xx.o(.text)
    DMA1_Stream5_IRQHandler                  0x080001b7   Thumb Code     0  startup_stm32f4xx.o(.text)
    DMA1_Stream6_IRQHandler                  0x080001b7   Thumb Code     0  startup_stm32f4xx.o(.text)
    DMA1_Stream7_IRQHandler                  0x080001b7   Thumb Code     0  startup_stm32f4xx.o(.text)
    DMA2_Stream0_IRQHandler                  0x080001b7   Thumb Code     0  startup_stm32f4xx.o(.text)
    DMA2_Stream1_IRQHandler                  0x080001b7   Thumb Code     0  startup_stm32f4xx.o(.text)
    DMA2_Stream2_IRQHandler                  0x080001b7   Thumb Code     0  startup_stm32f4xx.o(.text)
    DMA2_Stream3_IRQHandler                  0x080001b7   Thumb Code     0  startup_stm32f4xx.o(.text)
    DMA2_Stream5_IRQHandler                  0x080001b7   Thumb Code     0  startup_stm32f4xx.o(.text)
    DMA2_Stream6_IRQHandler                  0x080001b7   Thumb Code     0  startup_stm32f4xx.o(.text)
    DMA2_Stream7_IRQHandler                  0x080001b7   Thumb Code     0  startup_stm32f4xx.o(.text)
    ETH_IRQHandler                           0x080001b7   Thumb Code     0  startup_stm32f4xx.o(.text)
    ETH_WKUP_IRQHandler                      0x080001b7   Thumb Code     0  startup_stm32f4xx.o(.text)
    EXTI0_IRQHandler                         0x080001b7   Thumb Code     0  startup_stm32f4xx.o(.text)
    EXTI15_10_IRQHandler                     0x080001b7   Thumb Code     0  startup_stm32f4xx.o(.text)
    EXTI1_IRQHandler                         0x080001b7   Thumb Code     0  startup_stm32f4xx.o(.text)
    EXTI2_IRQHandler                         0x080001b7   Thumb Code     0  startup_stm32f4xx.o(.text)
    EXTI3_IRQHandler                         0x080001b7   Thumb Code     0  startup_stm32f4xx.o(.text)
    EXTI4_IRQHandler                         0x080001b7   Thumb Code     0  startup_stm32f4xx.o(.text)
    EXTI9_5_IRQHandler                       0x080001b7   Thumb Code     0  startup_stm32f4xx.o(.text)
    FLASH_IRQHandler                         0x080001b7   Thumb Code     0  startup_stm32f4xx.o(.text)
    FPU_IRQHandler                           0x080001b7   Thumb Code     0  startup_stm32f4xx.o(.text)
    FSMC_IRQHandler                          0x080001b7   Thumb Code     0  startup_stm32f4xx.o(.text)
    HASH_RNG_IRQHandler                      0x080001b7   Thumb Code     0  startup_stm32f4xx.o(.text)
    I2C1_ER_IRQHandler                       0x080001b7   Thumb Code     0  startup_stm32f4xx.o(.text)
    I2C1_EV_IRQHandler                       0x080001b7   Thumb Code     0  startup_stm32f4xx.o(.text)
    I2C2_ER_IRQHandler                       0x080001b7   Thumb Code     0  startup_stm32f4xx.o(.text)
    I2C2_EV_IRQHandler                       0x080001b7   Thumb Code     0  startup_stm32f4xx.o(.text)
    I2C3_ER_IRQHandler                       0x080001b7   Thumb Code     0  startup_stm32f4xx.o(.text)
    I2C3_EV_IRQHandler                       0x080001b7   Thumb Code     0  startup_stm32f4xx.o(.text)
    OTG_FS_IRQHandler                        0x080001b7   Thumb Code     0  startup_stm32f4xx.o(.text)
    OTG_FS_WKUP_IRQHandler                   0x080001b7   Thumb Code     0  startup_stm32f4xx.o(.text)
    OTG_HS_EP1_IN_IRQHandler                 0x080001b7   Thumb Code     0  startup_stm32f4xx.o(.text)
    OTG_HS_EP1_OUT_IRQHandler                0x080001b7   Thumb Code     0  startup_stm32f4xx.o(.text)
    OTG_HS_IRQHandler                        0x080001b7   Thumb Code     0  startup_stm32f4xx.o(.text)
    OTG_HS_WKUP_IRQHandler                   0x080001b7   Thumb Code     0  startup_stm32f4xx.o(.text)
    PVD_IRQHandler                           0x080001b7   Thumb Code     0  startup_stm32f4xx.o(.text)
    RCC_IRQHandler                           0x080001b7   Thumb Code     0  startup_stm32f4xx.o(.text)
    RTC_Alarm_IRQHandler                     0x080001b7   Thumb Code     0  startup_stm32f4xx.o(.text)
    RTC_WKUP_IRQHandler                      0x080001b7   Thumb Code     0  startup_stm32f4xx.o(.text)
    SDIO_IRQHandler                          0x080001b7   Thumb Code     0  startup_stm32f4xx.o(.text)
    SPI1_IRQHandler                          0x080001b7   Thumb Code     0  startup_stm32f4xx.o(.text)
    SPI2_IRQHandler                          0x080001b7   Thumb Code     0  startup_stm32f4xx.o(.text)
    SPI3_IRQHandler                          0x080001b7   Thumb Code     0  startup_stm32f4xx.o(.text)
    TAMP_STAMP_IRQHandler                    0x080001b7   Thumb Code     0  startup_stm32f4xx.o(.text)
    TIM1_BRK_TIM9_IRQHandler                 0x080001b7   Thumb Code     0  startup_stm32f4xx.o(.text)
    TIM1_CC_IRQHandler                       0x080001b7   Thumb Code     0  startup_stm32f4xx.o(.text)
    TIM1_TRG_COM_TIM11_IRQHandler            0x080001b7   Thumb Code     0  startup_stm32f4xx.o(.text)
    TIM1_UP_TIM10_IRQHandler                 0x080001b7   Thumb Code     0  startup_stm32f4xx.o(.text)
    TIM2_IRQHandler                          0x080001b7   Thumb Code     0  startup_stm32f4xx.o(.text)
    TIM4_IRQHandler                          0x080001b7   Thumb Code     0  startup_stm32f4xx.o(.text)
    TIM6_DAC_IRQHandler                      0x080001b7   Thumb Code     0  startup_stm32f4xx.o(.text)
    TIM8_BRK_TIM12_IRQHandler                0x080001b7   Thumb Code     0  startup_stm32f4xx.o(.text)
    TIM8_TRG_COM_TIM14_IRQHandler            0x080001b7   Thumb Code     0  startup_stm32f4xx.o(.text)
    TIM8_UP_TIM13_IRQHandler                 0x080001b7   Thumb Code     0  startup_stm32f4xx.o(.text)
    UART4_IRQHandler                         0x080001b7   Thumb Code     0  startup_stm32f4xx.o(.text)
    UART5_IRQHandler                         0x080001b7   Thumb Code     0  startup_stm32f4xx.o(.text)
    USART1_IRQHandler                        0x080001b7   Thumb Code     0  startup_stm32f4xx.o(.text)
    USART2_IRQHandler                        0x080001b7   Thumb Code     0  startup_stm32f4xx.o(.text)
    USART3_IRQHandler                        0x080001b7   Thumb Code     0  startup_stm32f4xx.o(.text)
    USART6_IRQHandler                        0x080001b7   Thumb Code     0  startup_stm32f4xx.o(.text)
    WWDG_IRQHandler                          0x080001b7   Thumb Code     0  startup_stm32f4xx.o(.text)
    OS_CPU_SR_Save                           0x080001c1   Thumb Code     0  os_cpu_a.o(.text)
    OS_CPU_SR_Restore                        0x080001c9   Thumb Code     0  os_cpu_a.o(.text)
    OSStartHighRdy                           0x080001cf   Thumb Code     0  os_cpu_a.o(.text)
    OSCtxSw                                  0x080001ef   Thumb Code     0  os_cpu_a.o(.text)
    OSIntCtxSw                               0x080001f9   Thumb Code     0  os_cpu_a.o(.text)
    PendSV_Handler                           0x08000203   Thumb Code     0  os_cpu_a.o(.text)
    __aeabi_memcpy                           0x08000271   Thumb Code    36  memcpya.o(.text)
    __aeabi_memcpy4                          0x08000271   Thumb Code     0  memcpya.o(.text)
    __aeabi_memcpy8                          0x08000271   Thumb Code     0  memcpya.o(.text)
    __aeabi_memset                           0x08000295   Thumb Code    14  memseta.o(.text)
    __aeabi_memset4                          0x08000295   Thumb Code     0  memseta.o(.text)
    __aeabi_memset8                          0x08000295   Thumb Code     0  memseta.o(.text)
    __aeabi_memclr                           0x080002a3   Thumb Code     4  memseta.o(.text)
    __aeabi_memclr4                          0x080002a3   Thumb Code     0  memseta.o(.text)
    __aeabi_memclr8                          0x080002a3   Thumb Code     0  memseta.o(.text)
    _memset$wrapper                          0x080002a7   Thumb Code    18  memseta.o(.text)
    __aeabi_f2d                              0x080002b9   Thumb Code    38  f2d.o(.text)
    __I$use$fp                               0x080002df   Thumb Code     0  iusefp.o(.text)
    _frem                                    0x080002df   Thumb Code    82  frem.o(.text)
    __scatterload                            0x08000331   Thumb Code    28  init.o(.text)
    __scatterload_rt2                        0x08000331   Thumb Code     0  init.o(.text)
    _float_round                             0x08000355   Thumb Code    18  fepilogue.o(.text)
    _float_epilogue                          0x08000367   Thumb Code    92  fepilogue.o(.text)
    __decompress                             0x080003c3   Thumb Code     0  __dczerorl.o(.text)
    __decompress0                            0x080003c3   Thumb Code    58  __dczerorl.o(.text)
    ADC_Cmd                                  0x080003fd   Thumb Code    18  stm32f4xx_adc.o(i.ADC_Cmd)
    ADC_CommonInit                           0x08000411   Thumb Code    36  stm32f4xx_adc.o(i.ADC_CommonInit)
    ADC_Init                                 0x0800043d   Thumb Code    76  stm32f4xx_adc.o(i.ADC_Init)
    ADC_InjectedChannelConfig                0x0800048d   Thumb Code    92  stm32f4xx_adc.o(i.ADC_InjectedChannelConfig)
    ADC_MultiModeDMARequestAfterLastTransferCmd 0x080004e9   Thumb Code    24  stm32f4xx_adc.o(i.ADC_MultiModeDMARequestAfterLastTransferCmd)
    ADC_RegularChannelConfig                 0x08000505   Thumb Code   144  stm32f4xx_adc.o(i.ADC_RegularChannelConfig)
    ADC_TempSensorVrefintCmd                 0x08000595   Thumb Code    24  stm32f4xx_adc.o(i.ADC_TempSensorVrefintCmd)
    CAN1_RX0_IRQHandler                      0x080005b1   Thumb Code    52  common_can.o(i.CAN1_RX0_IRQHandler)
    CAN_ClearITPendingBit                    0x080005f1   Thumb Code   152  stm32f4xx_can.o(i.CAN_ClearITPendingBit)
    CAN_FilterInit                           0x0800068d   Thumb Code   216  stm32f4xx_can.o(i.CAN_FilterInit)
    CAN_GetITStatus                          0x08000779   Thumb Code   264  stm32f4xx_can.o(i.CAN_GetITStatus)
    CAN_ITConfig                             0x08000885   Thumb Code    16  stm32f4xx_can.o(i.CAN_ITConfig)
    CAN_Init                                 0x08000895   Thumb Code   242  stm32f4xx_can.o(i.CAN_Init)
    CAN_Receive                              0x08000987   Thumb Code   180  stm32f4xx_can.o(i.CAN_Receive)
    CAN_Transmit                             0x08000a3b   Thumb Code   192  stm32f4xx_can.o(i.CAN_Transmit)
    DMA2_Stream4_IRQHandler                  0x08000afd   Thumb Code    40  mcpwm_foc.o(i.DMA2_Stream4_IRQHandler)
    DMA_ClearITPendingBit                    0x08000b2d   Thumb Code    28  stm32f4xx_dma.o(i.DMA_ClearITPendingBit)
    DMA_Cmd                                  0x08000b59   Thumb Code    18  stm32f4xx_dma.o(i.DMA_Cmd)
    DMA_GetITStatus                          0x08000b6d   Thumb Code    74  stm32f4xx_dma.o(i.DMA_GetITStatus)
    DMA_ITConfig                             0x08000bcd   Thumb Code    48  stm32f4xx_dma.o(i.DMA_ITConfig)
    DMA_Init                                 0x08000bfd   Thumb Code   116  stm32f4xx_dma.o(i.DMA_Init)
    GPIO_AF_Set                              0x08000c75   Thumb Code    38  sys.o(i.GPIO_AF_Set)
    GPIO_ReadInputDataBit                    0x08000c9b   Thumb Code    14  stm32f4xx_gpio.o(i.GPIO_ReadInputDataBit)
    GPIO_ResetBits                           0x08000ca9   Thumb Code     4  stm32f4xx_gpio.o(i.GPIO_ResetBits)
    GPIO_Set                                 0x08000cad   Thumb Code   160  sys.o(i.GPIO_Set)
    GPIO_SetBits                             0x08000d4d   Thumb Code     4  stm32f4xx_gpio.o(i.GPIO_SetBits)
    GPIO_WriteBit                            0x08000d51   Thumb Code    10  stm32f4xx_gpio.o(i.GPIO_WriteBit)
    OSInit                                   0x08000d5d   Thumb Code   336  os_core.o(i.OSInit)
    OSInitHookBegin                          0x08000ef1   Thumb Code     2  os_cpu_c.o(i.OSInitHookBegin)
    OSInitHookEnd                            0x08000ef3   Thumb Code     2  os_cpu_c.o(i.OSInitHookEnd)
    OSIntEnter                               0x08000ef5   Thumb Code    22  os_core.o(i.OSIntEnter)
    OSIntExit                                0x08000f11   Thumb Code    96  os_core.o(i.OSIntExit)
    OSSchedLock                              0x08000f81   Thumb Code    38  os_core.o(i.OSSchedLock)
    OSSchedUnlock                            0x08000fad   Thumb Code    54  os_core.o(i.OSSchedUnlock)
    OSStart                                  0x08000fe9   Thumb Code    46  os_core.o(i.OSStart)
    OSTCBInitHook                            0x08001029   Thumb Code     2  os_cpu_c.o(i.OSTCBInitHook)
    OSTaskCreate                             0x0800102d   Thumb Code   136  os_task.o(i.OSTaskCreate)
    OSTaskCreateExt                          0x080010c1   Thumb Code   172  os_task.o(i.OSTaskCreateExt)
    OSTaskCreateHook                         0x08001179   Thumb Code     2  os_cpu_c.o(i.OSTaskCreateHook)
    OSTaskIdleHook                           0x0800117b   Thumb Code     2  os_cpu_c.o(i.OSTaskIdleHook)
    OSTaskNameSet                            0x0800117d   Thumb Code    80  os_task.o(i.OSTaskNameSet)
    OSTaskStatHook                           0x080011d9   Thumb Code     2  os_cpu_c.o(i.OSTaskStatHook)
    OSTaskStkChk                             0x080011dd   Thumb Code   122  os_task.o(i.OSTaskStkChk)
    OSTaskStkInit                            0x08001261   Thumb Code   338  os_cpu_c.o(i.OSTaskStkInit)
    OSTaskSuspend                            0x080013b5   Thumb Code   134  os_task.o(i.OSTaskSuspend)
    OSTaskSwHook                             0x0800144d   Thumb Code     2  os_cpu_c.o(i.OSTaskSwHook)
    OSTimeDly                                0x08001451   Thumb Code    88  os_time.o(i.OSTimeDly)
    OSTimeTick                               0x080014bd   Thumb Code   172  os_core.o(i.OSTimeTick)
    OSTimeTickHook                           0x08001571   Thumb Code     2  os_cpu_c.o(i.OSTimeTickHook)
    OS_CPU_SysTickInit                       0x08001575   Thumb Code    58  os_cpu_c.o(i.OS_CPU_SysTickInit)
    OS_FlagInit                              0x080015b5   Thumb Code    66  os_flag.o(i.OS_FlagInit)
    OS_MemClr                                0x08001605   Thumb Code    22  os_core.o(i.OS_MemClr)
    OS_MemInit                               0x0800161d   Thumb Code    62  os_mem.o(i.OS_MemInit)
    OS_QInit                                 0x08001669   Thumb Code    56  os_q.o(i.OS_QInit)
    OS_Sched                                 0x080016a9   Thumb Code    82  os_core.o(i.OS_Sched)
    OS_TCBInit                               0x0800170d   Thumb Code   290  os_core.o(i.OS_TCBInit)
    OS_TaskIdle                              0x08001841   Thumb Code    22  os_core.o(i.OS_TaskIdle)
    OS_TaskStat                              0x0800185d   Thumb Code   156  os_core.o(i.OS_TaskStat)
    RCC_AHB1PeriphClockCmd                   0x08001905   Thumb Code    18  stm32f4xx_rcc.o(i.RCC_AHB1PeriphClockCmd)
    RCC_APB1PeriphClockCmd                   0x0800191d   Thumb Code    18  stm32f4xx_rcc.o(i.RCC_APB1PeriphClockCmd)
    RCC_APB1PeriphResetCmd                   0x08001935   Thumb Code    18  stm32f4xx_rcc.o(i.RCC_APB1PeriphResetCmd)
    RCC_APB2PeriphClockCmd                   0x0800194d   Thumb Code    18  stm32f4xx_rcc.o(i.RCC_APB2PeriphClockCmd)
    RCC_APB2PeriphResetCmd                   0x08001965   Thumb Code    18  stm32f4xx_rcc.o(i.RCC_APB2PeriphResetCmd)
    RCC_GetClocksFreq                        0x0800197d   Thumb Code   144  stm32f4xx_rcc.o(i.RCC_GetClocksFreq)
    SysTick_Handler                          0x08001a21   Thumb Code    38  os_cpu_c.o(i.SysTick_Handler)
    SystemInit                               0x08001a51   Thumb Code   238  system_stm32f4xx.o(i.SystemInit)
    TIM3_IRQHandler                          0x08001b65   Thumb Code    34  encoder.o(i.TIM3_IRQHandler)
    TIM5_IRQHandler                          0x08001b8d   Thumb Code   352  mcpwm_foc.o(i.TIM5_IRQHandler)
    TIM7_IRQHandler                          0x08001d05   Thumb Code    58  common_can.o(i.TIM7_IRQHandler)
    TIM8_CC_IRQHandler                       0x08001d4d   Thumb Code    44  mcpwm_foc.o(i.TIM8_CC_IRQHandler)
    TIM_ARRPreloadConfig                     0x08001d85   Thumb Code    18  stm32f4xx_tim.o(i.TIM_ARRPreloadConfig)
    TIM_BDTRConfig                           0x08001d97   Thumb Code    36  stm32f4xx_tim.o(i.TIM_BDTRConfig)
    TIM_CCPreloadControl                     0x08001dbb   Thumb Code    18  stm32f4xx_tim.o(i.TIM_CCPreloadControl)
    TIM_CCxCmd                               0x08001dcd   Thumb Code    26  stm32f4xx_tim.o(i.TIM_CCxCmd)
    TIM_CCxNCmd                              0x08001de7   Thumb Code    26  stm32f4xx_tim.o(i.TIM_CCxNCmd)
    TIM_ClearITPendingBit                    0x08001e01   Thumb Code     6  stm32f4xx_tim.o(i.TIM_ClearITPendingBit)
    TIM_Cmd                                  0x08001e07   Thumb Code    18  stm32f4xx_tim.o(i.TIM_Cmd)
    TIM_CtrlPWMOutputs                       0x08001e19   Thumb Code    22  stm32f4xx_tim.o(i.TIM_CtrlPWMOutputs)
    TIM_DeInit                               0x08001e2f   Thumb Code   436  stm32f4xx_tim.o(i.TIM_DeInit)
    TIM_GenerateEvent                        0x08001fe3   Thumb Code     4  stm32f4xx_tim.o(i.TIM_GenerateEvent)
    TIM_GetITStatus                          0x08001fe7   Thumb Code    22  stm32f4xx_tim.o(i.TIM_GetITStatus)
    TIM_ITConfig                             0x08001ffd   Thumb Code    16  stm32f4xx_tim.o(i.TIM_ITConfig)
    TIM_OC1Init                              0x0800200d   Thumb Code   104  stm32f4xx_tim.o(i.TIM_OC1Init)
    TIM_OC1PreloadConfig                     0x08002075   Thumb Code    12  stm32f4xx_tim.o(i.TIM_OC1PreloadConfig)
    TIM_OC2Init                              0x08002081   Thumb Code   134  stm32f4xx_tim.o(i.TIM_OC2Init)
    TIM_OC2PreloadConfig                     0x08002107   Thumb Code    20  stm32f4xx_tim.o(i.TIM_OC2PreloadConfig)
    TIM_OC3Init                              0x0800211b   Thumb Code   132  stm32f4xx_tim.o(i.TIM_OC3Init)
    TIM_OC3PreloadConfig                     0x0800219f   Thumb Code    12  stm32f4xx_tim.o(i.TIM_OC3PreloadConfig)
    TIM_OC4Init                              0x080021ab   Thumb Code   104  stm32f4xx_tim.o(i.TIM_OC4Init)
    TIM_OC4PreloadConfig                     0x08002213   Thumb Code    20  stm32f4xx_tim.o(i.TIM_OC4PreloadConfig)
    TIM_SelectInputTrigger                   0x08002227   Thumb Code    12  stm32f4xx_tim.o(i.TIM_SelectInputTrigger)
    TIM_SelectMasterSlaveMode                0x08002233   Thumb Code    16  stm32f4xx_tim.o(i.TIM_SelectMasterSlaveMode)
    TIM_SelectOCxM                           0x08002243   Thumb Code   102  stm32f4xx_tim.o(i.TIM_SelectOCxM)
    TIM_SelectOutputTrigger                  0x080022a9   Thumb Code    16  stm32f4xx_tim.o(i.TIM_SelectOutputTrigger)
    TIM_SelectSlaveMode                      0x080022b9   Thumb Code    16  stm32f4xx_tim.o(i.TIM_SelectSlaveMode)
    TIM_TimeBaseInit                         0x080022c9   Thumb Code   120  stm32f4xx_tim.o(i.TIM_TimeBaseInit)
    Task_LED                                 0x08002349   Thumb Code    86  led.o(i.Task_LED)
    __hardfp_fmodf                           0x080023f1   Thumb Code   176  fmodf.o(i.__hardfp_fmodf)
    __hardfp_logf                            0x080024a1   Thumb Code   320  logf.o(i.__hardfp_logf)
    __mathlib_logf                           0x080024a1   Thumb Code     0  logf.o(i.__hardfp_logf)
    __mathlib_flt_divzero                    0x0800260d   Thumb Code    14  funder.o(i.__mathlib_flt_divzero)
    __mathlib_flt_infnan                     0x08002621   Thumb Code     6  funder.o(i.__mathlib_flt_infnan)
    __mathlib_flt_invalid                    0x08002629   Thumb Code    10  funder.o(i.__mathlib_flt_invalid)
    __scatterload_copy                       0x08002639   Thumb Code    14  handlers.o(i.__scatterload_copy)
    __scatterload_null                       0x08002647   Thumb Code     2  handlers.o(i.__scatterload_null)
    __scatterload_zeroinit                   0x08002649   Thumb Code    14  handlers.o(i.__scatterload_zeroinit)
    __set_errno                              0x08002659   Thumb Code     6  errno.o(i.__set_errno)
    buffer_append_int16                      0x08002665   Thumb Code    32  buffer.o(i.buffer_append_int16)
    canProcess                               0x08002685   Thumb Code    38  common_can.o(i.canProcess)
    canReceive                               0x080026b5   Thumb Code    78  common_can.o(i.canReceive)
    canSendstatus                            0x08002711   Thumb Code   154  common_can.o(i.canSendstatus)
    comm_can_init                            0x080027b1   Thumb Code   224  common_can.o(i.comm_can_init)
    conf_general_get_default_mc_configuration 0x080028a1   Thumb Code   528  conf_general.o(i.conf_general_get_default_mc_configuration)
    delay_ms                                 0x080031c1   Thumb Code    28  delay.o(i.delay_ms)
    drv8301_init                             0x080031dd   Thumb Code   146  drv8301.o(i.drv8301_init)
    drv8301_read_faults                      0x08003275   Thumb Code    26  drv8301.o(i.drv8301_read_faults)
    drv8301_read_reg                         0x08003291   Thumb Code    82  drv8301.o(i.drv8301_read_reg)
    drv8301_set_oc_adj                       0x080032e9   Thumb Code    32  drv8301.o(i.drv8301_set_oc_adj)
    drv8301_set_oc_mode                      0x08003309   Thumb Code    34  drv8301.o(i.drv8301_set_oc_mode)
    drv8301_write_reg                        0x0800332d   Thumb Code    50  drv8301.o(i.drv8301_write_reg)
    encoder_index_found                      0x08003365   Thumb Code     6  encoder.o(i.encoder_index_found)
    encoder_init                             0x08003371   Thumb Code   134  encoder.o(i.encoder_init)
    encoder_read_deg                         0x08003405   Thumb Code     8  encoder.o(i.encoder_read_deg)
    encoder_tim_isr                          0x08003411   Thumb Code   206  encoder.o(i.encoder_tim_isr)
    hw_init_gpio                             0x080034f1   Thumb Code   280  hw_60.o(i.hw_init_gpio)
    hw_setup_adc_channels                    0x08003615   Thumb Code   300  hw_60.o(i.hw_setup_adc_channels)
    logf                                     0x0800374d   Thumb Code    16  logf.o(i.logf)
    main                                     0x0800375d   Thumb Code    54  main.o(i.main)
    mc_interface_current_feedforward         0x0800379d   Thumb Code    52  mc_interface.o(i.mc_interface_current_feedforward)
    mc_interface_fault_stop                  0x080037d9   Thumb Code   400  mc_interface.o(i.mc_interface_fault_stop)
    mc_interface_get_pid_pos_now             0x080039a5   Thumb Code     4  mc_interface.o(i.mc_interface_get_pid_pos_now)
    mc_interface_get_rpm_now                 0x080039a9   Thumb Code    38  mc_interface.o(i.mc_interface_get_rpm_now)
    mc_interface_get_tot_current             0x080039d9   Thumb Code     4  mc_interface.o(i.mc_interface_get_tot_current)
    mc_interface_init                        0x080039dd   Thumb Code   744  mc_interface.o(i.mc_interface_init)
    mc_interface_mc_timer_isr                0x08003cd1   Thumb Code   384  mc_interface.o(i.mc_interface_mc_timer_isr)
    mc_interface_temp_motor_filtered         0x08003e69   Thumb Code     8  mc_interface.o(i.mc_interface_temp_motor_filtered)
    mcpwm_foc_get_abs_motor_current          0x08003e75   Thumb Code     8  mcpwm_foc.o(i.mcpwm_foc_get_abs_motor_current)
    mcpwm_foc_get_abs_motor_current_filtered 0x08003e81   Thumb Code     8  mcpwm_foc.o(i.mcpwm_foc_get_abs_motor_current_filtered)
    mcpwm_foc_get_duty_cycle_now             0x08003e8d   Thumb Code     8  mcpwm_foc.o(i.mcpwm_foc_get_duty_cycle_now)
    mcpwm_foc_get_id                         0x08003e99   Thumb Code     8  mcpwm_foc.o(i.mcpwm_foc_get_id)
    mcpwm_foc_get_iq                         0x08003ea5   Thumb Code     8  mcpwm_foc.o(i.mcpwm_foc_get_iq)
    mcpwm_foc_get_pid_pos_now                0x08003eb1   Thumb Code     8  mcpwm_foc.o(i.mcpwm_foc_get_pid_pos_now)
    mcpwm_foc_get_rpm_now                    0x08003ebd   Thumb Code    16  mcpwm_foc.o(i.mcpwm_foc_get_rpm_now)
    mcpwm_foc_get_state                      0x08003ed5   Thumb Code     6  mcpwm_foc.o(i.mcpwm_foc_get_state)
    mcpwm_foc_get_tot_current                0x08003ee1   Thumb Code    40  mcpwm_foc.o(i.mcpwm_foc_get_tot_current)
    mcpwm_foc_get_tot_current_filtered       0x08003f0d   Thumb Code    40  mcpwm_foc.o(i.mcpwm_foc_get_tot_current_filtered)
    mcpwm_foc_get_tot_current_in             0x08003f39   Thumb Code     8  mcpwm_foc.o(i.mcpwm_foc_get_tot_current_in)
    mcpwm_foc_init                           0x08003f45   Thumb Code  1152  mcpwm_foc.o(i.mcpwm_foc_init)
    mcpwm_foc_set_current                    0x080043cd   Thumb Code    86  mcpwm_foc.o(i.mcpwm_foc_set_current)
    mcpwm_foc_stop_pwm                       0x08004429   Thumb Code    16  mcpwm_foc.o(i.mcpwm_foc_stop_pwm)
    mcpwm_foc_tim_sample_int_handler         0x08004441   Thumb Code  2474  mcpwm_foc.o(i.mcpwm_foc_tim_sample_int_handler)
    nvicEnableVector                         0x08004dfd   Thumb Code    36  sys.o(i.nvicEnableVector)
    observer_update                          0x08004e21   Thumb Code   466  mcpwm_foc.o(i.observer_update)
    utils_angle_difference                   0x08005271   Thumb Code    56  utils.o(i.utils_angle_difference)
    utils_angle_difference_rad               0x080052b5   Thumb Code    56  utils.o(i.utils_angle_difference_rad)
    utils_fast_atan2                         0x080052f9   Thumb Code   112  utils.o(i.utils_fast_atan2)
    utils_fast_sincos_better                 0x0800537d   Thumb Code   262  utils.o(i.utils_fast_sincos_better)
    utils_map                                0x080054a1   Thumb Code    26  utils.o(i.utils_map)
    utils_max_abs                            0x080054bb   Thumb Code    24  utils.o(i.utils_max_abs)
    utils_middle_of_3_int                    0x080054d3   Thumb Code    42  utils.o(i.utils_middle_of_3_int)
    utils_norm_angle                         0x080054fd   Thumb Code    52  utils.o(i.utils_norm_angle)
    utils_norm_angle_rad                     0x08005535   Thumb Code    64  utils.o(i.utils_norm_angle_rad)
    utils_saturate_vector_2d                 0x08005581   Thumb Code    82  utils.o(i.utils_saturate_vector_2d)
    utils_truncate_number                    0x080055dd   Thumb Code    44  utils.o(i.utils_truncate_number)
    utils_truncate_number_abs                0x08005609   Thumb Code    40  utils.o(i.utils_truncate_number_abs)
    OSUnMapTbl                               0x08005630   Data         256  os_core.o(.constdata)
    Region$$Table$$Base                      0x08005770   Number         0  anon$$obj.o(Region$$Table)
    Region$$Table$$Limit                     0x08005790   Number         0  anon$$obj.o(Region$$Table)
    OSCPUUsage                               0x20000148   Data           1  os_core.o(.data)
    OSStatRdy                                0x20000149   Data           1  os_core.o(.data)
    OSIntNesting                             0x2000014a   Data           1  os_core.o(.data)
    OSLockNesting                            0x2000014b   Data           1  os_core.o(.data)
    OSPrioCur                                0x2000014c   Data           1  os_core.o(.data)
    OSPrioHighRdy                            0x2000014d   Data           1  os_core.o(.data)
    OSRdyGrp                                 0x2000014e   Data           1  os_core.o(.data)
    OSRunning                                0x2000014f   Data           1  os_core.o(.data)
    OSTaskCtr                                0x20000150   Data           1  os_core.o(.data)
    OSTickStepState                          0x20000151   Data           1  os_core.o(.data)
    OSCtxSwCtr                               0x20000154   Data           4  os_core.o(.data)
    OSEventFreeList                          0x20000158   Data           4  os_core.o(.data)
    OSIdleCtrMax                             0x2000015c   Data           4  os_core.o(.data)
    OSIdleCtrRun                             0x20000160   Data           4  os_core.o(.data)
    OSIdleCtr                                0x20000164   Data           4  os_core.o(.data)
    OSTCBCur                                 0x20000168   Data           4  os_core.o(.data)
    OSTCBFreeList                            0x2000016c   Data           4  os_core.o(.data)
    OSTCBHighRdy                             0x20000170   Data           4  os_core.o(.data)
    OSTCBList                                0x20000174   Data           4  os_core.o(.data)
    OSTime                                   0x20000178   Data           4  os_core.o(.data)
    OSRdyTbl                                 0x2000017c   Data           8  os_core.o(.data)
    OSFlagFreeList                           0x20000184   Data           4  os_core.o(.data)
    OSMemFreeList                            0x20000188   Data           4  os_core.o(.data)
    OSQFreeList                              0x2000018c   Data           4  os_core.o(.data)
    tick_ms                                  0x20000190   Data           4  os_cpu_c.o(.data)
    START_TASK_STK                           0x20000198   Data        1024  main.o(.bss)
    MAIN_TASK_STK                            0x20000598   Data        4096  main.o(.bss)
    LED_TASK_STK                             0x20001598   Data        2048  main.o(.bss)
    ADC_Value                                0x20001d98   Data          30  mc_interface.o(.bss)
    ADC_curr_norm_value                      0x200023f8   Data          12  mc_interface.o(.bss)
    OSEventTbl                               0x20002874   Data         300  os_core.o(.bss)
    OSTaskStatStk                            0x200029a0   Data         512  os_core.o(.bss)
    OSTaskIdleStk                            0x20002ba0   Data         512  os_core.o(.bss)
    OSTCBPrioTbl                             0x20002da0   Data         256  os_core.o(.bss)
    OSTCBTbl                                 0x20002ea0   Data        5208  os_core.o(.bss)
    OSFlagTbl                                0x200042f8   Data          80  os_core.o(.bss)
    OSMemTbl                                 0x20004348   Data         120  os_core.o(.bss)
    OSQTbl                                   0x200043c0   Data          96  os_core.o(.bss)
    __initial_sp                             0x20004820   Data           0  startup_stm32f4xx.o(STACK)



==============================================================================

Memory Map of the image

  Image Entry point : 0x08000189

  Load Region LR_IROM1 (Base: 0x08000000, Size: 0x00005928, Max: 0x00100000, ABSOLUTE, COMPRESSED[0x000057a4])

    Execution Region ER_IROM1 (Exec base: 0x08000000, Load base: 0x08000000, Size: 0x00005790, Max: 0x00100000, ABSOLUTE)

    Exec Addr    Load Addr    Size         Type   Attr      Idx    E Section Name        Object

    0x08000000   0x08000000   0x00000188   Data   RO         3357    RESET               startup_stm32f4xx.o
    0x08000188   0x08000188   0x00000000   Code   RO         4350  * .ARM.Collect$$$$00000000  mc_w.l(entry.o)
    0x08000188   0x08000188   0x00000004   Code   RO         4379    .ARM.Collect$$$$00000001  mc_w.l(entry2.o)
    0x0800018c   0x0800018c   0x00000004   Code   RO         4382    .ARM.Collect$$$$00000004  mc_w.l(entry5.o)
    0x08000190   0x08000190   0x00000000   Code   RO         4384    .ARM.Collect$$$$00000008  mc_w.l(entry7b.o)
    0x08000190   0x08000190   0x00000000   Code   RO         4386    .ARM.Collect$$$$0000000A  mc_w.l(entry8b.o)
    0x08000190   0x08000190   0x00000008   Code   RO         4387    .ARM.Collect$$$$0000000B  mc_w.l(entry9a.o)
    0x08000198   0x08000198   0x00000000   Code   RO         4389    .ARM.Collect$$$$0000000D  mc_w.l(entry10a.o)
    0x08000198   0x08000198   0x00000000   Code   RO         4391    .ARM.Collect$$$$0000000F  mc_w.l(entry11a.o)
    0x08000198   0x08000198   0x00000004   Code   RO         4380    .ARM.Collect$$$$00002712  mc_w.l(entry2.o)
    0x0800019c   0x0800019c   0x00000024   Code   RO         3358    .text               startup_stm32f4xx.o
    0x080001c0   0x080001c0   0x000000b0   Code   RO         4006    .text               os_cpu_a.o
    0x08000270   0x08000270   0x00000024   Code   RO         4353    .text               mc_w.l(memcpya.o)
    0x08000294   0x08000294   0x00000024   Code   RO         4355    .text               mc_w.l(memseta.o)
    0x080002b8   0x080002b8   0x00000026   Code   RO         4361    .text               mf_w.l(f2d.o)
    0x080002de   0x080002de   0x00000000   Code   RO         4400    .text               mc_w.l(iusefp.o)
    0x080002de   0x080002de   0x00000052   Code   RO         4403    .text               mf_w.l(frem.o)
    0x08000330   0x08000330   0x00000024   Code   RO         4407    .text               mc_w.l(init.o)
    0x08000354   0x08000354   0x0000006e   Code   RO         4409    .text               mf_w.l(fepilogue.o)
    0x080003c2   0x080003c2   0x0000003a   Code   RO         4419    .text               mc_w.l(__dczerorl.o)
    0x080003fc   0x080003fc   0x00000012   Code   RO         2799    i.ADC_Cmd           stm32f4xx_adc.o
    0x0800040e   0x0800040e   0x00000002   PAD
    0x08000410   0x08000410   0x0000002c   Code   RO         2800    i.ADC_CommonInit    stm32f4xx_adc.o
    0x0800043c   0x0800043c   0x00000050   Code   RO         2819    i.ADC_Init          stm32f4xx_adc.o
    0x0800048c   0x0800048c   0x0000005c   Code   RO         2820    i.ADC_InjectedChannelConfig  stm32f4xx_adc.o
    0x080004e8   0x080004e8   0x0000001c   Code   RO         2823    i.ADC_MultiModeDMARequestAfterLastTransferCmd  stm32f4xx_adc.o
    0x08000504   0x08000504   0x00000090   Code   RO         2824    i.ADC_RegularChannelConfig  stm32f4xx_adc.o
    0x08000594   0x08000594   0x0000001c   Code   RO         2829    i.ADC_TempSensorVrefintCmd  stm32f4xx_adc.o
    0x080005b0   0x080005b0   0x00000040   Code   RO          814    i.CAN1_RX0_IRQHandler  common_can.o
    0x080005f0   0x080005f0   0x0000009c   Code   RO         1311    i.CAN_ClearITPendingBit  stm32f4xx_can.o
    0x0800068c   0x0800068c   0x000000ec   Code   RO         1315    i.CAN_FilterInit    stm32f4xx_can.o
    0x08000778   0x08000778   0x0000010c   Code   RO         1317    i.CAN_GetITStatus   stm32f4xx_can.o
    0x08000884   0x08000884   0x00000010   Code   RO         1321    i.CAN_ITConfig      stm32f4xx_can.o
    0x08000894   0x08000894   0x000000f2   Code   RO         1322    i.CAN_Init          stm32f4xx_can.o
    0x08000986   0x08000986   0x000000b4   Code   RO         1325    i.CAN_Receive       stm32f4xx_can.o
    0x08000a3a   0x08000a3a   0x000000c0   Code   RO         1330    i.CAN_Transmit      stm32f4xx_can.o
    0x08000afa   0x08000afa   0x00000002   PAD
    0x08000afc   0x08000afc   0x00000030   Code   RO          501    i.DMA2_Stream4_IRQHandler  mcpwm_foc.o
    0x08000b2c   0x08000b2c   0x0000002c   Code   RO         1472    i.DMA_ClearITPendingBit  stm32f4xx_dma.o
    0x08000b58   0x08000b58   0x00000012   Code   RO         1473    i.DMA_Cmd           stm32f4xx_dma.o
    0x08000b6a   0x08000b6a   0x00000002   PAD
    0x08000b6c   0x08000b6c   0x00000060   Code   RO         1483    i.DMA_GetITStatus   stm32f4xx_dma.o
    0x08000bcc   0x08000bcc   0x00000030   Code   RO         1484    i.DMA_ITConfig      stm32f4xx_dma.o
    0x08000bfc   0x08000bfc   0x00000078   Code   RO         1485    i.DMA_Init          stm32f4xx_dma.o
    0x08000c74   0x08000c74   0x00000026   Code   RO          918    i.GPIO_AF_Set       sys.o
    0x08000c9a   0x08000c9a   0x0000000e   Code   RO         1674    i.GPIO_ReadInputDataBit  stm32f4xx_gpio.o
    0x08000ca8   0x08000ca8   0x00000004   Code   RO         1677    i.GPIO_ResetBits    stm32f4xx_gpio.o
    0x08000cac   0x08000cac   0x000000a0   Code   RO          919    i.GPIO_Set          sys.o
    0x08000d4c   0x08000d4c   0x00000004   Code   RO         1678    i.GPIO_SetBits      stm32f4xx_gpio.o
    0x08000d50   0x08000d50   0x0000000a   Code   RO         1682    i.GPIO_WriteBit     stm32f4xx_gpio.o
    0x08000d5a   0x08000d5a   0x00000002   PAD
    0x08000d5c   0x08000d5c   0x00000194   Code   RO         3362    i.OSInit            os_core.o
    0x08000ef0   0x08000ef0   0x00000002   Code   RO         4012    i.OSInitHookBegin   os_cpu_c.o
    0x08000ef2   0x08000ef2   0x00000002   Code   RO         4013    i.OSInitHookEnd     os_cpu_c.o
    0x08000ef4   0x08000ef4   0x0000001c   Code   RO         3363    i.OSIntEnter        os_core.o
    0x08000f10   0x08000f10   0x00000070   Code   RO         3364    i.OSIntExit         os_core.o
    0x08000f80   0x08000f80   0x0000002c   Code   RO         3365    i.OSSchedLock       os_core.o
    0x08000fac   0x08000fac   0x0000003c   Code   RO         3366    i.OSSchedUnlock     os_core.o
    0x08000fe8   0x08000fe8   0x00000040   Code   RO         3367    i.OSStart           os_core.o
    0x08001028   0x08001028   0x00000002   Code   RO         4014    i.OSTCBInitHook     os_cpu_c.o
    0x0800102a   0x0800102a   0x00000002   PAD
    0x0800102c   0x0800102c   0x00000094   Code   RO         3869    i.OSTaskCreate      os_task.o
    0x080010c0   0x080010c0   0x000000b8   Code   RO         3870    i.OSTaskCreateExt   os_task.o
    0x08001178   0x08001178   0x00000002   Code   RO         4015    i.OSTaskCreateHook  os_cpu_c.o
    0x0800117a   0x0800117a   0x00000002   Code   RO         4017    i.OSTaskIdleHook    os_cpu_c.o
    0x0800117c   0x0800117c   0x0000005c   Code   RO         3874    i.OSTaskNameSet     os_task.o
    0x080011d8   0x080011d8   0x00000002   Code   RO         4019    i.OSTaskStatHook    os_cpu_c.o
    0x080011da   0x080011da   0x00000002   PAD
    0x080011dc   0x080011dc   0x00000084   Code   RO         3879    i.OSTaskStkChk      os_task.o
    0x08001260   0x08001260   0x00000152   Code   RO         4020    i.OSTaskStkInit     os_cpu_c.o
    0x080013b2   0x080013b2   0x00000002   PAD
    0x080013b4   0x080013b4   0x00000098   Code   RO         3880    i.OSTaskSuspend     os_task.o
    0x0800144c   0x0800144c   0x00000002   Code   RO         4021    i.OSTaskSwHook      os_cpu_c.o
    0x0800144e   0x0800144e   0x00000002   PAD
    0x08001450   0x08001450   0x0000006c   Code   RO         3964    i.OSTimeDly         os_time.o
    0x080014bc   0x080014bc   0x000000b4   Code   RO         3369    i.OSTimeTick        os_core.o
    0x08001570   0x08001570   0x00000002   Code   RO         4022    i.OSTimeTickHook    os_cpu_c.o
    0x08001572   0x08001572   0x00000002   PAD
    0x08001574   0x08001574   0x00000040   Code   RO         4023    i.OS_CPU_SysTickInit  os_cpu_c.o
    0x080015b4   0x080015b4   0x00000050   Code   RO         3521    i.OS_FlagInit       os_flag.o
    0x08001604   0x08001604   0x00000016   Code   RO         3376    i.OS_MemClr         os_core.o
    0x0800161a   0x0800161a   0x00000002   PAD
    0x0800161c   0x0800161c   0x0000004c   Code   RO         3653    i.OS_MemInit        os_mem.o
    0x08001668   0x08001668   0x00000040   Code   RO         3752    i.OS_QInit          os_q.o
    0x080016a8   0x080016a8   0x00000064   Code   RO         3378    i.OS_Sched          os_core.o
    0x0800170c   0x0800170c   0x00000134   Code   RO         3380    i.OS_TCBInit        os_core.o
    0x08001840   0x08001840   0x0000001c   Code   RO         3381    i.OS_TaskIdle       os_core.o
    0x0800185c   0x0800185c   0x000000a8   Code   RO         3382    i.OS_TaskStat       os_core.o
    0x08001904   0x08001904   0x00000018   Code   RO         1771    i.RCC_AHB1PeriphClockCmd  stm32f4xx_rcc.o
    0x0800191c   0x0800191c   0x00000018   Code   RO         1780    i.RCC_APB1PeriphClockCmd  stm32f4xx_rcc.o
    0x08001934   0x08001934   0x00000018   Code   RO         1782    i.RCC_APB1PeriphResetCmd  stm32f4xx_rcc.o
    0x0800194c   0x0800194c   0x00000018   Code   RO         1783    i.RCC_APB2PeriphClockCmd  stm32f4xx_rcc.o
    0x08001964   0x08001964   0x00000018   Code   RO         1785    i.RCC_APB2PeriphResetCmd  stm32f4xx_rcc.o
    0x0800197c   0x0800197c   0x000000a4   Code   RO         1792    i.RCC_GetClocksFreq  stm32f4xx_rcc.o
    0x08001a20   0x08001a20   0x00000030   Code   RO         4024    i.SysTick_Handler   os_cpu_c.o
    0x08001a50   0x08001a50   0x00000114   Code   RO         3304    i.SystemInit        system_stm32f4xx.o
    0x08001b64   0x08001b64   0x00000028   Code   RO          248    i.TIM3_IRQHandler   encoder.o
    0x08001b8c   0x08001b8c   0x00000178   Code   RO          502    i.TIM5_IRQHandler   mcpwm_foc.o
    0x08001d04   0x08001d04   0x00000048   Code   RO          815    i.TIM7_IRQHandler   common_can.o
    0x08001d4c   0x08001d4c   0x00000038   Code   RO          503    i.TIM8_CC_IRQHandler  mcpwm_foc.o
    0x08001d84   0x08001d84   0x00000012   Code   RO         2056    i.TIM_ARRPreloadConfig  stm32f4xx_tim.o
    0x08001d96   0x08001d96   0x00000024   Code   RO         2057    i.TIM_BDTRConfig    stm32f4xx_tim.o
    0x08001dba   0x08001dba   0x00000012   Code   RO         2059    i.TIM_CCPreloadControl  stm32f4xx_tim.o
    0x08001dcc   0x08001dcc   0x0000001a   Code   RO         2060    i.TIM_CCxCmd        stm32f4xx_tim.o
    0x08001de6   0x08001de6   0x0000001a   Code   RO         2061    i.TIM_CCxNCmd       stm32f4xx_tim.o
    0x08001e00   0x08001e00   0x00000006   Code   RO         2063    i.TIM_ClearITPendingBit  stm32f4xx_tim.o
    0x08001e06   0x08001e06   0x00000012   Code   RO         2068    i.TIM_Cmd           stm32f4xx_tim.o
    0x08001e18   0x08001e18   0x00000016   Code   RO         2070    i.TIM_CtrlPWMOutputs  stm32f4xx_tim.o
    0x08001e2e   0x08001e2e   0x000001b4   Code   RO         2073    i.TIM_DeInit        stm32f4xx_tim.o
    0x08001fe2   0x08001fe2   0x00000004   Code   RO         2082    i.TIM_GenerateEvent  stm32f4xx_tim.o
    0x08001fe6   0x08001fe6   0x00000016   Code   RO         2089    i.TIM_GetITStatus   stm32f4xx_tim.o
    0x08001ffc   0x08001ffc   0x00000010   Code   RO         2093    i.TIM_ITConfig      stm32f4xx_tim.o
    0x0800200c   0x0800200c   0x00000068   Code   RO         2097    i.TIM_OC1Init       stm32f4xx_tim.o
    0x08002074   0x08002074   0x0000000c   Code   RO         2100    i.TIM_OC1PreloadConfig  stm32f4xx_tim.o
    0x08002080   0x08002080   0x00000086   Code   RO         2102    i.TIM_OC2Init       stm32f4xx_tim.o
    0x08002106   0x08002106   0x00000014   Code   RO         2105    i.TIM_OC2PreloadConfig  stm32f4xx_tim.o
    0x0800211a   0x0800211a   0x00000084   Code   RO         2107    i.TIM_OC3Init       stm32f4xx_tim.o
    0x0800219e   0x0800219e   0x0000000c   Code   RO         2110    i.TIM_OC3PreloadConfig  stm32f4xx_tim.o
    0x080021aa   0x080021aa   0x00000068   Code   RO         2112    i.TIM_OC4Init       stm32f4xx_tim.o
    0x08002212   0x08002212   0x00000014   Code   RO         2114    i.TIM_OC4PreloadConfig  stm32f4xx_tim.o
    0x08002226   0x08002226   0x0000000c   Code   RO         2122    i.TIM_SelectInputTrigger  stm32f4xx_tim.o
    0x08002232   0x08002232   0x00000010   Code   RO         2123    i.TIM_SelectMasterSlaveMode  stm32f4xx_tim.o
    0x08002242   0x08002242   0x00000066   Code   RO         2124    i.TIM_SelectOCxM    stm32f4xx_tim.o
    0x080022a8   0x080022a8   0x00000010   Code   RO         2126    i.TIM_SelectOutputTrigger  stm32f4xx_tim.o
    0x080022b8   0x080022b8   0x00000010   Code   RO         2127    i.TIM_SelectSlaveMode  stm32f4xx_tim.o
    0x080022c8   0x080022c8   0x00000080   Code   RO         2140    i.TIM_TimeBaseInit  stm32f4xx_tim.o
    0x08002348   0x08002348   0x0000005c   Code   RO          219    i.Task_LED          led.o
    0x080023a4   0x080023a4   0x00000008   Code   RO            4    i.Task_Main         main.o
    0x080023ac   0x080023ac   0x00000044   Code   RO            5    i.Task_Start        main.o
    0x080023f0   0x080023f0   0x000000b0   Code   RO         4286    i.__hardfp_fmodf    m_wm.l(fmodf.o)
    0x080024a0   0x080024a0   0x0000016c   Code   RO         4316    i.__hardfp_logf     m_wm.l(logf.o)
    0x0800260c   0x0800260c   0x00000014   Code   RO         4365    i.__mathlib_flt_divzero  m_wm.l(funder.o)
    0x08002620   0x08002620   0x00000006   Code   RO         4366    i.__mathlib_flt_infnan  m_wm.l(funder.o)
    0x08002626   0x08002626   0x00000002   PAD
    0x08002628   0x08002628   0x00000010   Code   RO         4368    i.__mathlib_flt_invalid  m_wm.l(funder.o)
    0x08002638   0x08002638   0x0000000e   Code   RO         4413    i.__scatterload_copy  mc_w.l(handlers.o)
    0x08002646   0x08002646   0x00000002   Code   RO         4414    i.__scatterload_null  mc_w.l(handlers.o)
    0x08002648   0x08002648   0x0000000e   Code   RO         4415    i.__scatterload_zeroinit  mc_w.l(handlers.o)
    0x08002656   0x08002656   0x00000002   PAD
    0x08002658   0x08002658   0x0000000c   Code   RO         4395    i.__set_errno       mc_w.l(errno.o)
    0x08002664   0x08002664   0x00000020   Code   RO         1185    i.buffer_append_int16  buffer.o
    0x08002684   0x08002684   0x00000030   Code   RO          817    i.canProcess        common_can.o
    0x080026b4   0x080026b4   0x0000005c   Code   RO          818    i.canReceive        common_can.o
    0x08002710   0x08002710   0x000000a0   Code   RO          819    i.canSendstatus     common_can.o
    0x080027b0   0x080027b0   0x000000f0   Code   RO          820    i.comm_can_init     common_can.o
    0x080028a0   0x080028a0   0x000002b4   Code   RO         4231    i.conf_general_get_default_mc_configuration  conf_general.o
    0x08002b54   0x08002b54   0x0000060a   Code   RO          504    i.control_current   mcpwm_foc.o
    0x0800315e   0x0800315e   0x00000002   PAD
    0x08003160   0x08003160   0x00000060   Code   RO          505    i.correct_encoder   mcpwm_foc.o
    0x080031c0   0x080031c0   0x0000001c   Code   RO          177    i.delay_ms          delay.o
    0x080031dc   0x080031dc   0x00000098   Code   RO         4167    i.drv8301_init      drv8301.o
    0x08003274   0x08003274   0x0000001a   Code   RO         4168    i.drv8301_read_faults  drv8301.o
    0x0800328e   0x0800328e   0x00000002   PAD
    0x08003290   0x08003290   0x00000058   Code   RO         4169    i.drv8301_read_reg  drv8301.o
    0x080032e8   0x080032e8   0x00000020   Code   RO         4171    i.drv8301_set_oc_adj  drv8301.o
    0x08003308   0x08003308   0x00000022   Code   RO         4172    i.drv8301_set_oc_mode  drv8301.o
    0x0800332a   0x0800332a   0x00000002   PAD
    0x0800332c   0x0800332c   0x00000038   Code   RO         4173    i.drv8301_write_reg  drv8301.o
    0x08003364   0x08003364   0x0000000c   Code   RO          249    i.encoder_index_found  encoder.o
    0x08003370   0x08003370   0x00000094   Code   RO          250    i.encoder_init      encoder.o
    0x08003404   0x08003404   0x0000000c   Code   RO          251    i.encoder_read_deg  encoder.o
    0x08003410   0x08003410   0x000000e0   Code   RO          252    i.encoder_tim_isr   encoder.o
    0x080034f0   0x080034f0   0x00000124   Code   RO         4131    i.hw_init_gpio      hw_60.o
    0x08003614   0x08003614   0x00000138   Code   RO         4132    i.hw_setup_adc_channels  hw_60.o
    0x0800374c   0x0800374c   0x00000010   Code   RO         4318    i.logf              m_wm.l(logf.o)
    0x0800375c   0x0800375c   0x00000040   Code   RO            6    i.main              main.o
    0x0800379c   0x0800379c   0x0000003c   Code   RO          310    i.mc_interface_current_feedforward  mc_interface.o
    0x080037d8   0x080037d8   0x000001cc   Code   RO          311    i.mc_interface_fault_stop  mc_interface.o
    0x080039a4   0x080039a4   0x00000004   Code   RO          316    i.mc_interface_get_pid_pos_now  mc_interface.o
    0x080039a8   0x080039a8   0x00000030   Code   RO          320    i.mc_interface_get_rpm_now  mc_interface.o
    0x080039d8   0x080039d8   0x00000004   Code   RO          322    i.mc_interface_get_tot_current  mc_interface.o
    0x080039dc   0x080039dc   0x000002f4   Code   RO          323    i.mc_interface_init  mc_interface.o
    0x08003cd0   0x08003cd0   0x00000198   Code   RO          324    i.mc_interface_mc_timer_isr  mc_interface.o
    0x08003e68   0x08003e68   0x0000000c   Code   RO          336    i.mc_interface_temp_motor_filtered  mc_interface.o
    0x08003e74   0x08003e74   0x0000000c   Code   RO          506    i.mcpwm_foc_get_abs_motor_current  mcpwm_foc.o
    0x08003e80   0x08003e80   0x0000000c   Code   RO          507    i.mcpwm_foc_get_abs_motor_current_filtered  mcpwm_foc.o
    0x08003e8c   0x08003e8c   0x0000000c   Code   RO          508    i.mcpwm_foc_get_duty_cycle_now  mcpwm_foc.o
    0x08003e98   0x08003e98   0x0000000c   Code   RO          510    i.mcpwm_foc_get_id  mcpwm_foc.o
    0x08003ea4   0x08003ea4   0x0000000c   Code   RO          511    i.mcpwm_foc_get_iq  mcpwm_foc.o
    0x08003eb0   0x08003eb0   0x0000000c   Code   RO          516    i.mcpwm_foc_get_pid_pos_now  mcpwm_foc.o
    0x08003ebc   0x08003ebc   0x00000018   Code   RO          521    i.mcpwm_foc_get_rpm_now  mcpwm_foc.o
    0x08003ed4   0x08003ed4   0x0000000c   Code   RO          523    i.mcpwm_foc_get_state  mcpwm_foc.o
    0x08003ee0   0x08003ee0   0x0000002c   Code   RO          524    i.mcpwm_foc_get_tot_current  mcpwm_foc.o
    0x08003f0c   0x08003f0c   0x0000002c   Code   RO          527    i.mcpwm_foc_get_tot_current_filtered  mcpwm_foc.o
    0x08003f38   0x08003f38   0x0000000c   Code   RO          528    i.mcpwm_foc_get_tot_current_in  mcpwm_foc.o
    0x08003f44   0x08003f44   0x00000488   Code   RO          531    i.mcpwm_foc_init    mcpwm_foc.o
    0x080043cc   0x080043cc   0x0000005c   Code   RO          535    i.mcpwm_foc_set_current  mcpwm_foc.o
    0x08004428   0x08004428   0x00000018   Code   RO          544    i.mcpwm_foc_stop_pwm  mcpwm_foc.o
    0x08004440   0x08004440   0x000009bc   Code   RO          545    i.mcpwm_foc_tim_sample_int_handler  mcpwm_foc.o
    0x08004dfc   0x08004dfc   0x00000024   Code   RO          927    i.nvicEnableVector  sys.o
    0x08004e20   0x08004e20   0x000001f0   Code   RO          546    i.observer_update   mcpwm_foc.o
    0x08005010   0x08005010   0x00000110   Code   RO          547    i.run_pid_control_speed  mcpwm_foc.o
    0x08005120   0x08005120   0x000000d8   Code   RO         4174    i.spi_exchange      drv8301.o
    0x080051f8   0x080051f8   0x00000078   Code   RO          548    i.stop_pwm_hw       mcpwm_foc.o
    0x08005270   0x08005270   0x00000044   Code   RO         1000    i.utils_angle_difference  utils.o
    0x080052b4   0x080052b4   0x00000044   Code   RO         1001    i.utils_angle_difference_rad  utils.o
    0x080052f8   0x080052f8   0x00000084   Code   RO         1007    i.utils_fast_atan2  utils.o
    0x0800537c   0x0800537c   0x00000124   Code   RO         1010    i.utils_fast_sincos_better  utils.o
    0x080054a0   0x080054a0   0x0000001a   Code   RO         1011    i.utils_map         utils.o
    0x080054ba   0x080054ba   0x00000018   Code   RO         1013    i.utils_max_abs     utils.o
    0x080054d2   0x080054d2   0x0000002a   Code   RO         1015    i.utils_middle_of_3_int  utils.o
    0x080054fc   0x080054fc   0x00000038   Code   RO         1017    i.utils_norm_angle  utils.o
    0x08005534   0x08005534   0x0000004c   Code   RO         1018    i.utils_norm_angle_rad  utils.o
    0x08005580   0x08005580   0x0000005c   Code   RO         1019    i.utils_saturate_vector_2d  utils.o
    0x080055dc   0x080055dc   0x0000002c   Code   RO         1023    i.utils_truncate_number  utils.o
    0x08005608   0x08005608   0x00000028   Code   RO         1024    i.utils_truncate_number_abs  utils.o
    0x08005630   0x08005630   0x00000100   Data   RO         3388    .constdata          os_core.o
    0x08005730   0x08005730   0x00000040   Data   RO         4319    .constdata          m_wm.l(logf.o)
    0x08005770   0x08005770   0x00000020   Data   RO         4411    Region$$Table       anon$$obj.o


    Execution Region RW_IRAM1 (Exec base: 0x20000000, Load base: 0x08005790, Size: 0x00004820, Max: 0x00020000, ABSOLUTE, COMPRESSED[0x00000014])

    Exec Addr    Load Addr    Size         Type   Attr      Idx    E Section Name        Object

    0x20000000   COMPRESSED   0x00000008   Data   RW          253    .data               encoder.o
    0x20000008   COMPRESSED   0x0000006c   Data   RW          339    .data               mc_interface.o
    0x20000074   COMPRESSED   0x000000c0   Data   RW          550    .data               mcpwm_foc.o
    0x20000134   COMPRESSED   0x00000002   Data   RW          823    .data               common_can.o
    0x20000136   COMPRESSED   0x00000010   Data   RW         1815    .data               stm32f4xx_rcc.o
    0x20000146   COMPRESSED   0x00000002   PAD
    0x20000148   COMPRESSED   0x0000003c   Data   RW         3389    .data               os_core.o
    0x20000184   COMPRESSED   0x00000004   Data   RW         3390    .data               os_core.o
    0x20000188   COMPRESSED   0x00000004   Data   RW         3391    .data               os_core.o
    0x2000018c   COMPRESSED   0x00000004   Data   RW         3392    .data               os_core.o
    0x20000190   COMPRESSED   0x00000004   Data   RW         4025    .data               os_cpu_c.o
    0x20000194   COMPRESSED   0x00000004   Data   RW         4396    .data               mc_w.l(errno.o)
    0x20000198        -       0x00001c00   Zero   RW            7    .bss                main.o
    0x20001d98        -       0x00000660   Zero   RW          337    .bss                mc_interface.o
    0x200023f8        -       0x0000000c   Zero   RW          338    .bss                mc_interface.o
    0x20002404        -       0x00000060   Zero   RW          549    .bss                mcpwm_foc.o
    0x20002464        -       0x00000410   Zero   RW          822    .bss                common_can.o
    0x20002874        -       0x00001a84   Zero   RW         3384    .bss                os_core.o
    0x200042f8        -       0x00000050   Zero   RW         3385    .bss                os_core.o
    0x20004348        -       0x00000078   Zero   RW         3386    .bss                os_core.o
    0x200043c0        -       0x00000060   Zero   RW         3387    .bss                os_core.o
    0x20004420        -       0x00000400   Zero   RW         3355    STACK               startup_stm32f4xx.o


==============================================================================

Image component sizes


      Code (inc. data)   RO Data    RW Data    ZI Data      Debug   Object Name

        32          0          0          0          0       1450   buffer.o
       676         72          0          2       1040       5834   common_can.o
       692        164          0          0          0       1356   conf_general.o
        28          0          0          0          0        475   delay.o
       604         24          0          0          0       5662   drv8301.o
       436         48          0          8          0       5352   encoder.o
       604         24          0          0          0       1203   hw_60.o
        92          6          0          0          0        934   led.o
       140         26          0          0       7168     300718   main.o
      1752        118          0        108       1644       7877   mc_interface.o
      6986        462          0        192         96      30733   mcpwm_foc.o
      1518        182        256         72       7084      17661   os_core.o
       176         32          0          0          0        304   os_cpu_a.o
       466         16          0          4          0      44866   os_cpu_c.o
        80         14          0          0          0        610   os_flag.o
        76         14          0          0          0        553   os_mem.o
        64          8          0          0          0        631   os_q.o
       708         64          0          0          0       5552   os_task.o
       108         20          0          0          0       1084   os_time.o
        36          8        392          0       1024        832   startup_stm32f4xx.o
       434         20          0          0          0       6418   stm32f4xx_adc.o
      1290         28          0          0          0       8390   stm32f4xx_can.o
       326         42          0          0          0       4850   stm32f4xx_dma.o
        32          0          0          0          0       3040   stm32f4xx_gpio.o
       284         50          0         16          0       6289   stm32f4xx_rcc.o
      1476          8          0          0          0      19966   stm32f4xx_tim.o
       234          0          0          0          0       2573   sys.o
       276         38          0          0          0       1281   system_stm32f4xx.o
       960        100          0          0          0       9205   utils.o

    ----------------------------------------------------------------------
     20612       1588        680        404      18056     495699   Object Totals
         0          0         32          0          0          0   (incl. Generated)
        26          0          0          2          0          0   (incl. Padding)

    ----------------------------------------------------------------------

      Code (inc. data)   RO Data    RW Data    ZI Data      Debug   Library Member Name

       176          0          0          0          0        168   fmodf.o
        42         12          0          0          0        348   funder.o
       380         44         64          0          0        264   logf.o
        58          0          0          0          0          0   __dczerorl.o
         0          0          0          0          0          0   entry.o
         0          0          0          0          0          0   entry10a.o
         0          0          0          0          0          0   entry11a.o
         8          4          0          0          0          0   entry2.o
         4          0          0          0          0          0   entry5.o
         0          0          0          0          0          0   entry7b.o
         0          0          0          0          0          0   entry8b.o
         8          4          0          0          0          0   entry9a.o
        12          6          0          4          0         68   errno.o
        30          0          0          0          0          0   handlers.o
        36          8          0          0          0         68   init.o
         0          0          0          0          0          0   iusefp.o
        36          0          0          0          0         68   memcpya.o
        36          0          0          0          0        108   memseta.o
        38          0          0          0          0         68   f2d.o
       110          0          0          0          0        168   fepilogue.o
        82          0          0          0          0         96   frem.o

    ----------------------------------------------------------------------
      1060         78         64          4          0       1424   Library Totals
         4          0          0          0          0          0   (incl. Padding)

    ----------------------------------------------------------------------

      Code (inc. data)   RO Data    RW Data    ZI Data      Debug   Library Name

       598         56         64          0          0        780   m_wm.l
       228         22          0          4          0        312   mc_w.l
       230          0          0          0          0        332   mf_w.l

    ----------------------------------------------------------------------
      1060         78         64          4          0       1424   Library Totals

    ----------------------------------------------------------------------

==============================================================================


      Code (inc. data)   RO Data    RW Data    ZI Data      Debug   

     21672       1666        744        408      18056     482051   Grand Totals
     21672       1666        744         20      18056     482051   ELF Image Totals (compressed)
     21672       1666        744         20          0          0   ROM Totals

==============================================================================

    Total RO  Size (Code + RO Data)                22416 (  21.89kB)
    Total RW  Size (RW Data + ZI Data)             18464 (  18.03kB)
    Total ROM Size (Code + RO Data + RW Data)      22436 (  21.91kB)

==============================================================================

